Archive member included to satisfy reference by file (symbol)

C:/ST/STM32CubeIDE_1.16.1/STM32CubeIDE/plugins/com.st.stm32cube.ide.mcu.externaltools.gnu-tools-for-stm32.12.3.rel1.win32_1.0.200.202406191623/tools/bin/../lib/gcc/arm-none-eabi/12.3.1/../../../../arm-none-eabi/lib/thumb/v7-m/nofp\libc_nano.a(libc_a-exit.o)
                              C:/ST/STM32CubeIDE_1.16.1/STM32CubeIDE/plugins/com.st.stm32cube.ide.mcu.externaltools.gnu-tools-for-stm32.12.3.rel1.win32_1.0.200.202406191623/tools/bin/../lib/gcc/arm-none-eabi/12.3.1/../../../../arm-none-eabi/lib/thumb/v7-m/nofp/crt0.o (exit)
C:/ST/STM32CubeIDE_1.16.1/STM32CubeIDE/plugins/com.st.stm32cube.ide.mcu.externaltools.gnu-tools-for-stm32.12.3.rel1.win32_1.0.200.202406191623/tools/bin/../lib/gcc/arm-none-eabi/12.3.1/../../../../arm-none-eabi/lib/thumb/v7-m/nofp\libc_nano.a(libc_a-nano-vfprintf_float.o)
                              (_printf_float)
C:/ST/STM32CubeIDE_1.16.1/STM32CubeIDE/plugins/com.st.stm32cube.ide.mcu.externaltools.gnu-tools-for-stm32.12.3.rel1.win32_1.0.200.202406191623/tools/bin/../lib/gcc/arm-none-eabi/12.3.1/../../../../arm-none-eabi/lib/thumb/v7-m/nofp\libc_nano.a(libc_a-nano-vfprintf_i.o)
                              C:/ST/STM32CubeIDE_1.16.1/STM32CubeIDE/plugins/com.st.stm32cube.ide.mcu.externaltools.gnu-tools-for-stm32.12.3.rel1.win32_1.0.200.202406191623/tools/bin/../lib/gcc/arm-none-eabi/12.3.1/../../../../arm-none-eabi/lib/thumb/v7-m/nofp\libc_nano.a(libc_a-nano-vfprintf_float.o) (_printf_common)
C:/ST/STM32CubeIDE_1.16.1/STM32CubeIDE/plugins/com.st.stm32cube.ide.mcu.externaltools.gnu-tools-for-stm32.12.3.rel1.win32_1.0.200.202406191623/tools/bin/../lib/gcc/arm-none-eabi/12.3.1/../../../../arm-none-eabi/lib/thumb/v7-m/nofp\libc_nano.a(libc_a-findfp.o)
                              C:/ST/STM32CubeIDE_1.16.1/STM32CubeIDE/plugins/com.st.stm32cube.ide.mcu.externaltools.gnu-tools-for-stm32.12.3.rel1.win32_1.0.200.202406191623/tools/bin/../lib/gcc/arm-none-eabi/12.3.1/../../../../arm-none-eabi/lib/thumb/v7-m/nofp\libc_nano.a(libc_a-exit.o) (__stdio_exit_handler)
C:/ST/STM32CubeIDE_1.16.1/STM32CubeIDE/plugins/com.st.stm32cube.ide.mcu.externaltools.gnu-tools-for-stm32.12.3.rel1.win32_1.0.200.202406191623/tools/bin/../lib/gcc/arm-none-eabi/12.3.1/../../../../arm-none-eabi/lib/thumb/v7-m/nofp\libc_nano.a(libc_a-fwalk.o)
                              C:/ST/STM32CubeIDE_1.16.1/STM32CubeIDE/plugins/com.st.stm32cube.ide.mcu.externaltools.gnu-tools-for-stm32.12.3.rel1.win32_1.0.200.202406191623/tools/bin/../lib/gcc/arm-none-eabi/12.3.1/../../../../arm-none-eabi/lib/thumb/v7-m/nofp\libc_nano.a(libc_a-findfp.o) (_fwalk_sglue)
C:/ST/STM32CubeIDE_1.16.1/STM32CubeIDE/plugins/com.st.stm32cube.ide.mcu.externaltools.gnu-tools-for-stm32.12.3.rel1.win32_1.0.200.202406191623/tools/bin/../lib/gcc/arm-none-eabi/12.3.1/../../../../arm-none-eabi/lib/thumb/v7-m/nofp\libc_nano.a(libc_a-sprintf.o)
                              ./APP/CMDLine/app_command.o (sprintf)
C:/ST/STM32CubeIDE_1.16.1/STM32CubeIDE/plugins/com.st.stm32cube.ide.mcu.externaltools.gnu-tools-for-stm32.12.3.rel1.win32_1.0.200.202406191623/tools/bin/../lib/gcc/arm-none-eabi/12.3.1/../../../../arm-none-eabi/lib/thumb/v7-m/nofp\libc_nano.a(libc_a-stdio.o)
                              C:/ST/STM32CubeIDE_1.16.1/STM32CubeIDE/plugins/com.st.stm32cube.ide.mcu.externaltools.gnu-tools-for-stm32.12.3.rel1.win32_1.0.200.202406191623/tools/bin/../lib/gcc/arm-none-eabi/12.3.1/../../../../arm-none-eabi/lib/thumb/v7-m/nofp\libc_nano.a(libc_a-findfp.o) (__sread)
C:/ST/STM32CubeIDE_1.16.1/STM32CubeIDE/plugins/com.st.stm32cube.ide.mcu.externaltools.gnu-tools-for-stm32.12.3.rel1.win32_1.0.200.202406191623/tools/bin/../lib/gcc/arm-none-eabi/12.3.1/../../../../arm-none-eabi/lib/thumb/v7-m/nofp\libc_nano.a(libc_a-memset.o)
                              C:/ST/STM32CubeIDE_1.16.1/STM32CubeIDE/plugins/com.st.stm32cube.ide.mcu.externaltools.gnu-tools-for-stm32.12.3.rel1.win32_1.0.200.202406191623/tools/bin/../lib/gcc/arm-none-eabi/12.3.1/../../../../arm-none-eabi/lib/thumb/v7-m/nofp/crt0.o (memset)
C:/ST/STM32CubeIDE_1.16.1/STM32CubeIDE/plugins/com.st.stm32cube.ide.mcu.externaltools.gnu-tools-for-stm32.12.3.rel1.win32_1.0.200.202406191623/tools/bin/../lib/gcc/arm-none-eabi/12.3.1/../../../../arm-none-eabi/lib/thumb/v7-m/nofp\libc_nano.a(libc_a-localeconv.o)
                              C:/ST/STM32CubeIDE_1.16.1/STM32CubeIDE/plugins/com.st.stm32cube.ide.mcu.externaltools.gnu-tools-for-stm32.12.3.rel1.win32_1.0.200.202406191623/tools/bin/../lib/gcc/arm-none-eabi/12.3.1/../../../../arm-none-eabi/lib/thumb/v7-m/nofp\libc_nano.a(libc_a-nano-vfprintf_float.o) (_localeconv_r)
C:/ST/STM32CubeIDE_1.16.1/STM32CubeIDE/plugins/com.st.stm32cube.ide.mcu.externaltools.gnu-tools-for-stm32.12.3.rel1.win32_1.0.200.202406191623/tools/bin/../lib/gcc/arm-none-eabi/12.3.1/../../../../arm-none-eabi/lib/thumb/v7-m/nofp\libc_nano.a(libc_a-closer.o)
[...]
Memory Configuration

Name             Origin             Length             Attributes
RAM              0x20000000         0x00005000         xrw
FLASH            0x08000000         0x00010000         xr
*default*        0x00000000         0xffffffff

Linker script and memory map

LOAD C:/ST/STM32CubeIDE_1.16.1/STM32CubeIDE/plugins/com.st.stm32cube.ide.mcu.externaltools.gnu-tools-for-stm32.12.3.rel1.win32_1.0.200.202406191623/tools/bin/../lib/gcc/arm-none-eabi/12.3.1/thumb/v7-m/nofp/crti.o
LOAD C:/ST/STM32CubeIDE_1.16.1/STM32CubeIDE/plugins/com.st.stm32cube.ide.mcu.externaltools.gnu-tools-for-stm32.12.3.rel1.win32_1.0.200.202406191623/tools/bin/../lib/gcc/arm-none-eabi/12.3.1/thumb/v7-m/nofp/crtbegin.o
LOAD C:/ST/STM32CubeIDE_1.16.1/STM32CubeIDE/plugins/com.st.stm32cube.ide.mcu.externaltools.gnu-tools-for-stm32.12.3.rel1.win32_1.0.200.202406191623/tools/bin/../lib/gcc/arm-none-eabi/12.3.1/../../../../arm-none-eabi/lib/thumb/v7-m/nofp/crt0.o
LOAD ./APP/CMDLine/app_cmdline.o
LOAD ./APP/CMDLine/app_command.o
LOAD ./APP/Calculator_PF/app_calculator_PF.o
LOAD ./APP/Data/app_data.o
LOAD ./APP/Data_Trans_Rec/app_data_trans_rec.o
LOAD ./APP/Led_7_Seg/app_led_7seg.o
LOAD ./APP/Read_Peek_Voltage_Current/app_read_data.o
LOAD ./APP/Status_Led/app_status_led.o
LOAD ./BSP/ADC/adc.o
LOAD ./BSP/DMA/dma.o
LOAD ./BSP/SYSTICK/systick.o
LOAD ./BSP/UART/uart.o
LOAD ./Core/Src/main.o
LOAD ./Core/Src/stm32f1xx_it.o
LOAD ./Core/Src/syscalls.o
LOAD ./Core/Src/sysmem.o
LOAD ./Core/Src/system_stm32f1xx.o
LOAD ./Core/Startup/startup_stm32f103c8tx.o
LOAD ./Drivers/STM32F1xx_HAL_Driver/Src/stm32f1xx_ll_adc.o
LOAD ./Drivers/STM32F1xx_HAL_Driver/Src/stm32f1xx_ll_dma.o
LOAD ./Drivers/STM32F1xx_HAL_Driver/Src/stm32f1xx_ll_exti.o
LOAD ./Drivers/STM32F1xx_HAL_Driver/Src/stm32f1xx_ll_gpio.o
LOAD ./Drivers/STM32F1xx_HAL_Driver/Src/stm32f1xx_ll_pwr.o
LOAD ./Drivers/STM32F1xx_HAL_Driver/Src/stm32f1xx_ll_rcc.o
LOAD ./Drivers/STM32F1xx_HAL_Driver/Src/stm32f1xx_ll_tim.o
LOAD ./Drivers/STM32F1xx_HAL_Driver/Src/stm32f1xx_ll_usart.o
LOAD ./Drivers/STM32F1xx_HAL_Driver/Src/stm32f1xx_ll_utils.o
LOAD ./Middleware/Ring_Buffer/ring_buffer.o
LOAD ./Scheduler/scheduler.o
START GROUP
LOAD C:/ST/STM32CubeIDE_1.16.1/STM32CubeIDE/plugins/com.st.stm32cube.ide.mcu.externaltools.gnu-tools-for-stm32.12.3.rel1.win32_1.0.200.202406191623/tools/bin/../lib/gcc/arm-none-eabi/12.3.1/../../../../arm-none-eabi/lib/thumb/v7-m/nofp\libc_nano.a
LOAD C:/ST/STM32CubeIDE_1.16.1/STM32CubeIDE/plugins/com.st.stm32cube.ide.mcu.externaltools.gnu-tools-for-stm32.12.3.rel1.win32_1.0.200.202406191623/tools/bin/../lib/gcc/arm-none-eabi/12.3.1/../../../../arm-none-eabi/lib/thumb/v7-m/nofp\libm.a
END GROUP
START GROUP
LOAD C:/ST/STM32CubeIDE_1.16.1/STM32CubeIDE/plugins/com.st.stm32cube.ide.mcu.externaltools.gnu-tools-for-stm32.12.3.rel1.win32_1.0.200.202406191623/tools/bin/../lib/gcc/arm-none-eabi/12.3.1/thumb/v7-m/nofp\libgcc.a
LOAD C:/ST/STM32CubeIDE_1.16.1/STM32CubeIDE/plugins/com.st.stm32cube.ide.mcu.externaltools.gnu-tools-for-stm32.12.3.rel1.win32_1.0.200.202406191623/tools/bin/../lib/gcc/arm-none-eabi/12.3.1/../../../../arm-none-eabi/lib/thumb/v7-m/nofp\libc_nano.a
END GROUP
START GROUP
LOAD C:/ST/STM32CubeIDE_1.16.1/STM32CubeIDE/plugins/com.st.stm32cube.ide.mcu.externaltools.gnu-tools-for-stm32.12.3.rel1.win32_1.0.200.202406191623/tools/bin/../lib/gcc/arm-none-eabi/12.3.1/thumb/v7-m/nofp\libgcc.a
LOAD C:/ST/STM32CubeIDE_1.16.1/STM32CubeIDE/plugins/com.st.stm32cube.ide.mcu.externaltools.gnu-tools-for-stm32.12.3.rel1.win32_1.0.200.202406191623/tools/bin/../lib/gcc/arm-none-eabi/12.3.1/../../../../arm-none-eabi/lib/thumb/v7-m/nofp\libc_nano.a
LOAD C:/ST/STM32CubeIDE_1.16.1/STM32CubeIDE/plugins/com.st.stm32cube.ide.mcu.externaltools.gnu-tools-for-stm32.12.3.rel1.win32_1.0.200.202406191623/tools/bin/../lib/gcc/arm-none-eabi/12.3.1/../../../../arm-none-eabi/lib/thumb/v7-m/nofp\libnosys.a
END GROUP
START GROUP
LOAD C:/ST/STM32CubeIDE_1.16.1/STM32CubeIDE/plugins/com.st.stm32cube.ide.mcu.externaltools.gnu-tools-for-stm32.12.3.rel1.win32_1.0.200.202406191623/tools/bin/../lib/gcc/arm-none-eabi/12.3.1/thumb/v7-m/nofp\libgcc.a
LOAD C:/ST/STM32CubeIDE_1.16.1/STM32CubeIDE/plugins/com.st.stm32cube.ide.mcu.externaltools.gnu-tools-for-stm32.12.3.rel1.win32_1.0.200.202406191623/tools/bin/../lib/gcc/arm-none-eabi/12.3.1/../../../../arm-none-eabi/lib/thumb/v7-m/nofp\libc_nano.a
LOAD C:/ST/STM32CubeIDE_1.16.1/STM32CubeIDE/plugins/com.st.stm32cube.ide.mcu.externaltools.gnu-tools-for-stm32.12.3.rel1.win32_1.0.200.202406191623/tools/bin/../lib/gcc/arm-none-eabi/12.3.1/../../../../arm-none-eabi/lib/thumb/v7-m/nofp\libnosys.a
END GROUP
LOAD C:/ST/STM32CubeIDE_1.16.1/STM32CubeIDE/plugins/com.st.stm32cube.ide.mcu.externaltools.gnu-tools-for-stm32.12.3.rel1.win32_1.0.200.202406191623/tools/bin/../lib/gcc/arm-none-eabi/12.3.1/thumb/v7-m/nofp/crtend.o
LOAD C:/ST/STM32CubeIDE_1.16.1/STM32CubeIDE/plugins/com.st.stm32cube.ide.mcu.externaltools.gnu-tools-for-stm32.12.3.rel1.win32_1.0.200.202406191623/tools/bin/../lib/gcc/arm-none-eabi/12.3.1/thumb/v7-m/nofp/crtn.o
                0x20005000                        _estack = (ORIGIN (RAM) + LENGTH (RAM))
                0x00000200                        _Min_Heap_Size = 0x200
                0x00000400                        _Min_Stack_Size = 0x400

.isr_vector     0x08000000      0x10c
                0x08000000                        . = ALIGN (0x4)
 *(.isr_vector)
 .isr_vector    0x08000000      0x10c ./Core/Startup/startup_stm32f103c8tx.o
                0x08000000                g_pfnVectors
                0x0800010c                        . = ALIGN (0x4)

.text           0x08000110     0x813c
                0x08000110                        . = ALIGN (0x4)
 *(.text)
 .text          0x08000110       0x40 C:/ST/STM32CubeIDE_1.16.1/STM32CubeIDE/plugins/com.st.stm32cube.ide.mcu.externaltools.gnu-tools-for-stm32.12.3.rel1.win32_1.0.200.202406191623/tools/bin/../lib/gcc/arm-none-eabi/12.3.1/thumb/v7-m/nofp/crtbegin.o
 .text          0x08000150       0x14 C:/ST/STM32CubeIDE_1.16.1/STM32CubeIDE/plugins/com.st.stm32cube.ide.mcu.externaltools.gnu-tools-for-stm32.12.3.rel1.win32_1.0.200.202406191623/tools/bin/../lib/gcc/arm-none-eabi/12.3.1/../../../../arm-none-eabi/lib/thumb/v7-m/nofp\libc_nano.a(libc_a-strcmp.o)
                0x08000150                strcmp
 .text          0x08000164       0x10 C:/ST/STM32CubeIDE_1.16.1/STM32CubeIDE/plugins/com.st.stm32cube.ide.mcu.externaltools.gnu-tools-for-stm32.12.3.rel1.win32_1.0.200.202406191623/tools/bin/../lib/gcc/arm-none-eabi/12.3.1/../../../../arm-none-eabi/lib/thumb/v7-m/nofp\libc_nano.a(libc_a-strlen.o)
                0x08000164                strlen
 .text          0x08000174      0x378 C:/ST/STM32CubeIDE_1.16.1/STM32CubeIDE/plugins/com.st.stm32cube.ide.mcu.externaltools.gnu-tools-for-stm32.12.3.rel1.win32_1.0.200.202406191623/tools/bin/../lib/gcc/arm-none-eabi/12.3.1/thumb/v7-m/nofp\libgcc.a(_arm_addsubdf3.o)
                0x08000174                __aeabi_drsub
                0x0800017c                __aeabi_dsub
                0x0800017c                __subdf3
                0x08000180                __aeabi_dadd
                0x08000180                __adddf3
                0x080003f8                __floatunsidf
                0x080003f8                __aeabi_ui2d
                0x08000418                __floatsidf
                0x08000418                __aeabi_i2d
                0x0800043c                __aeabi_f2d
                0x0800043c                __extendsfdf2
                0x08000480                __floatundidf
                0x08000480                __aeabi_ul2d
                0x08000490                __floatdidf
                0x08000490                __aeabi_l2d
 .text          0x080004ec      0x424 C:/ST/STM32CubeIDE_1.16.1/STM32CubeIDE/plugins/com.st.stm32cube.ide.mcu.externaltools.gnu-tools-for-stm32.12.3.rel1.win32_1.0.200.202406191623/tools/bin/../lib/gcc/arm-none-eabi/12.3.1/thumb/v7-m/nofp\libgcc.a(_arm_muldivdf3.o)
                0x080004ec                __aeabi_dmul
                0x080004ec                __muldf3
                0x08000740                __divdf3
                0x08000740                __aeabi_ddiv
 .text          0x08000910      0x110 C:/ST/STM32CubeIDE_1.16.1/STM32CubeIDE/plugins/com.st.stm32cube.ide.mcu.externaltools.gnu-tools-for-stm32.12.3.rel1.win32_1.0.200.202406191623/tools/bin/../lib/gcc/arm-none-eabi/12.3.1/thumb/v7-m/nofp\libgcc.a(_arm_cmpdf2.o)
                0x08000910                __gtdf2
                0x08000910                __gedf2
                0x08000918                __ltdf2
                0x08000918                __ledf2
                0x08000920                __nedf2
                0x08000920                __eqdf2
                0x08000920                __cmpdf2
                0x0800099c                __aeabi_cdrcmple
                0x080009ac                __aeabi_cdcmpeq
                0x080009ac                __aeabi_cdcmple
                0x080009bc                __aeabi_dcmpeq
                0x080009d0                __aeabi_dcmplt
                0x080009e4                __aeabi_dcmple
                0x080009f8                __aeabi_dcmpge
                0x08000a0c                __aeabi_dcmpgt
 .text          0x08000a20       0x2c C:/ST/STM32CubeIDE_1.16.1/STM32CubeIDE/plugins/com.st.stm32cube.ide.mcu.externaltools.gnu-tools-for-stm32.12.3.rel1.win32_1.0.200.202406191623/tools/bin/../lib/gcc/arm-none-eabi/12.3.1/thumb/v7-m/nofp\libgcc.a(_arm_unorddf2.o)
                0x08000a20                __unorddf2
                0x08000a20                __aeabi_dcmpun
 .text          0x08000a4c       0x50 C:/ST/STM32CubeIDE_1.16.1/STM32CubeIDE/plugins/com.st.stm32cube.ide.mcu.externaltools.gnu-tools-for-stm32.12.3.rel1.win32_1.0.200.202406191623/tools/bin/../lib/gcc/arm-none-eabi/12.3.1/thumb/v7-m/nofp\libgcc.a(_arm_fixdfsi.o)
                0x08000a4c                __aeabi_d2iz
                0x08000a4c                __fixdfsi
 .text          0x08000a9c       0xa0 C:/ST/STM32CubeIDE_1.16.1/STM32CubeIDE/plugins/com.st.stm32cube.ide.mcu.externaltools.gnu-tools-for-stm32.12.3.rel1.win32_1.0.200.202406191623/tools/bin/../lib/gcc/arm-none-eabi/12.3.1/thumb/v7-m/nofp\libgcc.a(_arm_truncdfsf2.o)
                0x08000a9c                __truncdfsf2
                0x08000a9c                __aeabi_d2f
 .text          0x08000b3c      0x21c C:/ST/STM32CubeIDE_1.16.1/STM32CubeIDE/plugins/com.st.stm32cube.ide.mcu.externaltools.gnu-tools-for-stm32.12.3.rel1.win32_1.0.200.202406191623/tools/bin/../lib/gcc/arm-none-eabi/12.3.1/thumb/v7-m/nofp\libgcc.a(_arm_addsubsf3.o)
                0x08000b3c                __aeabi_frsub
                0x08000b44                __subsf3
                0x08000b44                __aeabi_fsub
                0x08000b48                __aeabi_fadd
                0x08000b48                __addsf3
                0x08000ca8                __aeabi_ui2f
                0x08000ca8                __floatunsisf
                0x08000cb0                __aeabi_i2f
                0x08000cb0                __floatsisf
                0x08000ccc                __aeabi_ul2f
                0x08000ccc                __floatundisf
                0x08000cdc                __aeabi_l2f
                0x08000cdc                __floatdisf
 .text          0x08000d58      0x2a0 C:/ST/STM32CubeIDE_1.16.1/STM32CubeIDE/plugins/com.st.stm32cube.ide.mcu.externaltools.gnu-tools-for-stm32.12.3.rel1.win32_1.0.200.202406191623/tools/bin/../lib/gcc/arm-none-eabi/12.3.1/thumb/v7-m/nofp\libgcc.a(_arm_muldivsf3.o)
                0x08000d58                __mulsf3
                0x08000d58                __aeabi_fmul
                0x08000ec0                __aeabi_fdiv
                0x08000ec0                __divsf3
 .text          0x08000ff8       0xec C:/ST/STM32CubeIDE_1.16.1/STM32CubeIDE/plugins/com.st.stm32cube.ide.mcu.externaltools.gnu-tools-for-stm32.12.3.rel1.win32_1.0.200.202406191623/tools/bin/../lib/gcc/arm-none-eabi/12.3.1/thumb/v7-m/nofp\libgcc.a(_arm_cmpsf2.o)
                0x08000ff8                __gesf2
                0x08000ff8                __gtsf2
                0x08001000                __lesf2
                0x08001000                __ltsf2
                0x08001008                __nesf2
                0x08001008                __eqsf2
                0x08001008                __cmpsf2
                0x08001068                __aeabi_cfrcmple
                0x08001070                __aeabi_cfcmpeq
                0x08001070                __aeabi_cfcmple
                0x08001080                __aeabi_fcmpeq
                0x08001094                __aeabi_fcmplt
                0x080010a8                __aeabi_fcmple
                0x080010bc                __aeabi_fcmpge
                0x080010d0                __aeabi_fcmpgt
 .text          0x080010e4       0x40 C:/ST/STM32CubeIDE_1.16.1/STM32CubeIDE/plugins/com.st.stm32cube.ide.mcu.externaltools.gnu-tools-for-stm32.12.3.rel1.win32_1.0.200.202406191623/tools/bin/../lib/gcc/arm-none-eabi/12.3.1/thumb/v7-m/nofp\libgcc.a(_arm_fixunssfsi.o)
                0x080010e4                __fixunssfsi
                0x080010e4                __aeabi_f2uiz
 *(.text*)
 .text.CmdLineProcess
                0x08001124       0xb4 ./APP/CMDLine/app_cmdline.o
                0x08001124                CmdLineProcess
 .text.APP_COMMAND_Init
                0x080011d8       0x44 ./APP/CMDLine/app_command.o
                0x080011d8                APP_COMMAND_Init
 .text.APP_COMMAND_CreateTask
                0x0800121c       0x18 ./APP/CMDLine/app_command.o
                0x0800121c                APP_COMMAND_CreateTask
 .text.APP_COMMAND_Help
                0x08001234       0x80 ./APP/CMDLine/app_command.o
                0x08001234                APP_COMMAND_Help
 .text.APP_COMMAND_ReadVoltage
                0x080012b4       0x60 ./APP/CMDLine/app_command.o
                0x080012b4                APP_COMMAND_ReadVoltage
 .text.APP_COMMAND_ReadCurrent
                0x08001314       0x60 ./APP/CMDLine/app_command.o
                0x08001314                APP_COMMAND_ReadCurrent
 .text.APP_COMMAND_ReadPF
                0x08001374       0x60 ./APP/CMDLine/app_command.o
                0x08001374                APP_COMMAND_ReadPF
 .text.APP_COMMAND_TaskUpdate
                0x080013d4      0x100 ./APP/CMDLine/app_command.o
 .text.LL_EXTI_IsActiveFlag_0_31
                0x080014d4       0x2c ./APP/Calculator_PF/app_calculator_PF.o
 .text.LL_EXTI_ClearFlag_0_31
                0x08001500       0x1c ./APP/Calculator_PF/app_calculator_PF.o
 .text.LL_TIM_EnableCounter
                0x0800151c       0x1e ./APP/Calculator_PF/app_calculator_PF.o
 .text.LL_TIM_DisableCounter
                0x0800153a       0x1e ./APP/Calculator_PF/app_calculator_PF.o
 .text.LL_TIM_IsEnabledCounter
                0x08001558       0x24 ./APP/Calculator_PF/app_calculator_PF.o
 .text.LL_TIM_SetCounter
                0x0800157c       0x1a ./APP/Calculator_PF/app_calculator_PF.o
 .text.LL_TIM_GetCounter
                0x08001596       0x16 ./APP/Calculator_PF/app_calculator_PF.o
 .text.APP_CALCULATOR_PF_CreateTask
                0x080015ac       0x18 ./APP/Calculator_PF/app_calculator_PF.o
                0x080015ac                APP_CALCULATOR_PF_CreateTask
 .text.APP_CALCULATOR_PF_Init
                0x080015c4       0x40 ./APP/Calculator_PF/app_calculator_PF.o
                0x080015c4                APP_CALCULATOR_PF_Init
 .text.APP_CALCULATOR_PF_EXTI_IRQHandler
                0x08001604      0x118 ./APP/Calculator_PF/app_calculator_PF.o
                0x08001604                APP_CALCULATOR_PF_EXTI_IRQHandler
 .text.APP_CALCULATOR_PF_TaskUpdate
                0x0800171c       0xd4 ./APP/Calculator_PF/app_calculator_PF.o
 .text.APP_DATA_TRANS_REC_CreateTask
                0x080017f0       0x18 ./APP/Data_Trans_Rec/app_data_trans_rec.o
                0x080017f0                APP_DATA_TRANS_REC_CreateTask
 .text.APP_DATA_TRANS_REC_Init
                0x08001808       0x84 ./APP/Data_Trans_Rec/app_data_trans_rec.o
                0x08001808                APP_DATA_TRANS_REC_Init
 .text.APP_DATA_TRANS_REC_TaskUpdate
                0x0800188c      0x240 ./APP/Data_Trans_Rec/app_data_trans_rec.o
 .text.BSP_GPIO_SetState
                0x08001acc       0x2e ./APP/Led_7_Seg/app_led_7seg.o
 *fill*         0x08001afa        0x2 
 .text.APP_LED_7_SEG_Init
                0x08001afc       0xf4 ./APP/Led_7_Seg/app_led_7seg.o
                0x08001afc                APP_LED_7_SEG_Init
 .text.APP_LED_7_SEG_CreateTask
                0x08001bf0       0x18 ./APP/Led_7_Seg/app_led_7seg.o
                0x08001bf0                APP_LED_7_SEG_CreateTask
 .text.APP_LED_7SEG_TaskUpdate
                0x08001c08      0x418 ./APP/Led_7_Seg/app_led_7seg.o
 .text.APP_LED_7SEG_DisplayLed
                0x08002020       0x60 ./APP/Led_7_Seg/app_led_7seg.o
 .text.APP_LED_7SEG_ScanLed
                0x08002080       0x74 ./APP/Led_7_Seg/app_led_7seg.o
 .text.APP_LED_7_SEG_Pow
                0x080020f4       0x3e ./APP/Led_7_Seg/app_led_7seg.o
 *fill*         0x08002132        0x2 
 .text.ACS712_VoltageConverterCurrent
                0x08002134       0x2c ./APP/Read_Peek_Voltage_Current/app_read_data.o
 .text.APP_READ_DATA_CreateTask
                0x08002160       0x18 ./APP/Read_Peek_Voltage_Current/app_read_data.o
                0x08002160                APP_READ_DATA_CreateTask
 .text.APP_READ_DATA_Init
                0x08002178       0x48 ./APP/Read_Peek_Voltage_Current/app_read_data.o
                0x08002178                APP_READ_DATA_Init
 .text.APP_READ_DATA_HandleDMA_IRQ
                0x080021c0       0xa8 ./APP/Read_Peek_Voltage_Current/app_read_data.o
                0x080021c0                APP_READ_DATA_HandleDMA_IRQ
 .text.APP_READ_DATA_TaskUpdate
                0x08002268      0x170 ./APP/Read_Peek_Voltage_Current/app_read_data.o
 .text.APP_READ_DATA_ConvertVoltage
                0x080023d8       0x7c ./APP/Read_Peek_Voltage_Current/app_read_data.o
 .text.APP_READ_DATA_ConvertCurrent
                0x08002454       0x4c ./APP/Read_Peek_Voltage_Current/app_read_data.o
 .text.LL_GPIO_ResetOutputPin
                0x080024a0       0x1e ./APP/Status_Led/app_status_led.o
 .text.BSP_GPIO_Toggle
                0x080024be       0x38 ./APP/Status_Led/app_status_led.o
 *fill*         0x080024f6        0x2 
 .text.APP_STATUS_LED_Init
                0x080024f8       0x30 ./APP/Status_Led/app_status_led.o
                0x080024f8                APP_STATUS_LED_Init
 .text.APP_STATUS_LED_CreateTimer
                0x08002528       0x28 ./APP/Status_Led/app_status_led.o
                0x08002528                APP_STATUS_LED_CreateTimer
 .text.APP_STATUS_LED_CreateTask
                0x08002550       0x18 ./APP/Status_Led/app_status_led.o
                0x08002550                APP_STATUS_LED_CreateTask
 .text.APP_STATUS_LED_TaskUpdate
                0x08002568       0x60 ./APP/Status_Led/app_status_led.o
 .text.APP_STATUS_LED_100MS_TimerUpdate
                0x080025c8       0x18 ./APP/Status_Led/app_status_led.o
 .text.APP_STATUS_LED_500MS_TimerUpdate
                0x080025e0       0x18 ./APP/Status_Led/app_status_led.o
 .text.LL_ADC_DMA_GetRegAddr
                0x080025f8       0x30 ./BSP/ADC/adc.o
 .text.LL_ADC_REG_IsTriggerSourceSWStart
                0x08002628       0x26 ./BSP/ADC/adc.o
 .text.LL_ADC_REG_SetDMATransfer
                0x0800264e       0x24 ./BSP/ADC/adc.o
 .text.LL_ADC_Enable
                0x08002672       0x1e ./BSP/ADC/adc.o
 .text.LL_ADC_Disable
                0x08002690       0x1e ./BSP/ADC/adc.o
 .text.LL_ADC_IsEnabled
                0x080026ae       0x24 ./BSP/ADC/adc.o
 .text.LL_ADC_StartCalibration
                0x080026d2       0x1e ./BSP/ADC/adc.o
 .text.LL_ADC_REG_StartConversionSWStart
                0x080026f0       0x1e ./BSP/ADC/adc.o
 .text.LL_ADC_REG_StartConversionExtTrig
                0x0800270e       0x20 ./BSP/ADC/adc.o
 .text.LL_ADC_ClearFlag_EOS
                0x0800272e       0x1a ./BSP/ADC/adc.o
 .text.BSP_ADC_ConversionStop_Disable
                0x08002748       0x3c ./BSP/ADC/adc.o
 .text.BSP_ADC_Enable
                0x08002784       0x48 ./BSP/ADC/adc.o
 .text.BSP_ADC_Start_Calibration
                0x080027cc       0x7c ./BSP/ADC/adc.o
                0x080027cc                BSP_ADC_Start_Calibration
 .text.BSP_ADC_Start_DMA
                0x08002848       0x68 ./BSP/ADC/adc.o
                0x08002848                BSP_ADC_Start_DMA
 .text.BSP_ADC_TimeOut
                0x080028b0       0x24 ./BSP/ADC/adc.o
                0x080028b0                BSP_ADC_TimeOut
 .text.LL_DMA_EnableChannel
                0x080028d4       0x3c ./BSP/DMA/dma.o
 .text.LL_DMA_DisableChannel
                0x08002910       0x3c ./BSP/DMA/dma.o
 .text.LL_DMA_GetMode
                0x0800294c       0x2c ./BSP/DMA/dma.o
 .text.LL_DMA_SetDataLength
                0x08002978       0x44 ./BSP/DMA/dma.o
 .text.LL_DMA_ConfigAddresses
                0x080029bc       0x74 ./BSP/DMA/dma.o
 .text.LL_DMA_IsActiveFlag_TC1
                0x08002a30       0x24 ./BSP/DMA/dma.o
 .text.LL_DMA_IsActiveFlag_HT1
                0x08002a54       0x24 ./BSP/DMA/dma.o
 .text.LL_DMA_IsActiveFlag_TE1
                0x08002a78       0x24 ./BSP/DMA/dma.o
 .text.LL_DMA_ClearFlag_TC1
                0x08002a9c       0x18 ./BSP/DMA/dma.o
 .text.LL_DMA_ClearFlag_HT1
                0x08002ab4       0x18 ./BSP/DMA/dma.o
 .text.LL_DMA_ClearFlag_TE1
                0x08002acc       0x18 ./BSP/DMA/dma.o
 .text.LL_DMA_EnableIT_TC
                0x08002ae4       0x3c ./BSP/DMA/dma.o
 .text.LL_DMA_EnableIT_TE
                0x08002b20       0x3c ./BSP/DMA/dma.o
 .text.LL_DMA_DisableIT_TC
                0x08002b5c       0x3c ./BSP/DMA/dma.o
 .text.LL_DMA_DisableIT_HT
                0x08002b98       0x3c ./BSP/DMA/dma.o
 .text.LL_DMA_DisableIT_TE
                0x08002bd4       0x3c ./BSP/DMA/dma.o
 .text.BSP_DMA_Start_IT
                0x08002c10       0x50 ./BSP/DMA/dma.o
                0x08002c10                BSP_DMA_Start_IT
 .text.BSP_DMA_IRQ_Channel1_Handler
                0x08002c60       0x96 ./BSP/DMA/dma.o
                0x08002c60                BSP_DMA_IRQ_Channel1_Handler
 *fill*         0x08002cf6        0x2 
 .text.__NVIC_SetPriority
                0x08002cf8       0x54 ./BSP/SYSTICK/systick.o
 .text.SysTick_Config
                0x08002d4c       0x44 ./BSP/SYSTICK/systick.o
 .text.BSP_SYSTICK_TimerStart
                0x08002d90       0x1c ./BSP/SYSTICK/systick.o
                0x08002d90                BSP_SYSTICK_TimerStart
 .text.BSP_SYSTICK_TimerInit
                0x08002dac       0x24 ./BSP/SYSTICK/systick.o
                0x08002dac                BSP_SYSTICK_TimerInit
 .text.LL_USART_IsActiveFlag_FE
                0x08002dd0       0x24 ./BSP/UART/uart.o
 .text.LL_USART_IsActiveFlag_NE
                0x08002df4       0x24 ./BSP/UART/uart.o
 .text.LL_USART_IsActiveFlag_ORE
                0x08002e18       0x24 ./BSP/UART/uart.o
 .text.LL_USART_IsActiveFlag_RXNE
                0x08002e3c       0x24 ./BSP/UART/uart.o
 .text.LL_USART_IsActiveFlag_TXE
                0x08002e60       0x24 ./BSP/UART/uart.o
 .text.LL_USART_ClearFlag_FE
                0x08002e84       0x22 ./BSP/UART/uart.o
 .text.LL_USART_ClearFlag_NE
                0x08002ea6       0x22 ./BSP/UART/uart.o
 .text.LL_USART_ClearFlag_ORE
                0x08002ec8       0x22 ./BSP/UART/uart.o
 .text.LL_USART_EnableIT_RXNE
                0x08002eea       0x44 ./BSP/UART/uart.o
 .text.LL_USART_EnableIT_TXE
                0x08002f2e       0x44 ./BSP/UART/uart.o
 .text.LL_USART_EnableIT_ERROR
                0x08002f72       0x44 ./BSP/UART/uart.o
 .text.LL_USART_DisableIT_RXNE
                0x08002fb6       0x44 ./BSP/UART/uart.o
 .text.LL_USART_DisableIT_TXE
                0x08002ffa       0x44 ./BSP/UART/uart.o
 .text.LL_USART_IsEnabledIT_RXNE
                0x0800303e       0x24 ./BSP/UART/uart.o
 .text.LL_USART_IsEnabledIT_TXE
                0x08003062       0x24 ./BSP/UART/uart.o
 .text.LL_USART_ReceiveData8
                0x08003086       0x18 ./BSP/UART/uart.o
 .text.LL_USART_TransmitData8
                0x0800309e       0x1c ./BSP/UART/uart.o
 .text.BSP_UART_Config
                0x080030ba       0x44 ./BSP/UART/uart.o
                0x080030ba                BSP_UART_Config
 .text.BSP_UART_IsAvailableDataReceive
                0x080030fe       0x24 ./BSP/UART/uart.o
                0x080030fe                BSP_UART_IsAvailableDataReceive
 .text.BSP_UART_SendChar
                0x08003122       0x6c ./BSP/UART/uart.o
                0x08003122                BSP_UART_SendChar
 .text.BSP_UART_SendString
                0x0800318e       0x2e ./BSP/UART/uart.o
                0x0800318e                BSP_UART_SendString
 .text.BSP_UART_ReadChar
                0x080031bc       0x50 ./BSP/UART/uart.o
                0x080031bc                BSP_UART_ReadChar
 .text.BSP_UART_TimeOut
                0x0800320c       0x24 ./BSP/UART/uart.o
                0x0800320c                BSP_UART_TimeOut
 .text.BSP_UART_ISR
                0x08003230      0x10e ./BSP/UART/uart.o
                0x08003230                BSP_UART_ISR
 *fill*         0x0800333e        0x2 
 .text.__NVIC_SetPriorityGrouping
                0x08003340       0x48 ./Core/Src/main.o
 .text.__NVIC_GetPriorityGrouping
                0x08003388       0x1c ./Core/Src/main.o
 .text.__NVIC_EnableIRQ
                0x080033a4       0x38 ./Core/Src/main.o
 .text.__NVIC_SetPriority
                0x080033dc       0x54 ./Core/Src/main.o
 .text.NVIC_EncodePriority
                0x08003430       0x64 ./Core/Src/main.o
 .text.LL_ADC_REG_SetSequencerRanks
                0x08003494       0x6a ./Core/Src/main.o
 .text.LL_ADC_SetChannelSamplingTime
                0x080034fe       0x96 ./Core/Src/main.o
 .text.LL_DMA_SetDataTransferDirection
                0x08003594       0x48 ./Core/Src/main.o
 .text.LL_DMA_SetMode
                0x080035dc       0x44 ./Core/Src/main.o
 .text.LL_DMA_SetPeriphIncMode
                0x08003620       0x44 ./Core/Src/main.o
 .text.LL_DMA_SetMemoryIncMode
                0x08003664       0x44 ./Core/Src/main.o
 .text.LL_DMA_SetPeriphSize
                0x080036a8       0x44 ./Core/Src/main.o
 .text.LL_DMA_SetMemorySize
                0x080036ec       0x44 ./Core/Src/main.o
 .text.LL_DMA_SetChannelPriorityLevel
                0x08003730       0x44 ./Core/Src/main.o
 .text.LL_RCC_HSE_Enable
                0x08003774       0x1c ./Core/Src/main.o
 .text.LL_RCC_HSE_IsReady
                0x08003790       0x24 ./Core/Src/main.o
 .text.LL_RCC_SetSysClkSource
                0x080037b4       0x28 ./Core/Src/main.o
 .text.LL_RCC_GetSysClkSource
                0x080037dc       0x18 ./Core/Src/main.o
 .text.LL_RCC_SetAHBPrescaler
                0x080037f4       0x28 ./Core/Src/main.o
 .text.LL_RCC_SetAPB1Prescaler
                0x0800381c       0x28 ./Core/Src/main.o
 .text.LL_RCC_SetAPB2Prescaler
                0x08003844       0x28 ./Core/Src/main.o
 .text.LL_RCC_SetADCClockSource
                0x0800386c       0x28 ./Core/Src/main.o
 .text.LL_RCC_PLL_Enable
                0x08003894       0x1c ./Core/Src/main.o
 .text.LL_RCC_PLL_IsReady
                0x080038b0       0x24 ./Core/Src/main.o
 .text.LL_RCC_PLL_ConfigDomain_SYS
                0x080038d4       0x30 ./Core/Src/main.o
 .text.LL_AHB1_GRP1_EnableClock
                0x08003904       0x30 ./Core/Src/main.o
 .text.LL_APB1_GRP1_EnableClock
                0x08003934       0x30 ./Core/Src/main.o
 .text.LL_APB2_GRP1_EnableClock
                0x08003964       0x30 ./Core/Src/main.o
 .text.LL_FLASH_SetLatency
                0x08003994       0x28 ./Core/Src/main.o
 .text.LL_FLASH_GetLatency
                0x080039bc       0x18 ./Core/Src/main.o
 .text.LL_TIM_DisableARRPreload
                0x080039d4       0x1e ./Core/Src/main.o
 .text.LL_TIM_SetClockSource
                0x080039f2       0x28 ./Core/Src/main.o
 .text.LL_TIM_SetTriggerOutput
                0x08003a1a       0x24 ./Core/Src/main.o
 .text.LL_TIM_DisableMasterSlaveMode
                0x08003a3e       0x1e ./Core/Src/main.o
 .text.LL_USART_Enable
                0x08003a5c       0x1e ./Core/Src/main.o
 .text.LL_USART_ConfigAsyncMode
                0x08003a7a       0x2a ./Core/Src/main.o
 .text.LL_GPIO_SetPinMode
                0x08003aa4       0x64 ./Core/Src/main.o
 .text.LL_GPIO_SetPinPull
                0x08003b08       0x44 ./Core/Src/main.o
 .text.LL_GPIO_ResetOutputPin
                0x08003b4c       0x1e ./Core/Src/main.o
 *fill*         0x08003b6a        0x2 
 .text.LL_GPIO_AF_Remap_SWJ_NOJTAG
                0x08003b6c       0x20 ./Core/Src/main.o
 .text.LL_GPIO_AF_SetEXTISource
                0x08003b8c       0x5c ./Core/Src/main.o
 .text.main     0x08003be8       0xc4 ./Core/Src/main.o
                0x08003be8                main
 .text.SystemClock_Config
                0x08003cac       0x84 ./Core/Src/main.o
                0x08003cac                SystemClock_Config
 .text.MX_ADC1_Init
                0x08003d30      0x134 ./Core/Src/main.o
 .text.MX_TIM2_Init
                0x08003e64       0x64 ./Core/Src/main.o
 .text.MX_TIM3_Init
                0x08003ec8       0x60 ./Core/Src/main.o
 .text.MX_USART1_UART_Init
                0x08003f28       0xd0 ./Core/Src/main.o
 .text.MX_USART3_UART_Init
                0x08003ff8       0xd0 ./Core/Src/main.o
 .text.MX_DMA_Init
                0x080040c8       0x2e ./Core/Src/main.o
 *fill*         0x080040f6        0x2 
 .text.MX_GPIO_Init
                0x080040f8      0x128 ./Core/Src/main.o
 .text.NMI_Handler
                0x08004220        0x8 ./Core/Src/stm32f1xx_it.o
                0x08004220                NMI_Handler
 .text.HardFault_Handler
                0x08004228        0x8 ./Core/Src/stm32f1xx_it.o
                0x08004228                HardFault_Handler
 .text.MemManage_Handler
                0x08004230        0x8 ./Core/Src/stm32f1xx_it.o
                0x08004230                MemManage_Handler
 .text.BusFault_Handler
                0x08004238        0x8 ./Core/Src/stm32f1xx_it.o
                0x08004238                BusFault_Handler
 .text.UsageFault_Handler
                0x08004240        0x8 ./Core/Src/stm32f1xx_it.o
                0x08004240                UsageFault_Handler
 .text.SVC_Handler
                0x08004248        0xc ./Core/Src/stm32f1xx_it.o
                0x08004248                SVC_Handler
 .text.DebugMon_Handler
                0x08004254        0xc ./Core/Src/stm32f1xx_it.o
                0x08004254                DebugMon_Handler
 .text.PendSV_Handler
                0x08004260        0xc ./Core/Src/stm32f1xx_it.o
                0x08004260                PendSV_Handler
 .text.SysTick_Handler
                0x0800426c       0x14 ./Core/Src/stm32f1xx_it.o
                0x0800426c                SysTick_Handler
 .text.DMA1_Channel1_IRQHandler
                0x08004280       0x28 ./Core/Src/stm32f1xx_it.o
                0x08004280                DMA1_Channel1_IRQHandler
 .text.EXTI9_5_IRQHandler
                0x080042a8        0xc ./Core/Src/stm32f1xx_it.o
                0x080042a8                EXTI9_5_IRQHandler
 .text.USART1_IRQHandler
                0x080042b4       0x14 ./Core/Src/stm32f1xx_it.o
                0x080042b4                USART1_IRQHandler
 .text.USART3_IRQHandler
                0x080042c8       0x14 ./Core/Src/stm32f1xx_it.o
                0x080042c8                USART3_IRQHandler
 .text._getpid  0x080042dc        0xe ./Core/Src/syscalls.o
                0x080042dc                _getpid
 .text._kill    0x080042ea       0x20 ./Core/Src/syscalls.o
                0x080042ea                _kill
 .text._exit    0x0800430a       0x16 ./Core/Src/syscalls.o
                0x0800430a                _exit
 .text._read    0x08004320       0x3a ./Core/Src/syscalls.o
                0x08004320                _read
 .text._write   0x0800435a       0x38 ./Core/Src/syscalls.o
                0x0800435a                _write
 .text._close   0x08004392       0x16 ./Core/Src/syscalls.o
                0x08004392                _close
 .text._fstat   0x080043a8       0x1e ./Core/Src/syscalls.o
                0x080043a8                _fstat
 .text._isatty  0x080043c6       0x14 ./Core/Src/syscalls.o
                0x080043c6                _isatty
 .text._lseek   0x080043da       0x18 ./Core/Src/syscalls.o
                0x080043da                _lseek
 *fill*         0x080043f2        0x2 
 .text._sbrk    0x080043f4       0x6c ./Core/Src/sysmem.o
                0x080043f4                _sbrk
 .text.SystemInit
                0x08004460        0xc ./Core/Src/system_stm32f1xx.o
                0x08004460                SystemInit
 .text.Reset_Handler
                0x0800446c       0x48 ./Core/Startup/startup_stm32f103c8tx.o
                0x0800446c                Reset_Handler
 .text.Default_Handler
                0x080044b4        0x2 ./Core/Startup/startup_stm32f103c8tx.o
                0x080044b4                RTC_Alarm_IRQHandler
                0x080044b4                EXTI2_IRQHandler
                0x080044b4                TIM1_CC_IRQHandler
                0x080044b4                PVD_IRQHandler
                0x080044b4                EXTI3_IRQHandler
                0x080044b4                EXTI0_IRQHandler
                0x080044b4                I2C2_EV_IRQHandler
                0x080044b4                ADC1_2_IRQHandler
                0x080044b4                SPI1_IRQHandler
                0x080044b4                TAMPER_IRQHandler
                0x080044b4                DMA1_Channel4_IRQHandler
                0x080044b4                RTC_IRQHandler
                0x080044b4                DMA1_Channel7_IRQHandler
                0x080044b4                CAN1_RX1_IRQHandler
                0x080044b4                TIM4_IRQHandler
                0x080044b4                I2C1_EV_IRQHandler
                0x080044b4                DMA1_Channel6_IRQHandler
                0x080044b4                TIM3_IRQHandler
                0x080044b4                RCC_IRQHandler
                0x080044b4                TIM1_TRG_COM_IRQHandler
                0x080044b4                Default_Handler
                0x080044b4                EXTI15_10_IRQHandler
                0x080044b4                SPI2_IRQHandler
                0x080044b4                DMA1_Channel5_IRQHandler
                0x080044b4                EXTI4_IRQHandler
                0x080044b4                USB_LP_CAN1_RX0_IRQHandler
                0x080044b4                USB_HP_CAN1_TX_IRQHandler
                0x080044b4                DMA1_Channel3_IRQHandler
                0x080044b4                TIM1_UP_IRQHandler
                0x080044b4                WWDG_IRQHandler
                0x080044b4                TIM2_IRQHandler
                0x080044b4                TIM1_BRK_IRQHandler
                0x080044b4                EXTI1_IRQHandler
                0x080044b4                USART2_IRQHandler
                0x080044b4                I2C2_ER_IRQHandler
                0x080044b4                DMA1_Channel2_IRQHandler
                0x080044b4                CAN1_SCE_IRQHandler
                0x080044b4                FLASH_IRQHandler
                0x080044b4                I2C1_ER_IRQHandler
                0x080044b4                USBWakeUp_IRQHandler
 .text.LL_ADC_REG_SetSequencerLength
                0x080044b6       0x24 ./Drivers/STM32F1xx_HAL_Driver/Src/stm32f1xx_ll_adc.o
 .text.LL_ADC_IsEnabled
                0x080044da       0x24 ./Drivers/STM32F1xx_HAL_Driver/Src/stm32f1xx_ll_adc.o
 *fill*         0x080044fe        0x2 
 .text.LL_ADC_CommonInit
                0x08004500       0x64 ./Drivers/STM32F1xx_HAL_Driver/Src/stm32f1xx_ll_adc.o
                0x08004500                LL_ADC_CommonInit
 .text.LL_ADC_Init
                0x08004564       0x4e ./Drivers/STM32F1xx_HAL_Driver/Src/stm32f1xx_ll_adc.o
                0x08004564                LL_ADC_Init
 .text.LL_ADC_REG_Init
                0x080045b2       0x8c ./Drivers/STM32F1xx_HAL_Driver/Src/stm32f1xx_ll_adc.o
                0x080045b2                LL_ADC_REG_Init
 *fill*         0x0800463e        0x2 
 .text.LL_EXTI_EnableIT_0_31
                0x08004640       0x24 ./Drivers/STM32F1xx_HAL_Driver/Src/stm32f1xx_ll_exti.o
 .text.LL_EXTI_DisableIT_0_31
                0x08004664       0x24 ./Drivers/STM32F1xx_HAL_Driver/Src/stm32f1xx_ll_exti.o
 .text.LL_EXTI_EnableEvent_0_31
                0x08004688       0x24 ./Drivers/STM32F1xx_HAL_Driver/Src/stm32f1xx_ll_exti.o
 .text.LL_EXTI_DisableEvent_0_31
                0x080046ac       0x24 ./Drivers/STM32F1xx_HAL_Driver/Src/stm32f1xx_ll_exti.o
 .text.LL_EXTI_EnableRisingTrig_0_31
                0x080046d0       0x24 ./Drivers/STM32F1xx_HAL_Driver/Src/stm32f1xx_ll_exti.o
 .text.LL_EXTI_DisableRisingTrig_0_31
                0x080046f4       0x24 ./Drivers/STM32F1xx_HAL_Driver/Src/stm32f1xx_ll_exti.o
 .text.LL_EXTI_EnableFallingTrig_0_31
                0x08004718       0x24 ./Drivers/STM32F1xx_HAL_Driver/Src/stm32f1xx_ll_exti.o
 .text.LL_EXTI_DisableFallingTrig_0_31
                0x0800473c       0x24 ./Drivers/STM32F1xx_HAL_Driver/Src/stm32f1xx_ll_exti.o
 .text.LL_EXTI_Init
                0x08004760       0xfe ./Drivers/STM32F1xx_HAL_Driver/Src/stm32f1xx_ll_exti.o
                0x08004760                LL_EXTI_Init
 .text.LL_GPIO_SetPinMode
                0x0800485e       0x64 ./Drivers/STM32F1xx_HAL_Driver/Src/stm32f1xx_ll_gpio.o
 .text.LL_GPIO_SetPinSpeed
                0x080048c2       0x64 ./Drivers/STM32F1xx_HAL_Driver/Src/stm32f1xx_ll_gpio.o
 .text.LL_GPIO_SetPinOutputType
                0x08004926       0x64 ./Drivers/STM32F1xx_HAL_Driver/Src/stm32f1xx_ll_gpio.o
 .text.LL_GPIO_SetPinPull
                0x0800498a       0x44 ./Drivers/STM32F1xx_HAL_Driver/Src/stm32f1xx_ll_gpio.o
 .text.LL_GPIO_Init
                0x080049ce       0xcc ./Drivers/STM32F1xx_HAL_Driver/Src/stm32f1xx_ll_gpio.o
                0x080049ce                LL_GPIO_Init
 *fill*         0x08004a9a        0x2 
 .text.LL_RCC_GetSysClkSource
                0x08004a9c       0x18 ./Drivers/STM32F1xx_HAL_Driver/Src/stm32f1xx_ll_rcc.o
 .text.LL_RCC_GetAHBPrescaler
                0x08004ab4       0x18 ./Drivers/STM32F1xx_HAL_Driver/Src/stm32f1xx_ll_rcc.o
 .text.LL_RCC_GetAPB1Prescaler
                0x08004acc       0x18 ./Drivers/STM32F1xx_HAL_Driver/Src/stm32f1xx_ll_rcc.o
 .text.LL_RCC_GetAPB2Prescaler
                0x08004ae4       0x18 ./Drivers/STM32F1xx_HAL_Driver/Src/stm32f1xx_ll_rcc.o
 .text.LL_RCC_PLL_GetMainSource
                0x08004afc       0x18 ./Drivers/STM32F1xx_HAL_Driver/Src/stm32f1xx_ll_rcc.o
 .text.LL_RCC_PLL_GetMultiplicator
                0x08004b14       0x18 ./Drivers/STM32F1xx_HAL_Driver/Src/stm32f1xx_ll_rcc.o
 .text.LL_RCC_PLL_GetPrediv
                0x08004b2c       0x1c ./Drivers/STM32F1xx_HAL_Driver/Src/stm32f1xx_ll_rcc.o
 .text.LL_RCC_GetSystemClocksFreq
                0x08004b48       0x4a ./Drivers/STM32F1xx_HAL_Driver/Src/stm32f1xx_ll_rcc.o
                0x08004b48                LL_RCC_GetSystemClocksFreq
 *fill*         0x08004b92        0x2 
 .text.RCC_GetSystemClockFreq
                0x08004b94       0x4c ./Drivers/STM32F1xx_HAL_Driver/Src/stm32f1xx_ll_rcc.o
                0x08004b94                RCC_GetSystemClockFreq
 .text.RCC_GetHCLKClockFreq
                0x08004be0       0x2c ./Drivers/STM32F1xx_HAL_Driver/Src/stm32f1xx_ll_rcc.o
                0x08004be0                RCC_GetHCLKClockFreq
 .text.RCC_GetPCLK1ClockFreq
                0x08004c0c       0x28 ./Drivers/STM32F1xx_HAL_Driver/Src/stm32f1xx_ll_rcc.o
                0x08004c0c                RCC_GetPCLK1ClockFreq
 .text.RCC_GetPCLK2ClockFreq
                0x08004c34       0x28 ./Drivers/STM32F1xx_HAL_Driver/Src/stm32f1xx_ll_rcc.o
                0x08004c34                RCC_GetPCLK2ClockFreq
 .text.RCC_PLL_GetFreqDomain_SYS
                0x08004c5c       0x64 ./Drivers/STM32F1xx_HAL_Driver/Src/stm32f1xx_ll_rcc.o
                0x08004c5c                RCC_PLL_GetFreqDomain_SYS
 .text.LL_TIM_SetPrescaler
                0x08004cc0       0x1a ./Drivers/STM32F1xx_HAL_Driver/Src/stm32f1xx_ll_tim.o
 .text.LL_TIM_SetAutoReload
                0x08004cda       0x1a ./Drivers/STM32F1xx_HAL_Driver/Src/stm32f1xx_ll_tim.o
 .text.LL_TIM_SetRepetitionCounter
                0x08004cf4       0x1a ./Drivers/STM32F1xx_HAL_Driver/Src/stm32f1xx_ll_tim.o
 .text.LL_TIM_GenerateEvent_UPDATE
                0x08004d0e       0x1e ./Drivers/STM32F1xx_HAL_Driver/Src/stm32f1xx_ll_tim.o
 .text.LL_TIM_Init
                0x08004d2c       0xbc ./Drivers/STM32F1xx_HAL_Driver/Src/stm32f1xx_ll_tim.o
                0x08004d2c                LL_TIM_Init
 .text.LL_USART_IsEnabled
                0x08004de8       0x26 ./Drivers/STM32F1xx_HAL_Driver/Src/stm32f1xx_ll_usart.o
 .text.LL_USART_SetStopBitsLength
                0x08004e0e       0x24 ./Drivers/STM32F1xx_HAL_Driver/Src/stm32f1xx_ll_usart.o
 .text.LL_USART_SetHWFlowCtrl
                0x08004e32       0x24 ./Drivers/STM32F1xx_HAL_Driver/Src/stm32f1xx_ll_usart.o
 *fill*         0x08004e56        0x2 
 .text.LL_USART_SetBaudRate
                0x08004e58       0xbc ./Drivers/STM32F1xx_HAL_Driver/Src/stm32f1xx_ll_usart.o
 .text.LL_USART_Init
                0x08004f14       0xc0 ./Drivers/STM32F1xx_HAL_Driver/Src/stm32f1xx_ll_usart.o
                0x08004f14                LL_USART_Init
 .text.LL_InitTick
                0x08004fd4       0x34 ./Drivers/STM32F1xx_HAL_Driver/Src/stm32f1xx_ll_utils.o
 .text.LL_Init1msTick
                0x08005008       0x1a ./Drivers/STM32F1xx_HAL_Driver/Src/stm32f1xx_ll_utils.o
                0x08005008                LL_Init1msTick
 *fill*         0x08005022        0x2 
 .text.LL_mDelay
                0x08005024       0x48 ./Drivers/STM32F1xx_HAL_Driver/Src/stm32f1xx_ll_utils.o
                0x08005024                LL_mDelay
 .text.LL_SetSystemCoreClock
                0x0800506c       0x1c ./Drivers/STM32F1xx_HAL_Driver/Src/stm32f1xx_ll_utils.o
                0x0800506c                LL_SetSystemCoreClock
 .text.RING_BUFFER_Init
                0x08005088       0x2a ./Middleware/Ring_Buffer/ring_buffer.o
                0x08005088                RING_BUFFER_Init
 .text.RING_BUFFER_Reset
                0x080050b2       0x2a ./Middleware/Ring_Buffer/ring_buffer.o
                0x080050b2                RING_BUFFER_Reset
 .text.RING_BUFFER_Is_Empty
                0x080050dc       0x22 ./Middleware/Ring_Buffer/ring_buffer.o
                0x080050dc                RING_BUFFER_Is_Empty
 .text.RING_BUFFER_Is_Full
                0x080050fe       0x22 ./Middleware/Ring_Buffer/ring_buffer.o
                0x080050fe                RING_BUFFER_Is_Full
 .text.RING_BUFFER_Push_Data
                0x08005120       0x54 ./Middleware/Ring_Buffer/ring_buffer.o
                0x08005120                RING_BUFFER_Push_Data
 .text.RING_BUFFER_Pull_Data
                0x08005174       0x50 ./Middleware/Ring_Buffer/ring_buffer.o
                0x08005174                RING_BUFFER_Pull_Data
 .text.SCH_Initialize
                0x080051c4       0x54 ./Scheduler/scheduler.o
                0x080051c4                SCH_Initialize
 .text.SCH_TASK_CreateTask
                0x08005218       0x7c ./Scheduler/scheduler.o
                0x08005218                SCH_TASK_CreateTask
 .text.SCH_TIM_CreateTimer
                0x08005294       0x7c ./Scheduler/scheduler.o
                0x08005294                SCH_TIM_CreateTimer
 .text.SCH_TIM_RestartTimer
                0x08005310       0x4c ./Scheduler/scheduler.o
                0x08005310                SCH_TIM_RestartTimer
 .text.SCH_TIM_StopTimer
                0x0800535c       0x48 ./Scheduler/scheduler.o
                0x0800535c                SCH_TIM_StopTimer
 .text.SCH_RunSystemTickTimer
                0x080053a4      0x128 ./Scheduler/scheduler.o
                0x080053a4                SCH_RunSystemTickTimer
 .text.SCH_StartScheduler
                0x080054cc        0xc ./Scheduler/scheduler.o
                0x080054cc                SCH_StartScheduler
 .text.SCH_HandleScheduledTask
                0x080054d8       0xb4 ./Scheduler/scheduler.o
                0x080054d8                SCH_HandleScheduledTask
 .text.__cvt    0x0800558c       0xc8 C:/ST/STM32CubeIDE_1.16.1/STM32CubeIDE/plugins/com.st.stm32cube.ide.mcu.externaltools.gnu-tools-for-stm32.12.3.rel1.win32_1.0.200.202406191623/tools/bin/../lib/gcc/arm-none-eabi/12.3.1/../../../../arm-none-eabi/lib/thumb/v7-m/nofp\libc_nano.a(libc_a-nano-vfprintf_float.o)
                0x0800558c                __cvt
 .text.__exponent
                0x08005654       0x74 C:/ST/STM32CubeIDE_1.16.1/STM32CubeIDE/plugins/com.st.stm32cube.ide.mcu.externaltools.gnu-tools-for-stm32.12.3.rel1.win32_1.0.200.202406191623/tools/bin/../lib/gcc/arm-none-eabi/12.3.1/../../../../arm-none-eabi/lib/thumb/v7-m/nofp\libc_nano.a(libc_a-nano-vfprintf_float.o)
                0x08005654                __exponent
 .text._printf_float
                0x080056c8      0x458 C:/ST/STM32CubeIDE_1.16.1/STM32CubeIDE/plugins/com.st.stm32cube.ide.mcu.externaltools.gnu-tools-for-stm32.12.3.rel1.win32_1.0.200.202406191623/tools/bin/../lib/gcc/arm-none-eabi/12.3.1/../../../../arm-none-eabi/lib/thumb/v7-m/nofp\libc_nano.a(libc_a-nano-vfprintf_float.o)
                0x080056c8                _printf_float
 .text._printf_common
                0x08005b20       0xe4 C:/ST/STM32CubeIDE_1.16.1/STM32CubeIDE/plugins/com.st.stm32cube.ide.mcu.externaltools.gnu-tools-for-stm32.12.3.rel1.win32_1.0.200.202406191623/tools/bin/../lib/gcc/arm-none-eabi/12.3.1/../../../../arm-none-eabi/lib/thumb/v7-m/nofp\libc_nano.a(libc_a-nano-vfprintf_i.o)
                0x08005b20                _printf_common
 .text._printf_i
                0x08005c04      0x240 C:/ST/STM32CubeIDE_1.16.1/STM32CubeIDE/plugins/com.st.stm32cube.ide.mcu.externaltools.gnu-tools-for-stm32.12.3.rel1.win32_1.0.200.202406191623/tools/bin/../lib/gcc/arm-none-eabi/12.3.1/../../../../arm-none-eabi/lib/thumb/v7-m/nofp\libc_nano.a(libc_a-nano-vfprintf_i.o)
                0x08005c04                _printf_i
 .text.std      0x08005e44       0x6c C:/ST/STM32CubeIDE_1.16.1/STM32CubeIDE/plugins/com.st.stm32cube.ide.mcu.externaltools.gnu-tools-for-stm32.12.3.rel1.win32_1.0.200.202406191623/tools/bin/../lib/gcc/arm-none-eabi/12.3.1/../../../../arm-none-eabi/lib/thumb/v7-m/nofp\libc_nano.a(libc_a-findfp.o)
 .text.stdio_exit_handler
                0x08005eb0       0x18 C:/ST/STM32CubeIDE_1.16.1/STM32CubeIDE/plugins/com.st.stm32cube.ide.mcu.externaltools.gnu-tools-for-stm32.12.3.rel1.win32_1.0.200.202406191623/tools/bin/../lib/gcc/arm-none-eabi/12.3.1/../../../../arm-none-eabi/lib/thumb/v7-m/nofp\libc_nano.a(libc_a-findfp.o)
 .text.cleanup_stdio
                0x08005ec8       0x40 C:/ST/STM32CubeIDE_1.16.1/STM32CubeIDE/plugins/com.st.stm32cube.ide.mcu.externaltools.gnu-tools-for-stm32.12.3.rel1.win32_1.0.200.202406191623/tools/bin/../lib/gcc/arm-none-eabi/12.3.1/../../../../arm-none-eabi/lib/thumb/v7-m/nofp\libc_nano.a(libc_a-findfp.o)
 .text.global_stdio_init.part.0
                0x08005f08       0x3c C:/ST/STM32CubeIDE_1.16.1/STM32CubeIDE/plugins/com.st.stm32cube.ide.mcu.externaltools.gnu-tools-for-stm32.12.3.rel1.win32_1.0.200.202406191623/tools/bin/../lib/gcc/arm-none-eabi/12.3.1/../../../../arm-none-eabi/lib/thumb/v7-m/nofp\libc_nano.a(libc_a-findfp.o)
 .text.__sfp_lock_acquire
                0x08005f44        0xc C:/ST/STM32CubeIDE_1.16.1/STM32CubeIDE/plugins/com.st.stm32cube.ide.mcu.externaltools.gnu-tools-for-stm32.12.3.rel1.win32_1.0.200.202406191623/tools/bin/../lib/gcc/arm-none-eabi/12.3.1/../../../../arm-none-eabi/lib/thumb/v7-m/nofp\libc_nano.a(libc_a-findfp.o)
                0x08005f44                __sfp_lock_acquire
 .text.__sfp_lock_release
                0x08005f50        0xc C:/ST/STM32CubeIDE_1.16.1/STM32CubeIDE/plugins/com.st.stm32cube.ide.mcu.externaltools.gnu-tools-for-stm32.12.3.rel1.win32_1.0.200.202406191623/tools/bin/../lib/gcc/arm-none-eabi/12.3.1/../../../../arm-none-eabi/lib/thumb/v7-m/nofp\libc_nano.a(libc_a-findfp.o)
                0x08005f50                __sfp_lock_release
 .text.__sinit  0x08005f5c       0x30 C:/ST/STM32CubeIDE_1.16.1/STM32CubeIDE/plugins/com.st.stm32cube.ide.mcu.externaltools.gnu-tools-for-stm32.12.3.rel1.win32_1.0.200.202406191623/tools/bin/../lib/gcc/arm-none-eabi/12.3.1/../../../../arm-none-eabi/lib/thumb/v7-m/nofp\libc_nano.a(libc_a-findfp.o)
                0x08005f5c                __sinit
 .text._fwalk_sglue
                0x08005f8c       0x3c C:/ST/STM32CubeIDE_1.16.1/STM32CubeIDE/plugins/com.st.stm32cube.ide.mcu.externaltools.gnu-tools-for-stm32.12.3.rel1.win32_1.0.200.202406191623/tools/bin/../lib/gcc/arm-none-eabi/12.3.1/../../../../arm-none-eabi/lib/thumb/v7-m/nofp\libc_nano.a(libc_a-fwalk.o)
                0x08005f8c                _fwalk_sglue
 .text.sprintf  0x08005fc8       0x40 C:/ST/STM32CubeIDE_1.16.1/STM32CubeIDE/plugins/com.st.stm32cube.ide.mcu.externaltools.gnu-tools-for-stm32.12.3.rel1.win32_1.0.200.202406191623/tools/bin/../lib/gcc/arm-none-eabi/12.3.1/../../../../arm-none-eabi/lib/thumb/v7-m/nofp\libc_nano.a(libc_a-sprintf.o)
                0x08005fc8                siprintf
                0x08005fc8                sprintf
 .text.__sread  0x08006008       0x22 C:/ST/STM32CubeIDE_1.16.1/STM32CubeIDE/plugins/com.st.stm32cube.ide.mcu.externaltools.gnu-tools-for-stm32.12.3.rel1.win32_1.0.200.202406191623/tools/bin/../lib/gcc/arm-none-eabi/12.3.1/../../../../arm-none-eabi/lib/thumb/v7-m/nofp\libc_nano.a(libc_a-stdio.o)
                0x08006008                __sread
 .text.__swrite
                0x0800602a       0x38 C:/ST/STM32CubeIDE_1.16.1/STM32CubeIDE/plugins/com.st.stm32cube.ide.mcu.externaltools.gnu-tools-for-stm32.12.3.rel1.win32_1.0.200.202406191623/tools/bin/../lib/gcc/arm-none-eabi/12.3.1/../../../../arm-none-eabi/lib/thumb/v7-m/nofp\libc_nano.a(libc_a-stdio.o)
                0x0800602a                __swrite
 .text.__sseek  0x08006062       0x24 C:/ST/STM32CubeIDE_1.16.1/STM32CubeIDE/plugins/com.st.stm32cube.ide.mcu.externaltools.gnu-tools-for-stm32.12.3.rel1.win32_1.0.200.202406191623/tools/bin/../lib/gcc/arm-none-eabi/12.3.1/../../../../arm-none-eabi/lib/thumb/v7-m/nofp\libc_nano.a(libc_a-stdio.o)
                0x08006062                __sseek
 .text.__sclose
                0x08006086        0x8 C:/ST/STM32CubeIDE_1.16.1/STM32CubeIDE/plugins/com.st.stm32cube.ide.mcu.externaltools.gnu-tools-for-stm32.12.3.rel1.win32_1.0.200.202406191623/tools/bin/../lib/gcc/arm-none-eabi/12.3.1/../../../../arm-none-eabi/lib/thumb/v7-m/nofp\libc_nano.a(libc_a-stdio.o)
                0x08006086                __sclose
 .text.memset   0x0800608e       0x10 C:/ST/STM32CubeIDE_1.16.1/STM32CubeIDE/plugins/com.st.stm32cube.ide.mcu.externaltools.gnu-tools-for-stm32.12.3.rel1.win32_1.0.200.202406191623/tools/bin/../lib/gcc/arm-none-eabi/12.3.1/../../../../arm-none-eabi/lib/thumb/v7-m/nofp\libc_nano.a(libc_a-memset.o)
                0x0800608e                memset
 *fill*         0x0800609e        0x2 
 .text._localeconv_r
                0x080060a0        0x8 C:/ST/STM32CubeIDE_1.16.1/STM32CubeIDE/plugins/com.st.stm32cube.ide.mcu.externaltools.gnu-tools-for-stm32.12.3.rel1.win32_1.0.200.202406191623/tools/bin/../lib/gcc/arm-none-eabi/12.3.1/../../../../arm-none-eabi/lib/thumb/v7-m/nofp\libc_nano.a(libc_a-localeconv.o)
                0x080060a0                _localeconv_r
 .text._close_r
                0x080060a8       0x20 C:/ST/STM32CubeIDE_1.16.1/STM32CubeIDE/plugins/com.st.stm32cube.ide.mcu.externaltools.gnu-tools-for-stm32.12.3.rel1.win32_1.0.200.202406191623/tools/bin/../lib/gcc/arm-none-eabi/12.3.1/../../../../arm-none-eabi/lib/thumb/v7-m/nofp\libc_nano.a(libc_a-closer.o)
                0x080060a8                _close_r
 .text._lseek_r
                0x080060c8       0x24 C:/ST/STM32CubeIDE_1.16.1/STM32CubeIDE/plugins/com.st.stm32cube.ide.mcu.externaltools.gnu-tools-for-stm32.12.3.rel1.win32_1.0.200.202406191623/tools/bin/../lib/gcc/arm-none-eabi/12.3.1/../../../../arm-none-eabi/lib/thumb/v7-m/nofp\libc_nano.a(libc_a-lseekr.o)
                0x080060c8                _lseek_r
 .text._read_r  0x080060ec       0x24 C:/ST/STM32CubeIDE_1.16.1/STM32CubeIDE/plugins/com.st.stm32cube.ide.mcu.externaltools.gnu-tools-for-stm32.12.3.rel1.win32_1.0.200.202406191623/tools/bin/../lib/gcc/arm-none-eabi/12.3.1/../../../../arm-none-eabi/lib/thumb/v7-m/nofp\libc_nano.a(libc_a-readr.o)
                0x080060ec                _read_r
 .text._write_r
                0x08006110       0x24 C:/ST/STM32CubeIDE_1.16.1/STM32CubeIDE/plugins/com.st.stm32cube.ide.mcu.externaltools.gnu-tools-for-stm32.12.3.rel1.win32_1.0.200.202406191623/tools/bin/../lib/gcc/arm-none-eabi/12.3.1/../../../../arm-none-eabi/lib/thumb/v7-m/nofp\libc_nano.a(libc_a-writer.o)
                0x08006110                _write_r
 .text.__errno  0x08006134        0xc C:/ST/STM32CubeIDE_1.16.1/STM32CubeIDE/plugins/com.st.stm32cube.ide.mcu.externaltools.gnu-tools-for-stm32.12.3.rel1.win32_1.0.200.202406191623/tools/bin/../lib/gcc/arm-none-eabi/12.3.1/../../../../arm-none-eabi/lib/thumb/v7-m/nofp\libc_nano.a(libc_a-errno.o)
                0x08006134                __errno
 .text.__libc_init_array
                0x08006140       0x48 C:/ST/STM32CubeIDE_1.16.1/STM32CubeIDE/plugins/com.st.stm32cube.ide.mcu.externaltools.gnu-tools-for-stm32.12.3.rel1.win32_1.0.200.202406191623/tools/bin/../lib/gcc/arm-none-eabi/12.3.1/../../../../arm-none-eabi/lib/thumb/v7-m/nofp\libc_nano.a(libc_a-init.o)
                0x08006140                __libc_init_array
 .text.__retarget_lock_init_recursive
                0x08006188        0x2 C:/ST/STM32CubeIDE_1.16.1/STM32CubeIDE/plugins/com.st.stm32cube.ide.mcu.externaltools.gnu-tools-for-stm32.12.3.rel1.win32_1.0.200.202406191623/tools/bin/../lib/gcc/arm-none-eabi/12.3.1/../../../../arm-none-eabi/lib/thumb/v7-m/nofp\libc_nano.a(libc_a-lock.o)
                0x08006188                __retarget_lock_init_recursive
 .text.__retarget_lock_acquire_recursive
                0x0800618a        0x2 C:/ST/STM32CubeIDE_1.16.1/STM32CubeIDE/plugins/com.st.stm32cube.ide.mcu.externaltools.gnu-tools-for-stm32.12.3.rel1.win32_1.0.200.202406191623/tools/bin/../lib/gcc/arm-none-eabi/12.3.1/../../../../arm-none-eabi/lib/thumb/v7-m/nofp\libc_nano.a(libc_a-lock.o)
                0x0800618a                __retarget_lock_acquire_recursive
 .text.__retarget_lock_release_recursive
                0x0800618c        0x2 C:/ST/STM32CubeIDE_1.16.1/STM32CubeIDE/plugins/com.st.stm32cube.ide.mcu.externaltools.gnu-tools-for-stm32.12.3.rel1.win32_1.0.200.202406191623/tools/bin/../lib/gcc/arm-none-eabi/12.3.1/../../../../arm-none-eabi/lib/thumb/v7-m/nofp\libc_nano.a(libc_a-lock.o)
                0x0800618c                __retarget_lock_release_recursive
 .text.memchr   0x0800618e       0x1c C:/ST/STM32CubeIDE_1.16.1/STM32CubeIDE/plugins/com.st.stm32cube.ide.mcu.externaltools.gnu-tools-for-stm32.12.3.rel1.win32_1.0.200.202406191623/tools/bin/../lib/gcc/arm-none-eabi/12.3.1/../../../../arm-none-eabi/lib/thumb/v7-m/nofp\libc_nano.a(libc_a-memchr-stub.o)
                0x0800618e                memchr
 .text.quorem   0x080061aa      0x110 C:/ST/STM32CubeIDE_1.16.1/STM32CubeIDE/plugins/com.st.stm32cube.ide.mcu.externaltools.gnu-tools-for-stm32.12.3.rel1.win32_1.0.200.202406191623/tools/bin/../lib/gcc/arm-none-eabi/12.3.1/../../../../arm-none-eabi/lib/thumb/v7-m/nofp\libc_nano.a(libc_a-dtoa.o)
 *fill*         0x080062ba        0x6 
 .text._dtoa_r  0x080062c0      0xb90 C:/ST/STM32CubeIDE_1.16.1/STM32CubeIDE/plugins/com.st.stm32cube.ide.mcu.externaltools.gnu-tools-for-stm32.12.3.rel1.win32_1.0.200.202406191623/tools/bin/../lib/gcc/arm-none-eabi/12.3.1/../../../../arm-none-eabi/lib/thumb/v7-m/nofp\libc_nano.a(libc_a-dtoa.o)
                0x080062c0                _dtoa_r
 .text._free_r  0x08006e50       0x90 C:/ST/STM32CubeIDE_1.16.1/STM32CubeIDE/plugins/com.st.stm32cube.ide.mcu.externaltools.gnu-tools-for-stm32.12.3.rel1.win32_1.0.200.202406191623/tools/bin/../lib/gcc/arm-none-eabi/12.3.1/../../../../arm-none-eabi/lib/thumb/v7-m/nofp\libc_nano.a(libc_a-freer.o)
                0x08006e50                _free_r
 .text.malloc   0x08006ee0       0x10 C:/ST/STM32CubeIDE_1.16.1/STM32CubeIDE/plugins/com.st.stm32cube.ide.mcu.externaltools.gnu-tools-for-stm32.12.3.rel1.win32_1.0.200.202406191623/tools/bin/../lib/gcc/arm-none-eabi/12.3.1/../../../../arm-none-eabi/lib/thumb/v7-m/nofp\libc_nano.a(libc_a-malloc.o)
                0x08006ee0                malloc
 .text.sbrk_aligned
                0x08006ef0       0x44 C:/ST/STM32CubeIDE_1.16.1/STM32CubeIDE/plugins/com.st.stm32cube.ide.mcu.externaltools.gnu-tools-for-stm32.12.3.rel1.win32_1.0.200.202406191623/tools/bin/../lib/gcc/arm-none-eabi/12.3.1/../../../../arm-none-eabi/lib/thumb/v7-m/nofp\libc_nano.a(libc_a-mallocr.o)
 .text._malloc_r
                0x08006f34      0x100 C:/ST/STM32CubeIDE_1.16.1/STM32CubeIDE/plugins/com.st.stm32cube.ide.mcu.externaltools.gnu-tools-for-stm32.12.3.rel1.win32_1.0.200.202406191623/tools/bin/../lib/gcc/arm-none-eabi/12.3.1/../../../../arm-none-eabi/lib/thumb/v7-m/nofp\libc_nano.a(libc_a-mallocr.o)
                0x08006f34                _malloc_r
 .text.__malloc_lock
                0x08007034        0xc C:/ST/STM32CubeIDE_1.16.1/STM32CubeIDE/plugins/com.st.stm32cube.ide.mcu.externaltools.gnu-tools-for-stm32.12.3.rel1.win32_1.0.200.202406191623/tools/bin/../lib/gcc/arm-none-eabi/12.3.1/../../../../arm-none-eabi/lib/thumb/v7-m/nofp\libc_nano.a(libc_a-mlock.o)
                0x08007034                __malloc_lock
 .text.__malloc_unlock
                0x08007040        0xc C:/ST/STM32CubeIDE_1.16.1/STM32CubeIDE/plugins/com.st.stm32cube.ide.mcu.externaltools.gnu-tools-for-stm32.12.3.rel1.win32_1.0.200.202406191623/tools/bin/../lib/gcc/arm-none-eabi/12.3.1/../../../../arm-none-eabi/lib/thumb/v7-m/nofp\libc_nano.a(libc_a-mlock.o)
                0x08007040                __malloc_unlock
 .text._Balloc  0x0800704c       0x80 C:/ST/STM32CubeIDE_1.16.1/STM32CubeIDE/plugins/com.st.stm32cube.ide.mcu.externaltools.gnu-tools-for-stm32.12.3.rel1.win32_1.0.200.202406191623/tools/bin/../lib/gcc/arm-none-eabi/12.3.1/../../../../arm-none-eabi/lib/thumb/v7-m/nofp\libc_nano.a(libc_a-mprec.o)
                0x0800704c                _Balloc
 .text._Bfree   0x080070cc       0x44 C:/ST/STM32CubeIDE_1.16.1/STM32CubeIDE/plugins/com.st.stm32cube.ide.mcu.externaltools.gnu-tools-for-stm32.12.3.rel1.win32_1.0.200.202406191623/tools/bin/../lib/gcc/arm-none-eabi/12.3.1/../../../../arm-none-eabi/lib/thumb/v7-m/nofp\libc_nano.a(libc_a-mprec.o)
                0x080070cc                _Bfree
 .text.__multadd
                0x08007110       0x8c C:/ST/STM32CubeIDE_1.16.1/STM32CubeIDE/plugins/com.st.stm32cube.ide.mcu.externaltools.gnu-tools-for-stm32.12.3.rel1.win32_1.0.200.202406191623/tools/bin/../lib/gcc/arm-none-eabi/12.3.1/../../../../arm-none-eabi/lib/thumb/v7-m/nofp\libc_nano.a(libc_a-mprec.o)
                0x08007110                __multadd
 .text.__hi0bits
                0x0800719c       0x3e C:/ST/STM32CubeIDE_1.16.1/STM32CubeIDE/plugins/com.st.stm32cube.ide.mcu.externaltools.gnu-tools-for-stm32.12.3.rel1.win32_1.0.200.202406191623/tools/bin/../lib/gcc/arm-none-eabi/12.3.1/../../../../arm-none-eabi/lib/thumb/v7-m/nofp\libc_nano.a(libc_a-mprec.o)
                0x0800719c                __hi0bits
 .text.__lo0bits
                0x080071da       0x5a C:/ST/STM32CubeIDE_1.16.1/STM32CubeIDE/plugins/com.st.stm32cube.ide.mcu.externaltools.gnu-tools-for-stm32.12.3.rel1.win32_1.0.200.202406191623/tools/bin/../lib/gcc/arm-none-eabi/12.3.1/../../../../arm-none-eabi/lib/thumb/v7-m/nofp\libc_nano.a(libc_a-mprec.o)
                0x080071da                __lo0bits
 .text.__i2b    0x08007234       0x2c C:/ST/STM32CubeIDE_1.16.1/STM32CubeIDE/plugins/com.st.stm32cube.ide.mcu.externaltools.gnu-tools-for-stm32.12.3.rel1.win32_1.0.200.202406191623/tools/bin/../lib/gcc/arm-none-eabi/12.3.1/../../../../arm-none-eabi/lib/thumb/v7-m/nofp\libc_nano.a(libc_a-mprec.o)
                0x08007234                __i2b
 .text.__multiply
                0x08007260      0x150 C:/ST/STM32CubeIDE_1.16.1/STM32CubeIDE/plugins/com.st.stm32cube.ide.mcu.externaltools.gnu-tools-for-stm32.12.3.rel1.win32_1.0.200.202406191623/tools/bin/../lib/gcc/arm-none-eabi/12.3.1/../../../../arm-none-eabi/lib/thumb/v7-m/nofp\libc_nano.a(libc_a-mprec.o)
                0x08007260                __multiply
 .text.__pow5mult
                0x080073b0       0xb4 C:/ST/STM32CubeIDE_1.16.1/STM32CubeIDE/plugins/com.st.stm32cube.ide.mcu.externaltools.gnu-tools-for-stm32.12.3.rel1.win32_1.0.200.202406191623/tools/bin/../lib/gcc/arm-none-eabi/12.3.1/../../../../arm-none-eabi/lib/thumb/v7-m/nofp\libc_nano.a(libc_a-mprec.o)
                0x080073b0                __pow5mult
 .text.__lshift
                0x08007464       0xd8 C:/ST/STM32CubeIDE_1.16.1/STM32CubeIDE/plugins/com.st.stm32cube.ide.mcu.externaltools.gnu-tools-for-stm32.12.3.rel1.win32_1.0.200.202406191623/tools/bin/../lib/gcc/arm-none-eabi/12.3.1/../../../../arm-none-eabi/lib/thumb/v7-m/nofp\libc_nano.a(libc_a-mprec.o)
                0x08007464                __lshift
 .text.__mcmp   0x0800753c       0x36 C:/ST/STM32CubeIDE_1.16.1/STM32CubeIDE/plugins/com.st.stm32cube.ide.mcu.externaltools.gnu-tools-for-stm32.12.3.rel1.win32_1.0.200.202406191623/tools/bin/../lib/gcc/arm-none-eabi/12.3.1/../../../../arm-none-eabi/lib/thumb/v7-m/nofp\libc_nano.a(libc_a-mprec.o)
                0x0800753c                __mcmp
 *fill*         0x08007572        0x2 
 .text.__mdiff  0x08007574      0x128 C:/ST/STM32CubeIDE_1.16.1/STM32CubeIDE/plugins/com.st.stm32cube.ide.mcu.externaltools.gnu-tools-for-stm32.12.3.rel1.win32_1.0.200.202406191623/tools/bin/../lib/gcc/arm-none-eabi/12.3.1/../../../../arm-none-eabi/lib/thumb/v7-m/nofp\libc_nano.a(libc_a-mprec.o)
                0x08007574                __mdiff
 .text.__d2b    0x0800769c       0xb0 C:/ST/STM32CubeIDE_1.16.1/STM32CubeIDE/plugins/com.st.stm32cube.ide.mcu.externaltools.gnu-tools-for-stm32.12.3.rel1.win32_1.0.200.202406191623/tools/bin/../lib/gcc/arm-none-eabi/12.3.1/../../../../arm-none-eabi/lib/thumb/v7-m/nofp\libc_nano.a(libc_a-mprec.o)
                0x0800769c                __d2b
 .text.__ssputs_r
                0x0800774c       0xb6 C:/ST/STM32CubeIDE_1.16.1/STM32CubeIDE/plugins/com.st.stm32cube.ide.mcu.externaltools.gnu-tools-for-stm32.12.3.rel1.win32_1.0.200.202406191623/tools/bin/../lib/gcc/arm-none-eabi/12.3.1/../../../../arm-none-eabi/lib/thumb/v7-m/nofp\libc_nano.a(libc_a-nano-svfprintf.o)
                0x0800774c                __ssputs_r
 *fill*         0x08007802        0x2 
 .text._svfprintf_r
                0x08007804      0x1f8 C:/ST/STM32CubeIDE_1.16.1/STM32CubeIDE/plugins/com.st.stm32cube.ide.mcu.externaltools.gnu-tools-for-stm32.12.3.rel1.win32_1.0.200.202406191623/tools/bin/../lib/gcc/arm-none-eabi/12.3.1/../../../../arm-none-eabi/lib/thumb/v7-m/nofp\libc_nano.a(libc_a-nano-svfprintf.o)
                0x08007804                _svfiprintf_r
                0x08007804                _svfprintf_r
 .text.__sflush_r
                0x080079fc      0x100 C:/ST/STM32CubeIDE_1.16.1/STM32CubeIDE/plugins/com.st.stm32cube.ide.mcu.externaltools.gnu-tools-for-stm32.12.3.rel1.win32_1.0.200.202406191623/tools/bin/../lib/gcc/arm-none-eabi/12.3.1/../../../../arm-none-eabi/lib/thumb/v7-m/nofp\libc_nano.a(libc_a-fflush.o)
                0x080079fc                __sflush_r
 .text._fflush_r
                0x08007afc       0x50 C:/ST/STM32CubeIDE_1.16.1/STM32CubeIDE/plugins/com.st.stm32cube.ide.mcu.externaltools.gnu-tools-for-stm32.12.3.rel1.win32_1.0.200.202406191623/tools/bin/../lib/gcc/arm-none-eabi/12.3.1/../../../../arm-none-eabi/lib/thumb/v7-m/nofp\libc_nano.a(libc_a-fflush.o)
                0x08007afc                _fflush_r
 .text.memmove  0x08007b4c       0x34 C:/ST/STM32CubeIDE_1.16.1/STM32CubeIDE/plugins/com.st.stm32cube.ide.mcu.externaltools.gnu-tools-for-stm32.12.3.rel1.win32_1.0.200.202406191623/tools/bin/../lib/gcc/arm-none-eabi/12.3.1/../../../../arm-none-eabi/lib/thumb/v7-m/nofp\libc_nano.a(libc_a-memmove.o)
                0x08007b4c                memmove
 .text._sbrk_r  0x08007b80       0x20 C:/ST/STM32CubeIDE_1.16.1/STM32CubeIDE/plugins/com.st.stm32cube.ide.mcu.externaltools.gnu-tools-for-stm32.12.3.rel1.win32_1.0.200.202406191623/tools/bin/../lib/gcc/arm-none-eabi/12.3.1/../../../../arm-none-eabi/lib/thumb/v7-m/nofp\libc_nano.a(libc_a-sbrkr.o)
                0x08007b80                _sbrk_r
 .text.memcpy   0x08007ba0       0x1c C:/ST/STM32CubeIDE_1.16.1/STM32CubeIDE/plugins/com.st.stm32cube.ide.mcu.externaltools.gnu-tools-for-stm32.12.3.rel1.win32_1.0.200.202406191623/tools/bin/../lib/gcc/arm-none-eabi/12.3.1/../../../../arm-none-eabi/lib/thumb/v7-m/nofp\libc_nano.a(libc_a-memcpy-stub.o)
                0x08007ba0                memcpy
 .text.__assert_func
                0x08007bbc       0x3c C:/ST/STM32CubeIDE_1.16.1/STM32CubeIDE/plugins/com.st.stm32cube.ide.mcu.externaltools.gnu-tools-for-stm32.12.3.rel1.win32_1.0.200.202406191623/tools/bin/../lib/gcc/arm-none-eabi/12.3.1/../../../../arm-none-eabi/lib/thumb/v7-m/nofp\libc_nano.a(libc_a-assert.o)
                0x08007bbc                __assert_func
 .text._calloc_r
                0x08007bf8       0x28 C:/ST/STM32CubeIDE_1.16.1/STM32CubeIDE/plugins/com.st.stm32cube.ide.mcu.externaltools.gnu-tools-for-stm32.12.3.rel1.win32_1.0.200.202406191623/tools/bin/../lib/gcc/arm-none-eabi/12.3.1/../../../../arm-none-eabi/lib/thumb/v7-m/nofp\libc_nano.a(libc_a-callocr.o)
                0x08007bf8                _calloc_r
 .text.__ascii_mbtowc
                0x08007c20       0x24 C:/ST/STM32CubeIDE_1.16.1/STM32CubeIDE/plugins/com.st.stm32cube.ide.mcu.externaltools.gnu-tools-for-stm32.12.3.rel1.win32_1.0.200.202406191623/tools/bin/../lib/gcc/arm-none-eabi/12.3.1/../../../../arm-none-eabi/lib/thumb/v7-m/nofp\libc_nano.a(libc_a-mbtowc_r.o)
                0x08007c20                __ascii_mbtowc
 .text._realloc_r
                0x08007c44       0x5c C:/ST/STM32CubeIDE_1.16.1/STM32CubeIDE/plugins/com.st.stm32cube.ide.mcu.externaltools.gnu-tools-for-stm32.12.3.rel1.win32_1.0.200.202406191623/tools/bin/../lib/gcc/arm-none-eabi/12.3.1/../../../../arm-none-eabi/lib/thumb/v7-m/nofp\libc_nano.a(libc_a-reallocr.o)
                0x08007c44                _realloc_r
 .text.__ascii_wctomb
                0x08007ca0       0x1a C:/ST/STM32CubeIDE_1.16.1/STM32CubeIDE/plugins/com.st.stm32cube.ide.mcu.externaltools.gnu-tools-for-stm32.12.3.rel1.win32_1.0.200.202406191623/tools/bin/../lib/gcc/arm-none-eabi/12.3.1/../../../../arm-none-eabi/lib/thumb/v7-m/nofp\libc_nano.a(libc_a-wctomb_r.o)
                0x08007ca0                __ascii_wctomb
 *fill*         0x08007cba        0x2 
 .text.fprintf  0x08007cbc       0x24 C:/ST/STM32CubeIDE_1.16.1/STM32CubeIDE/plugins/com.st.stm32cube.ide.mcu.externaltools.gnu-tools-for-stm32.12.3.rel1.win32_1.0.200.202406191623/tools/bin/../lib/gcc/arm-none-eabi/12.3.1/../../../../arm-none-eabi/lib/thumb/v7-m/nofp\libc_nano.a(libc_a-fprintf.o)
                0x08007cbc                fiprintf
                0x08007cbc                fprintf
 .text.abort    0x08007ce0        0xe C:/ST/STM32CubeIDE_1.16.1/STM32CubeIDE/plugins/com.st.stm32cube.ide.mcu.externaltools.gnu-tools-for-stm32.12.3.rel1.win32_1.0.200.202406191623/tools/bin/../lib/gcc/arm-none-eabi/12.3.1/../../../../arm-none-eabi/lib/thumb/v7-m/nofp\libc_nano.a(libc_a-abort.o)
                0x08007ce0                abort
 .text._malloc_usable_size_r
                0x08007cee       0x10 C:/ST/STM32CubeIDE_1.16.1/STM32CubeIDE/plugins/com.st.stm32cube.ide.mcu.externaltools.gnu-tools-for-stm32.12.3.rel1.win32_1.0.200.202406191623/tools/bin/../lib/gcc/arm-none-eabi/12.3.1/../../../../arm-none-eabi/lib/thumb/v7-m/nofp\libc_nano.a(libc_a-msizer.o)
                0x08007cee                _malloc_usable_size_r
 .text.__sfputc_r
                0x08007cfe       0x2a C:/ST/STM32CubeIDE_1.16.1/STM32CubeIDE/plugins/com.st.stm32cube.ide.mcu.externaltools.gnu-tools-for-stm32.12.3.rel1.win32_1.0.200.202406191623/tools/bin/../lib/gcc/arm-none-eabi/12.3.1/../../../../arm-none-eabi/lib/thumb/v7-m/nofp\libc_nano.a(libc_a-nano-vfprintf.o)
 .text.__sfputs_r
                0x08007d28       0x24 C:/ST/STM32CubeIDE_1.16.1/STM32CubeIDE/plugins/com.st.stm32cube.ide.mcu.externaltools.gnu-tools-for-stm32.12.3.rel1.win32_1.0.200.202406191623/tools/bin/../lib/gcc/arm-none-eabi/12.3.1/../../../../arm-none-eabi/lib/thumb/v7-m/nofp\libc_nano.a(libc_a-nano-vfprintf.o)
                0x08007d28                __sfputs_r
 .text._vfprintf_r
                0x08007d4c      0x230 C:/ST/STM32CubeIDE_1.16.1/STM32CubeIDE/plugins/com.st.stm32cube.ide.mcu.externaltools.gnu-tools-for-stm32.12.3.rel1.win32_1.0.200.202406191623/tools/bin/../lib/gcc/arm-none-eabi/12.3.1/../../../../arm-none-eabi/lib/thumb/v7-m/nofp\libc_nano.a(libc_a-nano-vfprintf.o)
                0x08007d4c                _vfprintf_r
                0x08007d4c                _vfiprintf_r
 .text.__swbuf_r
                0x08007f7c       0x7c C:/ST/STM32CubeIDE_1.16.1/STM32CubeIDE/plugins/com.st.stm32cube.ide.mcu.externaltools.gnu-tools-for-stm32.12.3.rel1.win32_1.0.200.202406191623/tools/bin/../lib/gcc/arm-none-eabi/12.3.1/../../../../arm-none-eabi/lib/thumb/v7-m/nofp\libc_nano.a(libc_a-wbuf.o)
                0x08007f7c                __swbuf_r
 .text.__swsetup_r
                0x08007ff8       0xac C:/ST/STM32CubeIDE_1.16.1/STM32CubeIDE/plugins/com.st.stm32cube.ide.mcu.externaltools.gnu-tools-for-stm32.12.3.rel1.win32_1.0.200.202406191623/tools/bin/../lib/gcc/arm-none-eabi/12.3.1/../../../../arm-none-eabi/lib/thumb/v7-m/nofp\libc_nano.a(libc_a-wsetup.o)
                0x08007ff8                __swsetup_r
 .text._raise_r
                0x080080a4       0x50 C:/ST/STM32CubeIDE_1.16.1/STM32CubeIDE/plugins/com.st.stm32cube.ide.mcu.externaltools.gnu-tools-for-stm32.12.3.rel1.win32_1.0.200.202406191623/tools/bin/../lib/gcc/arm-none-eabi/12.3.1/../../../../arm-none-eabi/lib/thumb/v7-m/nofp\libc_nano.a(libc_a-signal.o)
                0x080080a4                _raise_r
 .text.raise    0x080080f4       0x10 C:/ST/STM32CubeIDE_1.16.1/STM32CubeIDE/plugins/com.st.stm32cube.ide.mcu.externaltools.gnu-tools-for-stm32.12.3.rel1.win32_1.0.200.202406191623/tools/bin/../lib/gcc/arm-none-eabi/12.3.1/../../../../arm-none-eabi/lib/thumb/v7-m/nofp\libc_nano.a(libc_a-signal.o)
                0x080080f4                raise
 .text._kill_r  0x08008104       0x24 C:/ST/STM32CubeIDE_1.16.1/STM32CubeIDE/plugins/com.st.stm32cube.ide.mcu.externaltools.gnu-tools-for-stm32.12.3.rel1.win32_1.0.200.202406191623/tools/bin/../lib/gcc/arm-none-eabi/12.3.1/../../../../arm-none-eabi/lib/thumb/v7-m/nofp\libc_nano.a(libc_a-signalr.o)
                0x08008104                _kill_r
 .text._getpid_r
                0x08008128        0x4 C:/ST/STM32CubeIDE_1.16.1/STM32CubeIDE/plugins/com.st.stm32cube.ide.mcu.externaltools.gnu-tools-for-stm32.12.3.rel1.win32_1.0.200.202406191623/tools/bin/../lib/gcc/arm-none-eabi/12.3.1/../../../../arm-none-eabi/lib/thumb/v7-m/nofp\libc_nano.a(libc_a-signalr.o)
                0x08008128                _getpid_r
 .text.__swhatbuf_r
                0x0800812c       0x4a C:/ST/STM32CubeIDE_1.16.1/STM32CubeIDE/plugins/com.st.stm32cube.ide.mcu.externaltools.gnu-tools-for-stm32.12.3.rel1.win32_1.0.200.202406191623/tools/bin/../lib/gcc/arm-none-eabi/12.3.1/../../../../arm-none-eabi/lib/thumb/v7-m/nofp\libc_nano.a(libc_a-makebuf.o)
                0x0800812c                __swhatbuf_r
 .text.__smakebuf_r
                0x08008176       0x78 C:/ST/STM32CubeIDE_1.16.1/STM32CubeIDE/plugins/com.st.stm32cube.ide.mcu.externaltools.gnu-tools-for-stm32.12.3.rel1.win32_1.0.200.202406191623/tools/bin/../lib/gcc/arm-none-eabi/12.3.1/../../../../arm-none-eabi/lib/thumb/v7-m/nofp\libc_nano.a(libc_a-makebuf.o)
                0x08008176                __smakebuf_r
 *fill*         0x080081ee        0x2 
 .text._fstat_r
                0x080081f0       0x24 C:/ST/STM32CubeIDE_1.16.1/STM32CubeIDE/plugins/com.st.stm32cube.ide.mcu.externaltools.gnu-tools-for-stm32.12.3.rel1.win32_1.0.200.202406191623/tools/bin/../lib/gcc/arm-none-eabi/12.3.1/../../../../arm-none-eabi/lib/thumb/v7-m/nofp\libc_nano.a(libc_a-fstatr.o)
                0x080081f0                _fstat_r
 .text._isatty_r
                0x08008214       0x20 C:/ST/STM32CubeIDE_1.16.1/STM32CubeIDE/plugins/com.st.stm32cube.ide.mcu.externaltools.gnu-tools-for-stm32.12.3.rel1.win32_1.0.200.202406191623/tools/bin/../lib/gcc/arm-none-eabi/12.3.1/../../../../arm-none-eabi/lib/thumb/v7-m/nofp\libc_nano.a(libc_a-isattyr.o)
                0x08008214                _isatty_r
 *(.glue_7)
 .glue_7        0x08008234        0x0 linker stubs
 *(.glue_7t)
 .glue_7t       0x08008234        0x0 linker stubs
 *(.eh_frame)
 .eh_frame      0x08008234        0x0 C:/ST/STM32CubeIDE_1.16.1/STM32CubeIDE/plugins/com.st.stm32cube.ide.mcu.externaltools.gnu-tools-for-stm32.12.3.rel1.win32_1.0.200.202406191623/tools/bin/../lib/gcc/arm-none-eabi/12.3.1/thumb/v7-m/nofp/crtbegin.o
 *(.init)
 .init          0x08008234        0x4 C:/ST/STM32CubeIDE_1.16.1/STM32CubeIDE/plugins/com.st.stm32cube.ide.mcu.externaltools.gnu-tools-for-stm32.12.3.rel1.win32_1.0.200.202406191623/tools/bin/../lib/gcc/arm-none-eabi/12.3.1/thumb/v7-m/nofp/crti.o
                0x08008234                _init
 .init          0x08008238        0x8 C:/ST/STM32CubeIDE_1.16.1/STM32CubeIDE/plugins/com.st.stm32cube.ide.mcu.externaltools.gnu-tools-for-stm32.12.3.rel1.win32_1.0.200.202406191623/tools/bin/../lib/gcc/arm-none-eabi/12.3.1/thumb/v7-m/nofp/crtn.o
 *(.fini)
 .fini          0x08008240        0x4 C:/ST/STM32CubeIDE_1.16.1/STM32CubeIDE/plugins/com.st.stm32cube.ide.mcu.externaltools.gnu-tools-for-stm32.12.3.rel1.win32_1.0.200.202406191623/tools/bin/../lib/gcc/arm-none-eabi/12.3.1/thumb/v7-m/nofp/crti.o
                0x08008240                _fini
 .fini          0x08008244        0x8 C:/ST/STM32CubeIDE_1.16.1/STM32CubeIDE/plugins/com.st.stm32cube.ide.mcu.externaltools.gnu-tools-for-stm32.12.3.rel1.win32_1.0.200.202406191623/tools/bin/../lib/gcc/arm-none-eabi/12.3.1/thumb/v7-m/nofp/crtn.o
                0x0800824c                        . = ALIGN (0x4)
                0x0800824c                        _etext = .

.vfp11_veneer   0x0800824c        0x0
 .vfp11_veneer  0x0800824c        0x0 linker stubs

.v4_bx          0x0800824c        0x0
 .v4_bx         0x0800824c        0x0 linker stubs

.iplt           0x0800824c        0x0
 .iplt          0x0800824c        0x0 C:/ST/STM32CubeIDE_1.16.1/STM32CubeIDE/plugins/com.st.stm32cube.ide.mcu.externaltools.gnu-tools-for-stm32.12.3.rel1.win32_1.0.200.202406191623/tools/bin/../lib/gcc/arm-none-eabi/12.3.1/thumb/v7-m/nofp/crtbegin.o

.rodata         0x08008250      0x578
                0x08008250                        . = ALIGN (0x4)
 *(.rodata)
 .rodata        0x08008250      0x1df ./APP/CMDLine/app_command.o
 *(.rodata*)
 *fill*         0x0800842f        0x1 
 .rodata.CHANNEL_OFFSET_TAB
                0x08008430        0x7 ./BSP/DMA/dma.o
 *fill*         0x08008437        0x1 
 .rodata.CHANNEL_OFFSET_TAB
                0x08008438        0x7 ./Core/Src/main.o
 *fill*         0x0800843f        0x1 
 .rodata.AHBPrescTable
                0x08008440       0x10 ./Core/Src/system_stm32f1xx.o
                0x08008440                AHBPrescTable
 .rodata.APBPrescTable
                0x08008450        0x8 ./Core/Src/system_stm32f1xx.o
                0x08008450                APBPrescTable
 .rodata._printf_float.str1.1
                0x08008458       0x12 C:/ST/STM32CubeIDE_1.16.1/STM32CubeIDE/plugins/com.st.stm32cube.ide.mcu.externaltools.gnu-tools-for-stm32.12.3.rel1.win32_1.0.200.202406191623/tools/bin/../lib/gcc/arm-none-eabi/12.3.1/../../../../arm-none-eabi/lib/thumb/v7-m/nofp\libc_nano.a(libc_a-nano-vfprintf_float.o)
 .rodata._printf_i.str1.1
                0x0800846a       0x22 C:/ST/STM32CubeIDE_1.16.1/STM32CubeIDE/plugins/com.st.stm32cube.ide.mcu.externaltools.gnu-tools-for-stm32.12.3.rel1.win32_1.0.200.202406191623/tools/bin/../lib/gcc/arm-none-eabi/12.3.1/../../../../arm-none-eabi/lib/thumb/v7-m/nofp\libc_nano.a(libc_a-nano-vfprintf_i.o)
 .rodata._dtoa_r.str1.1
                0x0800848c       0x8d C:/ST/STM32CubeIDE_1.16.1/STM32CubeIDE/plugins/com.st.stm32cube.ide.mcu.externaltools.gnu-tools-for-stm32.12.3.rel1.win32_1.0.200.202406191623/tools/bin/../lib/gcc/arm-none-eabi/12.3.1/../../../../arm-none-eabi/lib/thumb/v7-m/nofp\libc_nano.a(libc_a-dtoa.o)
                                 0x8f (size before relaxing)
 .rodata._Balloc.str1.1
                0x08008519       0x59 C:/ST/STM32CubeIDE_1.16.1/STM32CubeIDE/plugins/com.st.stm32cube.ide.mcu.externaltools.gnu-tools-for-stm32.12.3.rel1.win32_1.0.200.202406191623/tools/bin/../lib/gcc/arm-none-eabi/12.3.1/../../../../arm-none-eabi/lib/thumb/v7-m/nofp\libc_nano.a(libc_a-mprec.o)
                                 0x70 (size before relaxing)
 .rodata.__multadd.str1.1
                0x08008572       0x11 C:/ST/STM32CubeIDE_1.16.1/STM32CubeIDE/plugins/com.st.stm32cube.ide.mcu.externaltools.gnu-tools-for-stm32.12.3.rel1.win32_1.0.200.202406191623/tools/bin/../lib/gcc/arm-none-eabi/12.3.1/../../../../arm-none-eabi/lib/thumb/v7-m/nofp\libc_nano.a(libc_a-mprec.o)
 *fill*         0x08008572        0x2 
 .rodata.p05.0  0x08008574        0xc C:/ST/STM32CubeIDE_1.16.1/STM32CubeIDE/plugins/com.st.stm32cube.ide.mcu.externaltools.gnu-tools-for-stm32.12.3.rel1.win32_1.0.200.202406191623/tools/bin/../lib/gcc/arm-none-eabi/12.3.1/../../../../arm-none-eabi/lib/thumb/v7-m/nofp\libc_nano.a(libc_a-mprec.o)
 .rodata.__mprec_bigtens
                0x08008580       0x28 C:/ST/STM32CubeIDE_1.16.1/STM32CubeIDE/plugins/com.st.stm32cube.ide.mcu.externaltools.gnu-tools-for-stm32.12.3.rel1.win32_1.0.200.202406191623/tools/bin/../lib/gcc/arm-none-eabi/12.3.1/../../../../arm-none-eabi/lib/thumb/v7-m/nofp\libc_nano.a(libc_a-mprec.o)
                0x08008580                __mprec_bigtens
 .rodata.__mprec_tens
                0x080085a8       0xc8 C:/ST/STM32CubeIDE_1.16.1/STM32CubeIDE/plugins/com.st.stm32cube.ide.mcu.externaltools.gnu-tools-for-stm32.12.3.rel1.win32_1.0.200.202406191623/tools/bin/../lib/gcc/arm-none-eabi/12.3.1/../../../../arm-none-eabi/lib/thumb/v7-m/nofp\libc_nano.a(libc_a-mprec.o)
                0x080085a8                __mprec_tens
 .rodata._svfprintf_r.str1.1
                0x08008670       0x11 C:/ST/STM32CubeIDE_1.16.1/STM32CubeIDE/plugins/com.st.stm32cube.ide.mcu.externaltools.gnu-tools-for-stm32.12.3.rel1.win32_1.0.200.202406191623/tools/bin/../lib/gcc/arm-none-eabi/12.3.1/../../../../arm-none-eabi/lib/thumb/v7-m/nofp\libc_nano.a(libc_a-nano-svfprintf.o)
 .rodata._setlocale_r.str1.1
                0x08008681        0x8 C:/ST/STM32CubeIDE_1.16.1/STM32CubeIDE/plugins/com.st.stm32cube.ide.mcu.externaltools.gnu-tools-for-stm32.12.3.rel1.win32_1.0.200.202406191623/tools/bin/../lib/gcc/arm-none-eabi/12.3.1/../../../../arm-none-eabi/lib/thumb/v7-m/nofp\libc_nano.a(libc_a-locale.o)
                                  0x9 (size before relaxing)
 .rodata.str1.1
                0x08008689        0x2 C:/ST/STM32CubeIDE_1.16.1/STM32CubeIDE/plugins/com.st.stm32cube.ide.mcu.externaltools.gnu-tools-for-stm32.12.3.rel1.win32_1.0.200.202406191623/tools/bin/../lib/gcc/arm-none-eabi/12.3.1/../../../../arm-none-eabi/lib/thumb/v7-m/nofp\libc_nano.a(libc_a-locale.o)
 .rodata.__assert_func.str1.1
                0x0800868b       0x3c C:/ST/STM32CubeIDE_1.16.1/STM32CubeIDE/plugins/com.st.stm32cube.ide.mcu.externaltools.gnu-tools-for-stm32.12.3.rel1.win32_1.0.200.202406191623/tools/bin/../lib/gcc/arm-none-eabi/12.3.1/../../../../arm-none-eabi/lib/thumb/v7-m/nofp\libc_nano.a(libc_a-assert.o)
                                 0x3d (size before relaxing)
 .rodata._ctype_
                0x080086c7      0x101 C:/ST/STM32CubeIDE_1.16.1/STM32CubeIDE/plugins/com.st.stm32cube.ide.mcu.externaltools.gnu-tools-for-stm32.12.3.rel1.win32_1.0.200.202406191623/tools/bin/../lib/gcc/arm-none-eabi/12.3.1/../../../../arm-none-eabi/lib/thumb/v7-m/nofp\libc_nano.a(libc_a-ctype_.o)
                0x080086c7                _ctype_
 .rodata._vfprintf_r.str1.1
                0x080087c8       0x11 C:/ST/STM32CubeIDE_1.16.1/STM32CubeIDE/plugins/com.st.stm32cube.ide.mcu.externaltools.gnu-tools-for-stm32.12.3.rel1.win32_1.0.200.202406191623/tools/bin/../lib/gcc/arm-none-eabi/12.3.1/../../../../arm-none-eabi/lib/thumb/v7-m/nofp\libc_nano.a(libc_a-nano-vfprintf.o)
                0x080087dc                        . = ALIGN (0x4)

.ARM.extab      0x080087c8        0x0
                0x080087c8                        . = ALIGN (0x4)
 *(.ARM.extab* .gnu.linkonce.armextab.*)
                0x080087c8                        . = ALIGN (0x4)

.ARM            0x080087c8        0x8
                0x080087c8                        . = ALIGN (0x4)
                0x080087c8                        __exidx_start = .
 *(.ARM.exidx*)
 .ARM.exidx     0x080087c8        0x8 C:/ST/STM32CubeIDE_1.16.1/STM32CubeIDE/plugins/com.st.stm32cube.ide.mcu.externaltools.gnu-tools-for-stm32.12.3.rel1.win32_1.0.200.202406191623/tools/bin/../lib/gcc/arm-none-eabi/12.3.1/../../../../arm-none-eabi/lib/thumb/v7-m/nofp\libc_nano.a(libc_a-strcmp.o)
 .ARM.exidx     0x080087d0        0x0 C:/ST/STM32CubeIDE_1.16.1/STM32CubeIDE/plugins/com.st.stm32cube.ide.mcu.externaltools.gnu-tools-for-stm32.12.3.rel1.win32_1.0.200.202406191623/tools/bin/../lib/gcc/arm-none-eabi/12.3.1/../../../../arm-none-eabi/lib/thumb/v7-m/nofp\libc_nano.a(libc_a-strlen.o)
                                  0x8 (size before relaxing)
                0x080087d0                        __exidx_end = .
                0x080087d0                        . = ALIGN (0x4)

.preinit_array  0x080087d0        0x0
                0x080087d0                        . = ALIGN (0x4)
                0x080087d0                        PROVIDE (__preinit_array_start = .)
 *(.preinit_array*)
                0x080087d0                        PROVIDE (__preinit_array_end = .)
                0x080087d0                        . = ALIGN (0x4)

.init_array     0x080087d0        0x4
                0x080087d0                        . = ALIGN (0x4)
                0x080087d0                        PROVIDE (__init_array_start = .)
 *(SORT_BY_NAME(.init_array.*))
 *(.init_array*)
 .init_array    0x080087d0        0x4 C:/ST/STM32CubeIDE_1.16.1/STM32CubeIDE/plugins/com.st.stm32cube.ide.mcu.externaltools.gnu-tools-for-stm32.12.3.rel1.win32_1.0.200.202406191623/tools/bin/../lib/gcc/arm-none-eabi/12.3.1/thumb/v7-m/nofp/crtbegin.o
                0x080087d4                        PROVIDE (__init_array_end = .)
                0x080087d4                        . = ALIGN (0x4)

.fini_array     0x080087d4        0x4
                0x080087d4                        . = ALIGN (0x4)
                [!provide]                        PROVIDE (__fini_array_start = .)
 *(SORT_BY_NAME(.fini_array.*))
 *(.fini_array*)
 .fini_array    0x080087d4        0x4 C:/ST/STM32CubeIDE_1.16.1/STM32CubeIDE/plugins/com.st.stm32cube.ide.mcu.externaltools.gnu-tools-for-stm32.12.3.rel1.win32_1.0.200.202406191623/tools/bin/../lib/gcc/arm-none-eabi/12.3.1/thumb/v7-m/nofp/crtbegin.o
                [!provide]                        PROVIDE (__fini_array_end = .)
                0x080087d8                        . = ALIGN (0x4)
                0x080087d8                        _sidata = LOADADDR (.data)

.rel.dyn        0x080087d8        0x0
 .rel.iplt      0x080087d8        0x0 C:/ST/STM32CubeIDE_1.16.1/STM32CubeIDE/plugins/com.st.stm32cube.ide.mcu.externaltools.gnu-tools-for-stm32.12.3.rel1.win32_1.0.200.202406191623/tools/bin/../lib/gcc/arm-none-eabi/12.3.1/thumb/v7-m/nofp/crtbegin.o

.data           0x20000000      0x298 load address 0x080087d8
                0x20000000                        . = ALIGN (0x4)
                0x20000000                        _sdata = .
 *(.data)
 *(.data*)
 .data.ErrorCode
                0x20000000       0x18 ./APP/CMDLine/app_command.o
 .data.s_CommandTaskContext
                0x20000018       0x10 ./APP/CMDLine/app_command.o
 .data.g_psCmdTable
                0x20000028       0x30 ./APP/CMDLine/app_command.o
                0x20000028                g_psCmdTable
 .data.s_ControlTaskContext
                0x20000058       0x10 ./APP/Calculator_PF/app_calculator_PF.o
 .data.s_ControlTaskContext
                0x20000068       0x10 ./APP/Data_Trans_Rec/app_data_trans_rec.o
 .data.u8_data_mask_led
                0x20000078        0xa ./APP/Led_7_Seg/app_led_7seg.o
 *fill*         0x20000082        0x2 
 .data.s_ControlTaskContext
                0x20000084       0x10 ./APP/Led_7_Seg/app_led_7seg.o
 .data.s_ControlTaskContext
                0x20000094       0x10 ./APP/Read_Peek_Voltage_Current/app_read_data.o
 .data.s_StatusLedTaskContext
                0x200000a4       0x10 ./APP/Status_Led/app_status_led.o
 .data.s_StatusLedTimerContext
                0x200000b4       0x18 ./APP/Status_Led/app_status_led.o
 .data.SystemCoreClock
                0x200000cc        0x4 ./Core/Src/system_stm32f1xx.o
                0x200000cc                SystemCoreClock
 .data.__sglue  0x200000d0        0xc C:/ST/STM32CubeIDE_1.16.1/STM32CubeIDE/plugins/com.st.stm32cube.ide.mcu.externaltools.gnu-tools-for-stm32.12.3.rel1.win32_1.0.200.202406191623/tools/bin/../lib/gcc/arm-none-eabi/12.3.1/../../../../arm-none-eabi/lib/thumb/v7-m/nofp\libc_nano.a(libc_a-findfp.o)
                0x200000d0                __sglue
 .data._impure_ptr
                0x200000dc        0x4 C:/ST/STM32CubeIDE_1.16.1/STM32CubeIDE/plugins/com.st.stm32cube.ide.mcu.externaltools.gnu-tools-for-stm32.12.3.rel1.win32_1.0.200.202406191623/tools/bin/../lib/gcc/arm-none-eabi/12.3.1/../../../../arm-none-eabi/lib/thumb/v7-m/nofp\libc_nano.a(libc_a-impure.o)
                0x200000dc                _impure_ptr
 .data._impure_data
                0x200000e0       0x4c C:/ST/STM32CubeIDE_1.16.1/STM32CubeIDE/plugins/com.st.stm32cube.ide.mcu.externaltools.gnu-tools-for-stm32.12.3.rel1.win32_1.0.200.202406191623/tools/bin/../lib/gcc/arm-none-eabi/12.3.1/../../../../arm-none-eabi/lib/thumb/v7-m/nofp\libc_nano.a(libc_a-impure.o)
                0x200000e0                _impure_data
 .data.__global_locale
                0x2000012c      0x16c C:/ST/STM32CubeIDE_1.16.1/STM32CubeIDE/plugins/com.st.stm32cube.ide.mcu.externaltools.gnu-tools-for-stm32.12.3.rel1.win32_1.0.200.202406191623/tools/bin/../lib/gcc/arm-none-eabi/12.3.1/../../../../arm-none-eabi/lib/thumb/v7-m/nofp\libc_nano.a(libc_a-locale.o)
                0x2000012c                __global_locale
 *(.RamFunc)
 *(.RamFunc*)
                0x20000298                        . = ALIGN (0x4)
                0x20000298                        _edata = .

.igot.plt       0x20000298        0x0 load address 0x08008a70
 .igot.plt      0x20000298        0x0 C:/ST/STM32CubeIDE_1.16.1/STM32CubeIDE/plugins/com.st.stm32cube.ide.mcu.externaltools.gnu-tools-for-stm32.12.3.rel1.win32_1.0.200.202406191623/tools/bin/../lib/gcc/arm-none-eabi/12.3.1/thumb/v7-m/nofp/crtbegin.o
                0x20000298                        . = ALIGN (0x4)

.bss            0x20000298      0x854 load address 0x08008a70
                0x20000298                        _sbss = .
                0x20000298                        __bss_start__ = _sbss
 *(.bss)
 .bss           0x20000298       0x1c C:/ST/STM32CubeIDE_1.16.1/STM32CubeIDE/plugins/com.st.stm32cube.ide.mcu.externaltools.gnu-tools-for-stm32.12.3.rel1.win32_1.0.200.202406191623/tools/bin/../lib/gcc/arm-none-eabi/12.3.1/thumb/v7-m/nofp/crtbegin.o
 *(.bss*)
 .bss.g_ppcArgv
                0x200002b4       0x24 ./APP/CMDLine/app_cmdline.o
 .bss.s_commandBuffer
                0x200002d8       0xff ./APP/CMDLine/app_command.o
 .bss.s_commandBufferIndex
                0x200003d7        0x1 ./APP/CMDLine/app_command.o
 .bss.uart_cfg_cml
                0x200003d8        0x4 ./APP/CMDLine/app_command.o
 .bss.s_calculator_pf
                0x200003dc       0x10 ./APP/Calculator_PF/app_calculator_PF.o
 .bss.s_data_system
                0x200003ec      0x484 ./APP/Data/app_data.o
                0x200003ec                s_data_system
 .bss.s_data_trans_rec
                0x20000870       0x30 ./APP/Data_Trans_Rec/app_data_trans_rec.o
 .bss.s_LED_7SEG
                0x200008a0       0x70 ./APP/Led_7_Seg/app_led_7seg.o
 .bss.s_read_data
                0x20000910       0x14 ./APP/Read_Peek_Voltage_Current/app_read_data.o
 .bss.s_status_led
                0x20000924        0x1 ./APP/Status_Led/app_status_led.o
 *fill*         0x20000925        0x3 
 .bss.u32_adc_timeout
                0x20000928        0x4 ./BSP/ADC/adc.o
 .bss.u32_uart_timeout
                0x2000092c        0x4 ./BSP/UART/uart.o
 .bss.status    0x20000930        0x1 ./Core/Src/stm32f1xx_it.o
 *fill*         0x20000931        0x3 
 .bss.__sbrk_heap_end
                0x20000934        0x4 ./Core/Src/sysmem.o
 .bss.s_TaskContext
                0x20000938       0x3c ./Scheduler/scheduler.o
 .bss.s_NumOfTaskScheduled
                0x20000974        0x1 ./Scheduler/scheduler.o
 *fill*         0x20000975        0x3 
 .bss.s_TimerContext
                0x20000978       0x18 ./Scheduler/scheduler.o
 .bss.s_NumOfTimers
                0x20000990        0x1 ./Scheduler/scheduler.o
 *fill*         0x20000991        0x3 
 .bss.s_SystemTick
                0x20000994        0x4 ./Scheduler/scheduler.o
                0x20000994                s_SystemTick
 .bss.s_SoftTimers
                0x20000998        0x8 ./Scheduler/scheduler.o
                0x20000998                s_SoftTimers
 .bss.__sf      0x200009a0      0x138 C:/ST/STM32CubeIDE_1.16.1/STM32CubeIDE/plugins/com.st.stm32cube.ide.mcu.externaltools.gnu-tools-for-stm32.12.3.rel1.win32_1.0.200.202406191623/tools/bin/../lib/gcc/arm-none-eabi/12.3.1/../../../../arm-none-eabi/lib/thumb/v7-m/nofp\libc_nano.a(libc_a-findfp.o)
                0x200009a0                __sf
 .bss.__stdio_exit_handler
                0x20000ad8        0x4 C:/ST/STM32CubeIDE_1.16.1/STM32CubeIDE/plugins/com.st.stm32cube.ide.mcu.externaltools.gnu-tools-for-stm32.12.3.rel1.win32_1.0.200.202406191623/tools/bin/../lib/gcc/arm-none-eabi/12.3.1/../../../../arm-none-eabi/lib/thumb/v7-m/nofp\libc_nano.a(libc_a-findfp.o)
                0x20000ad8                __stdio_exit_handler
 .bss.errno     0x20000adc        0x4 C:/ST/STM32CubeIDE_1.16.1/STM32CubeIDE/plugins/com.st.stm32cube.ide.mcu.externaltools.gnu-tools-for-stm32.12.3.rel1.win32_1.0.200.202406191623/tools/bin/../lib/gcc/arm-none-eabi/12.3.1/../../../../arm-none-eabi/lib/thumb/v7-m/nofp\libc_nano.a(libc_a-reent.o)
                0x20000adc                errno
 .bss.__lock___malloc_recursive_mutex
                0x20000ae0        0x1 C:/ST/STM32CubeIDE_1.16.1/STM32CubeIDE/plugins/com.st.stm32cube.ide.mcu.externaltools.gnu-tools-for-stm32.12.3.rel1.win32_1.0.200.202406191623/tools/bin/../lib/gcc/arm-none-eabi/12.3.1/../../../../arm-none-eabi/lib/thumb/v7-m/nofp\libc_nano.a(libc_a-lock.o)
                0x20000ae0                __lock___malloc_recursive_mutex
 .bss.__lock___sfp_recursive_mutex
                0x20000ae1        0x1 C:/ST/STM32CubeIDE_1.16.1/STM32CubeIDE/plugins/com.st.stm32cube.ide.mcu.externaltools.gnu-tools-for-stm32.12.3.rel1.win32_1.0.200.202406191623/tools/bin/../lib/gcc/arm-none-eabi/12.3.1/../../../../arm-none-eabi/lib/thumb/v7-m/nofp\libc_nano.a(libc_a-lock.o)
                0x20000ae1                __lock___sfp_recursive_mutex
 *fill*         0x20000ae2        0x2 
 .bss.__malloc_sbrk_start
                0x20000ae4        0x4 C:/ST/STM32CubeIDE_1.16.1/STM32CubeIDE/plugins/com.st.stm32cube.ide.mcu.externaltools.gnu-tools-for-stm32.12.3.rel1.win32_1.0.200.202406191623/tools/bin/../lib/gcc/arm-none-eabi/12.3.1/../../../../arm-none-eabi/lib/thumb/v7-m/nofp\libc_nano.a(libc_a-mallocr.o)
                0x20000ae4                __malloc_sbrk_start
 .bss.__malloc_free_list
                0x20000ae8        0x4 C:/ST/STM32CubeIDE_1.16.1/STM32CubeIDE/plugins/com.st.stm32cube.ide.mcu.externaltools.gnu-tools-for-stm32.12.3.rel1.win32_1.0.200.202406191623/tools/bin/../lib/gcc/arm-none-eabi/12.3.1/../../../../arm-none-eabi/lib/thumb/v7-m/nofp\libc_nano.a(libc_a-mallocr.o)
                0x20000ae8                __malloc_free_list
 *(COMMON)
                0x20000aec                        . = ALIGN (0x4)
                0x20000aec                        _ebss = .
                0x20000aec                        __bss_end__ = _ebss

._user_heap_stack
                0x20000aec      0x604 load address 0x08008a70
                0x20000af0                        . = ALIGN (0x8)
 *fill*         0x20000aec        0x4 
                [!provide]                        PROVIDE (end = .)
                0x20000af0                        PROVIDE (_end = .)
                0x20000cf0                        . = (. + _Min_Heap_Size)
 *fill*         0x20000af0      0x200 
                0x200010f0                        . = (. + _Min_Stack_Size)
 *fill*         0x20000cf0      0x400 
                0x200010f0                        . = ALIGN (0x8)

/DISCARD/
 libc.a(*)
 libm.a(*)
 libgcc.a(*)

.ARM.attributes
                0x00000000       0x29
 *(.ARM.attributes)
 .ARM.attributes
                0x00000000       0x1d C:/ST/STM32CubeIDE_1.16.1/STM32CubeIDE/plugins/com.st.stm32cube.ide.mcu.externaltools.gnu-tools-for-stm32.12.3.rel1.win32_1.0.200.202406191623/tools/bin/../lib/gcc/arm-none-eabi/12.3.1/thumb/v7-m/nofp/crti.o
 .ARM.attributes
                0x0000001d       0x2d C:/ST/STM32CubeIDE_1.16.1/STM32CubeIDE/plugins/com.st.stm32cube.ide.mcu.externaltools.gnu-tools-for-stm32.12.3.rel1.win32_1.0.200.202406191623/tools/bin/../lib/gcc/arm-none-eabi/12.3.1/thumb/v7-m/nofp/crtbegin.o
 .ARM.attributes
                0x0000004a       0x2d ./APP/CMDLine/app_cmdline.o
 .ARM.attributes
                0x00000077       0x2d ./APP/CMDLine/app_command.o
 .ARM.attributes
                0x000000a4       0x2d ./APP/Calculator_PF/app_calculator_PF.o
 .ARM.attributes
                0x000000d1       0x2d ./APP/Data/app_data.o
 .ARM.attributes