Archive member included to satisfy reference by file (symbol)

C:/ST/STM32CubeIDE_1.16.1/STM32CubeIDE/plugins/com.st.stm32cube.ide.mcu.externaltools.gnu-tools-for-stm32.12.3.rel1.win32_1.0.200.202406191623/tools/bin/../lib/gcc/arm-none-eabi/12.3.1/../../../../arm-none-eabi/lib/thumb/v7-m/nofp\libc_nano.a(libc_a-exit.o)
                              C:/ST/STM32CubeIDE_1.16.1/STM32CubeIDE/plugins/com.st.stm32cube.ide.mcu.externaltools.gnu-tools-for-stm32.12.3.rel1.win32_1.0.200.202406191623/tools/bin/../lib/gcc/arm-none-eabi/12.3.1/../../../../arm-none-eabi/lib/thumb/v7-m/nofp/crt0.o (exit)
C:/ST/STM32CubeIDE_1.16.1/STM32CubeIDE/plugins/com.st.stm32cube.ide.mcu.externaltools.gnu-tools-for-stm32.12.3.rel1.win32_1.0.200.202406191623/tools/bin/../lib/gcc/arm-none-eabi/12.3.1/../../../../arm-none-eabi/lib/thumb/v7-m/nofp\libc_nano.a(libc_a-nano-vfprintf_float.o)
                              (_printf_float)
C:/ST/STM32CubeIDE_1.16.1/STM32CubeIDE/plugins/com.st.stm32cube.ide.mcu.externaltools.gnu-tools-for-stm32.12.3.rel1.win32_1.0.200.202406191623/tools/bin/../lib/gcc/arm-none-eabi/12.3.1/../../../../arm-none-eabi/lib/thumb/v7-m/nofp\libc_nano.a(libc_a-nano-vfprintf_i.o)
                              C:/ST/STM32CubeIDE_1.16.1/STM32CubeIDE/plugins/com.st.stm32cube.ide.mcu.externaltools.gnu-tools-for-stm32.12.3.rel1.win32_1.0.200.202406191623/tools/bin/../lib/gcc/arm-none-eabi/12.3.1/../../../../arm-none-eabi/lib/thumb/v7-m/nofp\libc_nano.a(libc_a-nano-vfprintf_float.o) (_printf_common)
C:/ST/STM32CubeIDE_1.16.1/STM32CubeIDE/plugins/com.st.stm32cube.ide.mcu.externaltools.gnu-tools-for-stm32.12.3.rel1.win32_1.0.200.202406191623/tools/bin/../lib/gcc/arm-none-eabi/12.3.1/../../../../arm-none-eabi/lib/thumb/v7-m/nofp\libc_nano.a(libc_a-findfp.o)
                              C:/ST/STM32CubeIDE_1.16.1/STM32CubeIDE/plugins/com.st.stm32cube.ide.mcu.externaltools.gnu-tools-for-stm32.12.3.rel1.win32_1.0.200.202406191623/tools/bin/../lib/gcc/arm-none-eabi/12.3.1/../../../../arm-none-eabi/lib/thumb/v7-m/nofp\libc_nano.a(libc_a-exit.o) (__stdio_exit_handler)
C:/ST/STM32CubeIDE_1.16.1/STM32CubeIDE/plugins/com.st.stm32cube.ide.mcu.externaltools.gnu-tools-for-stm32.12.3.rel1.win32_1.0.200.202406191623/tools/bin/../lib/gcc/arm-none-eabi/12.3.1/../../../../arm-none-eabi/lib/thumb/v7-m/nofp\libc_nano.a(libc_a-fwalk.o)
                              C:/ST/STM32CubeIDE_1.16.1/STM32CubeIDE/plugins/com.st.stm32cube.ide.mcu.externaltools.gnu-tools-for-stm32.12.3.rel1.win32_1.0.200.202406191623/tools/bin/../lib/gcc/arm-none-eabi/12.3.1/../../../../arm-none-eabi/lib/thumb/v7-m/nofp\libc_nano.a(libc_a-findfp.o) (_fwalk_sglue)
C:/ST/STM32CubeIDE_1.16.1/STM32CubeIDE/plugins/com.st.stm32cube.ide.mcu.externaltools.gnu-tools-for-stm32.12.3.rel1.win32_1.0.200.202406191623/tools/bin/../lib/gcc/arm-none-eabi/12.3.1/../../../../arm-none-eabi/lib/thumb/v7-m/nofp\libc_nano.a(libc_a-stdio.o)
                              C:/ST/STM32CubeIDE_1.16.1/STM32CubeIDE/plugins/com.st.stm32cube.ide.mcu.externaltools.gnu-tools-for-stm32.12.3.rel1.win32_1.0.200.202406191623/tools/bin/../lib/gcc/arm-none-eabi/12.3.1/../../../../arm-none-eabi/lib/thumb/v7-m/nofp\libc_nano.a(libc_a-findfp.o) (__sread)
C:/ST/STM32CubeIDE_1.16.1/STM32CubeIDE/plugins/com.st.stm32cube.ide.mcu.externaltools.gnu-tools-for-stm32.12.3.rel1.win32_1.0.200.202406191623/tools/bin/../lib/gcc/arm-none-eabi/12.3.1/../../../../arm-none-eabi/lib/thumb/v7-m/nofp\libc_nano.a(libc_a-memset.o)
                              C:/ST/STM32CubeIDE_1.16.1/STM32CubeIDE/plugins/com.st.stm32cube.ide.mcu.externaltools.gnu-tools-for-stm32.12.3.rel1.win32_1.0.200.202406191623/tools/bin/../lib/gcc/arm-none-eabi/12.3.1/../../../../arm-none-eabi/lib/thumb/v7-m/nofp/crt0.o (memset)
C:/ST/STM32CubeIDE_1.16.1/STM32CubeIDE/plugins/com.st.stm32cube.ide.mcu.externaltools.gnu-tools-for-stm32.12.3.rel1.win32_1.0.200.202406191623/tools/bin/../lib/gcc/arm-none-eabi/12.3.1/../../../../arm-none-eabi/lib/thumb/v7-m/nofp\libc_nano.a(libc_a-localeconv.o)
                              C:/ST/STM32CubeIDE_1.16.1/STM32CubeIDE/plugins/com.st.stm32cube.ide.mcu.externaltools.gnu-tools-for-stm32.12.3.rel1.win32_1.0.200.202406191623/tools/bin/../lib/gcc/arm-none-eabi/12.3.1/../../../../arm-none-eabi/lib/thumb/v7-m/nofp\libc_nano.a(libc_a-nano-vfprintf_float.o) (_localeconv_r)
C:/ST/STM32CubeIDE_1.16.1/STM32CubeIDE/plugins/com.st.stm32cube.ide.mcu.externaltools.gnu-tools-for-stm32.12.3.rel1.win32_1.0.200.202406191623/tools/bin/../lib/gcc/arm-none-eabi/12.3.1/../../../../arm-none-eabi/lib/thumb/v7-m/nofp\libc_nano.a(libc_a-closer.o)
                              C:/ST/STM32CubeIDE_1.16.1/STM32CubeIDE/plugins/com.st.stm32cube.ide.mcu.externaltools.gnu-tools-for-stm32.12.3.rel1.win32_1.0.200.202406191623/tools/bin/../lib/gcc/arm-none-eabi/12.3.1/../../../../arm-none-eabi/lib/thumb/v7-m/nofp\libc_nano.a(libc_a-stdio.o) (_close_r)
[...]
Memory Configuration

Name             Origin             Length             Attributes
RAM              0x20000000         0x00005000         xrw
FLASH            0x08000000         0x00010000         xr
*default*        0x00000000         0xffffffff

Linker script and memory map

LOAD C:/ST/STM32CubeIDE_1.16.1/STM32CubeIDE/plugins/com.st.stm32cube.ide.mcu.externaltools.gnu-tools-for-stm32.12.3.rel1.win32_1.0.200.202406191623/tools/bin/../lib/gcc/arm-none-eabi/12.3.1/thumb/v7-m/nofp/crti.o
LOAD C:/ST/STM32CubeIDE_1.16.1/STM32CubeIDE/plugins/com.st.stm32cube.ide.mcu.externaltools.gnu-tools-for-stm32.12.3.rel1.win32_1.0.200.202406191623/tools/bin/../lib/gcc/arm-none-eabi/12.3.1/thumb/v7-m/nofp/crtbegin.o
LOAD C:/ST/STM32CubeIDE_1.16.1/STM32CubeIDE/plugins/com.st.stm32cube.ide.mcu.externaltools.gnu-tools-for-stm32.12.3.rel1.win32_1.0.200.202406191623/tools/bin/../lib/gcc/arm-none-eabi/12.3.1/../../../../arm-none-eabi/lib/thumb/v7-m/nofp/crt0.o
LOAD ./APP/CMDLine/app_cmdline.o
LOAD ./APP/CMDLine/app_command.o
LOAD ./APP/Calculator_PF/app_calculator_PF.o
LOAD ./APP/Data/app_data.o
LOAD ./APP/Data_Transmission/app_data_transmission.o
LOAD ./APP/Read_Peek_Voltage_Current/app_read_data.o
LOAD ./BSP/ADC/adc.o
LOAD ./BSP/DMA/dma.o
LOAD ./BSP/SYSTICK/systick.o
LOAD ./BSP/UART/uart.o
LOAD ./Core/Src/main.o
LOAD ./Core/Src/stm32f1xx_it.o
LOAD ./Core/Src/syscalls.o
LOAD ./Core/Src/sysmem.o
LOAD ./Core/Src/system_stm32f1xx.o
LOAD ./Core/Startup/startup_stm32f103c8tx.o
LOAD ./Drivers/STM32F1xx_HAL_Driver/Src/stm32f1xx_ll_adc.o
LOAD ./Drivers/STM32F1xx_HAL_Driver/Src/stm32f1xx_ll_dma.o
LOAD ./Drivers/STM32F1xx_HAL_Driver/Src/stm32f1xx_ll_exti.o
LOAD ./Drivers/STM32F1xx_HAL_Driver/Src/stm32f1xx_ll_gpio.o
LOAD ./Drivers/STM32F1xx_HAL_Driver/Src/stm32f1xx_ll_pwr.o
LOAD ./Drivers/STM32F1xx_HAL_Driver/Src/stm32f1xx_ll_rcc.o
LOAD ./Drivers/STM32F1xx_HAL_Driver/Src/stm32f1xx_ll_tim.o
LOAD ./Drivers/STM32F1xx_HAL_Driver/Src/stm32f1xx_ll_usart.o
LOAD ./Drivers/STM32F1xx_HAL_Driver/Src/stm32f1xx_ll_utils.o
LOAD ./Middleware/Ring_Buffer/ring_buffer.o
LOAD ./Scheduler/scheduler.o
START GROUP
LOAD C:/ST/STM32CubeIDE_1.16.1/STM32CubeIDE/plugins/com.st.stm32cube.ide.mcu.externaltools.gnu-tools-for-stm32.12.3.rel1.win32_1.0.200.202406191623/tools/bin/../lib/gcc/arm-none-eabi/12.3.1/../../../../arm-none-eabi/lib/thumb/v7-m/nofp\libc_nano.a
LOAD C:/ST/STM32CubeIDE_1.16.1/STM32CubeIDE/plugins/com.st.stm32cube.ide.mcu.externaltools.gnu-tools-for-stm32.12.3.rel1.win32_1.0.200.202406191623/tools/bin/../lib/gcc/arm-none-eabi/12.3.1/../../../../arm-none-eabi/lib/thumb/v7-m/nofp\libm.a
END GROUP
START GROUP
LOAD C:/ST/STM32CubeIDE_1.16.1/STM32CubeIDE/plugins/com.st.stm32cube.ide.mcu.externaltools.gnu-tools-for-stm32.12.3.rel1.win32_1.0.200.202406191623/tools/bin/../lib/gcc/arm-none-eabi/12.3.1/thumb/v7-m/nofp\libgcc.a
LOAD C:/ST/STM32CubeIDE_1.16.1/STM32CubeIDE/plugins/com.st.stm32cube.ide.mcu.externaltools.gnu-tools-for-stm32.12.3.rel1.win32_1.0.200.202406191623/tools/bin/../lib/gcc/arm-none-eabi/12.3.1/../../../../arm-none-eabi/lib/thumb/v7-m/nofp\libc_nano.a
END GROUP
START GROUP
LOAD C:/ST/STM32CubeIDE_1.16.1/STM32CubeIDE/plugins/com.st.stm32cube.ide.mcu.externaltools.gnu-tools-for-stm32.12.3.rel1.win32_1.0.200.202406191623/tools/bin/../lib/gcc/arm-none-eabi/12.3.1/thumb/v7-m/nofp\libgcc.a
LOAD C:/ST/STM32CubeIDE_1.16.1/STM32CubeIDE/plugins/com.st.stm32cube.ide.mcu.externaltools.gnu-tools-for-stm32.12.3.rel1.win32_1.0.200.202406191623/tools/bin/../lib/gcc/arm-none-eabi/12.3.1/../../../../arm-none-eabi/lib/thumb/v7-m/nofp\libc_nano.a
LOAD C:/ST/STM32CubeIDE_1.16.1/STM32CubeIDE/plugins/com.st.stm32cube.ide.mcu.externaltools.gnu-tools-for-stm32.12.3.rel1.win32_1.0.200.202406191623/tools/bin/../lib/gcc/arm-none-eabi/12.3.1/../../../../arm-none-eabi/lib/thumb/v7-m/nofp\libnosys.a
END GROUP
START GROUP
LOAD C:/ST/STM32CubeIDE_1.16.1/STM32CubeIDE/plugins/com.st.stm32cube.ide.mcu.externaltools.gnu-tools-for-stm32.12.3.rel1.win32_1.0.200.202406191623/tools/bin/../lib/gcc/arm-none-eabi/12.3.1/thumb/v7-m/nofp\libgcc.a
LOAD C:/ST/STM32CubeIDE_1.16.1/STM32CubeIDE/plugins/com.st.stm32cube.ide.mcu.externaltools.gnu-tools-for-stm32.12.3.rel1.win32_1.0.200.202406191623/tools/bin/../lib/gcc/arm-none-eabi/12.3.1/../../../../arm-none-eabi/lib/thumb/v7-m/nofp\libc_nano.a
LOAD C:/ST/STM32CubeIDE_1.16.1/STM32CubeIDE/plugins/com.st.stm32cube.ide.mcu.externaltools.gnu-tools-for-stm32.12.3.rel1.win32_1.0.200.202406191623/tools/bin/../lib/gcc/arm-none-eabi/12.3.1/../../../../arm-none-eabi/lib/thumb/v7-m/nofp\libnosys.a
END GROUP
LOAD C:/ST/STM32CubeIDE_1.16.1/STM32CubeIDE/plugins/com.st.stm32cube.ide.mcu.externaltools.gnu-tools-for-stm32.12.3.rel1.win32_1.0.200.202406191623/tools/bin/../lib/gcc/arm-none-eabi/12.3.1/thumb/v7-m/nofp/crtend.o
LOAD C:/ST/STM32CubeIDE_1.16.1/STM32CubeIDE/plugins/com.st.stm32cube.ide.mcu.externaltools.gnu-tools-for-stm32.12.3.rel1.win32_1.0.200.202406191623/tools/bin/../lib/gcc/arm-none-eabi/12.3.1/thumb/v7-m/nofp/crtn.o
                0x20005000                        _estack = (ORIGIN (RAM) + LENGTH (RAM))
                0x00000200                        _Min_Heap_Size = 0x200
                0x00000400                        _Min_Stack_Size = 0x400

.isr_vector     0x08000000      0x10c
                0x08000000                        . = ALIGN (0x4)
 *(.isr_vector)
 .isr_vector    0x08000000      0x10c ./Core/Startup/startup_stm32f103c8tx.o
                0x08000000                g_pfnVectors
                0x0800010c                        . = ALIGN (0x4)

.text           0x08000110     0x6994
                0x08000110                        . = ALIGN (0x4)
 *(.text)
 .text          0x08000110       0x40 C:/ST/STM32CubeIDE_1.16.1/STM32CubeIDE/plugins/com.st.stm32cube.ide.mcu.externaltools.gnu-tools-for-stm32.12.3.rel1.win32_1.0.200.202406191623/tools/bin/../lib/gcc/arm-none-eabi/12.3.1/thumb/v7-m/nofp/crtbegin.o
 .text          0x08000150       0x14 C:/ST/STM32CubeIDE_1.16.1/STM32CubeIDE/plugins/com.st.stm32cube.ide.mcu.externaltools.gnu-tools-for-stm32.12.3.rel1.win32_1.0.200.202406191623/tools/bin/../lib/gcc/arm-none-eabi/12.3.1/../../../../arm-none-eabi/lib/thumb/v7-m/nofp\libc_nano.a(libc_a-strcmp.o)
                0x08000150                strcmp
 .text          0x08000164       0x10 C:/ST/STM32CubeIDE_1.16.1/STM32CubeIDE/plugins/com.st.stm32cube.ide.mcu.externaltools.gnu-tools-for-stm32.12.3.rel1.win32_1.0.200.202406191623/tools/bin/../lib/gcc/arm-none-eabi/12.3.1/../../../../arm-none-eabi/lib/thumb/v7-m/nofp\libc_nano.a(libc_a-strlen.o)
                0x08000164                strlen
 .text          0x08000174      0x378 C:/ST/STM32CubeIDE_1.16.1/STM32CubeIDE/plugins/com.st.stm32cube.ide.mcu.externaltools.gnu-tools-for-stm32.12.3.rel1.win32_1.0.200.202406191623/tools/bin/../lib/gcc/arm-none-eabi/12.3.1/thumb/v7-m/nofp\libgcc.a(_arm_addsubdf3.o)
                0x08000174                __aeabi_drsub
                0x0800017c                __aeabi_dsub
                0x0800017c                __subdf3
                0x08000180                __aeabi_dadd
                0x08000180                __adddf3
                0x080003f8                __floatunsidf
                0x080003f8                __aeabi_ui2d
                0x08000418                __floatsidf
                0x08000418                __aeabi_i2d
                0x0800043c                __aeabi_f2d
                0x0800043c                __extendsfdf2
                0x08000480                __floatundidf
                0x08000480                __aeabi_ul2d
                0x08000490                __floatdidf
                0x08000490                __aeabi_l2d
 .text          0x080004ec      0x424 C:/ST/STM32CubeIDE_1.16.1/STM32CubeIDE/plugins/com.st.stm32cube.ide.mcu.externaltools.gnu-tools-for-stm32.12.3.rel1.win32_1.0.200.202406191623/tools/bin/../lib/gcc/arm-none-eabi/12.3.1/thumb/v7-m/nofp\libgcc.a(_arm_muldivdf3.o)
                0x080004ec                __aeabi_dmul
                0x080004ec                __muldf3
                0x08000740                __divdf3
                0x08000740                __aeabi_ddiv
 .text          0x08000910      0x110 C:/ST/STM32CubeIDE_1.16.1/STM32CubeIDE/plugins/com.st.stm32cube.ide.mcu.externaltools.gnu-tools-for-stm32.12.3.rel1.win32_1.0.200.202406191623/tools/bin/../lib/gcc/arm-none-eabi/12.3.1/thumb/v7-m/nofp\libgcc.a(_arm_cmpdf2.o)
                0x08000910                __gtdf2
                0x08000910                __gedf2
                0x08000918                __ltdf2
                0x08000918                __ledf2
                0x08000920                __nedf2
                0x08000920                __eqdf2
                0x08000920                __cmpdf2
                0x0800099c                __aeabi_cdrcmple
                0x080009ac                __aeabi_cdcmpeq
                0x080009ac                __aeabi_cdcmple
                0x080009bc                __aeabi_dcmpeq
                0x080009d0                __aeabi_dcmplt
                0x080009e4                __aeabi_dcmple
                0x080009f8                __aeabi_dcmpge
                0x08000a0c                __aeabi_dcmpgt
 .text          0x08000a20       0x2c C:/ST/STM32CubeIDE_1.16.1/STM32CubeIDE/plugins/com.st.stm32cube.ide.mcu.externaltools.gnu-tools-for-stm32.12.3.rel1.win32_1.0.200.202406191623/tools/bin/../lib/gcc/arm-none-eabi/12.3.1/thumb/v7-m/nofp\libgcc.a(_arm_unorddf2.o)
                0x08000a20                __unorddf2
                0x08000a20                __aeabi_dcmpun
 .text          0x08000a4c       0x50 C:/ST/STM32CubeIDE_1.16.1/STM32CubeIDE/plugins/com.st.stm32cube.ide.mcu.externaltools.gnu-tools-for-stm32.12.3.rel1.win32_1.0.200.202406191623/tools/bin/../lib/gcc/arm-none-eabi/12.3.1/thumb/v7-m/nofp\libgcc.a(_arm_fixdfsi.o)
                0x08000a4c                __aeabi_d2iz
                0x08000a4c                __fixdfsi
 .text          0x08000a9c       0xa0 C:/ST/STM32CubeIDE_1.16.1/STM32CubeIDE/plugins/com.st.stm32cube.ide.mcu.externaltools.gnu-tools-for-stm32.12.3.rel1.win32_1.0.200.202406191623/tools/bin/../lib/gcc/arm-none-eabi/12.3.1/thumb/v7-m/nofp\libgcc.a(_arm_truncdfsf2.o)
                0x08000a9c                __truncdfsf2
                0x08000a9c                __aeabi_d2f
 .text          0x08000b3c      0x21c C:/ST/STM32CubeIDE_1.16.1/STM32CubeIDE/plugins/com.st.stm32cube.ide.mcu.externaltools.gnu-tools-for-stm32.12.3.rel1.win32_1.0.200.202406191623/tools/bin/../lib/gcc/arm-none-eabi/12.3.1/thumb/v7-m/nofp\libgcc.a(_arm_addsubsf3.o)
                0x08000b3c                __aeabi_frsub
                0x08000b44                __subsf3
                0x08000b44                __aeabi_fsub
                0x08000b48                __aeabi_fadd
                0x08000b48                __addsf3
                0x08000ca8                __aeabi_ui2f
                0x08000ca8                __floatunsisf
                0x08000cb0                __aeabi_i2f
                0x08000cb0                __floatsisf
                0x08000ccc                __aeabi_ul2f
                0x08000ccc                __floatundisf
                0x08000cdc                __aeabi_l2f
                0x08000cdc                __floatdisf
 .text          0x08000d58       0xec C:/ST/STM32CubeIDE_1.16.1/STM32CubeIDE/plugins/com.st.stm32cube.ide.mcu.externaltools.gnu-tools-for-stm32.12.3.rel1.win32_1.0.200.202406191623/tools/bin/../lib/gcc/arm-none-eabi/12.3.1/thumb/v7-m/nofp\libgcc.a(_arm_cmpsf2.o)
                0x08000d58                __gesf2
                0x08000d58                __gtsf2
                0x08000d60                __lesf2
                0x08000d60                __ltsf2
                0x08000d68                __nesf2
                0x08000d68                __eqsf2
                0x08000d68                __cmpsf2
                0x08000dc8                __aeabi_cfrcmple
                0x08000dd0                __aeabi_cfcmpeq
                0x08000dd0                __aeabi_cfcmple
                0x08000de0                __aeabi_fcmpeq
                0x08000df4                __aeabi_fcmplt
                0x08000e08                __aeabi_fcmple
                0x08000e1c                __aeabi_fcmpge
                0x08000e30                __aeabi_fcmpgt
 *(.text*)
 .text.CmdLineProcess
                0x08000e44       0xb4 ./APP/CMDLine/app_cmdline.o
                0x08000e44                CmdLineProcess
 .text.APP_COMMAND_Init
                0x08000ef8       0x44 ./APP/CMDLine/app_command.o
                0x08000ef8                APP_COMMAND_Init
 .text.APP_COMMAND_CreateTask
                0x08000f3c       0x18 ./APP/CMDLine/app_command.o
                0x08000f3c                APP_COMMAND_CreateTask
 .text.APP_COMMAND_Help
                0x08000f54       0x80 ./APP/CMDLine/app_command.o
                0x08000f54                APP_COMMAND_Help
 .text.APP_COMMAND_TaskUpdate
                0x08000fd4      0x10c ./APP/CMDLine/app_command.o
 .text.LL_EXTI_IsActiveFlag_0_31
                0x080010e0       0x2c ./APP/Calculator_PF/app_calculator_PF.o
 .text.LL_EXTI_ClearFlag_0_31
                0x0800110c       0x1c ./APP/Calculator_PF/app_calculator_PF.o
 .text.LL_TIM_EnableCounter
                0x08001128       0x1e ./APP/Calculator_PF/app_calculator_PF.o
 .text.LL_TIM_DisableCounter
                0x08001146       0x1e ./APP/Calculator_PF/app_calculator_PF.o
 .text.LL_TIM_IsEnabledCounter
                0x08001164       0x24 ./APP/Calculator_PF/app_calculator_PF.o
 .text.LL_TIM_SetCounter
                0x08001188       0x1a ./APP/Calculator_PF/app_calculator_PF.o
 .text.LL_TIM_GetCounter
                0x080011a2       0x16 ./APP/Calculator_PF/app_calculator_PF.o
 .text.APP_CALCULATOR_PF_CreateTask
                0x080011b8       0x18 ./APP/Calculator_PF/app_calculator_PF.o
                0x080011b8                APP_CALCULATOR_PF_CreateTask
 .text.APP_CALCULATOR_PF_Init
                0x080011d0       0x34 ./APP/Calculator_PF/app_calculator_PF.o
                0x080011d0                APP_CALCULATOR_PF_Init
 .text.APP_CALCULATOR_PF_EXTI_IRQHandler
                0x08001204      0x118 ./APP/Calculator_PF/app_calculator_PF.o
                0x08001204                APP_CALCULATOR_PF_EXTI_IRQHandler
 .text.APP_CALCULATOR_PF_TaskUpdate
                0x0800131c       0x18 ./APP/Calculator_PF/app_calculator_PF.o
 .text.APP_DATA_TRANSMISSION_CreateTask
                0x08001334       0x18 ./APP/Data_Transmission/app_data_transmission.o
                0x08001334                APP_DATA_TRANSMISSION_CreateTask
 .text.APP_DATA_TRANSMISSION_Init
                0x0800134c       0x58 ./APP/Data_Transmission/app_data_transmission.o
                0x0800134c                APP_DATA_TRANSMISSION_Init
 .text.APP_DATA_TRANSMISSION_TaskUpdate
                0x080013a4       0x90 ./APP/Data_Transmission/app_data_transmission.o
 .text.BSP_GPIO_SetState
                0x08001434       0x2e ./APP/Read_Peek_Voltage_Current/app_read_data.o
 *fill*         0x08001462        0x2 
 .text.APP_READ_DATA_CreateTask
                0x08001464       0x18 ./APP/Read_Peek_Voltage_Current/app_read_data.o
                0x08001464                APP_READ_DATA_CreateTask
 .text.APP_READ_DATA_Init
                0x0800147c       0x64 ./APP/Read_Peek_Voltage_Current/app_read_data.o
                0x0800147c                APP_READ_DATA_Init
 .text.APP_READ_DATA_HandleDMA_IRQ
                0x080014e0       0xa8 ./APP/Read_Peek_Voltage_Current/app_read_data.o
                0x080014e0                APP_READ_DATA_HandleDMA_IRQ
 .text.APP_READ_DATA_TaskUpdate
                0x08001588      0x104 ./APP/Read_Peek_Voltage_Current/app_read_data.o
 .text.APP_READ_DATA_ConvertVoltage
                0x0800168c       0x7c ./APP/Read_Peek_Voltage_Current/app_read_data.o
 .text.APP_READ_DATA_ConvertCurrent
                0x08001708       0xe4 ./APP/Read_Peek_Voltage_Current/app_read_data.o
 .text.LL_ADC_DMA_GetRegAddr
                0x080017ec       0x30 ./BSP/ADC/adc.o
 .text.LL_ADC_REG_IsTriggerSourceSWStart
                0x0800181c       0x26 ./BSP/ADC/adc.o
 .text.LL_ADC_REG_SetDMATransfer
                0x08001842       0x24 ./BSP/ADC/adc.o
 .text.LL_ADC_Enable
                0x08001866       0x1e ./BSP/ADC/adc.o
 .text.LL_ADC_Disable
                0x08001884       0x1e ./BSP/ADC/adc.o
 .text.LL_ADC_IsEnabled
                0x080018a2       0x24 ./BSP/ADC/adc.o
 .text.LL_ADC_StartCalibration
                0x080018c6       0x1e ./BSP/ADC/adc.o
 .text.LL_ADC_REG_StartConversionSWStart
                0x080018e4       0x1e ./BSP/ADC/adc.o
 .text.LL_ADC_REG_StartConversionExtTrig
                0x08001902       0x20 ./BSP/ADC/adc.o
 .text.LL_ADC_ClearFlag_EOS
                0x08001922       0x1a ./BSP/ADC/adc.o
 .text.BSP_ADC_ConversionStop_Disable
                0x0800193c       0x3c ./BSP/ADC/adc.o
 .text.BSP_ADC_Enable
                0x08001978       0x48 ./BSP/ADC/adc.o
 .text.BSP_ADC_Start_Calibration
                0x080019c0       0x7c ./BSP/ADC/adc.o
                0x080019c0                BSP_ADC_Start_Calibration
 .text.BSP_ADC_Start_DMA
                0x08001a3c       0x68 ./BSP/ADC/adc.o
                0x08001a3c                BSP_ADC_Start_DMA
 .text.BSP_ADC_TimeOut
                0x08001aa4       0x24 ./BSP/ADC/adc.o
                0x08001aa4                BSP_ADC_TimeOut
 .text.LL_DMA_EnableChannel
                0x08001ac8       0x3c ./BSP/DMA/dma.o
 .text.LL_DMA_DisableChannel
                0x08001b04       0x3c ./BSP/DMA/dma.o
 .text.LL_DMA_GetMode
                0x08001b40       0x2c ./BSP/DMA/dma.o
 .text.LL_DMA_SetDataLength
                0x08001b6c       0x44 ./BSP/DMA/dma.o
 .text.LL_DMA_ConfigAddresses
                0x08001bb0       0x74 ./BSP/DMA/dma.o
 .text.LL_DMA_IsActiveFlag_TC1
                0x08001c24       0x24 ./BSP/DMA/dma.o
 .text.LL_DMA_IsActiveFlag_HT1
                0x08001c48       0x24 ./BSP/DMA/dma.o
 .text.LL_DMA_IsActiveFlag_TE1
                0x08001c6c       0x24 ./BSP/DMA/dma.o
 .text.LL_DMA_ClearFlag_TC1
                0x08001c90       0x18 ./BSP/DMA/dma.o
 .text.LL_DMA_ClearFlag_HT1
                0x08001ca8       0x18 ./BSP/DMA/dma.o
 .text.LL_DMA_ClearFlag_TE1
                0x08001cc0       0x18 ./BSP/DMA/dma.o
 .text.LL_DMA_EnableIT_TC
                0x08001cd8       0x3c ./BSP/DMA/dma.o
 .text.LL_DMA_EnableIT_TE
                0x08001d14       0x3c ./BSP/DMA/dma.o
 .text.LL_DMA_DisableIT_TC
                0x08001d50       0x3c ./BSP/DMA/dma.o
 .text.LL_DMA_DisableIT_HT
                0x08001d8c       0x3c ./BSP/DMA/dma.o
 .text.LL_DMA_DisableIT_TE
                0x08001dc8       0x3c ./BSP/DMA/dma.o
 .text.BSP_DMA_Start_IT
                0x08001e04       0x50 ./BSP/DMA/dma.o
                0x08001e04                BSP_DMA_Start_IT
 .text.BSP_DMA_IRQ_Channel1_Handler
                0x08001e54       0x96 ./BSP/DMA/dma.o
                0x08001e54                BSP_DMA_IRQ_Channel1_Handler
 *fill*         0x08001eea        0x2 
 .text.__NVIC_SetPriority
                0x08001eec       0x54 ./BSP/SYSTICK/systick.o
 .text.SysTick_Config
                0x08001f40       0x44 ./BSP/SYSTICK/systick.o
 .text.BSP_SYSTICK_TimerStart
                0x08001f84       0x1c ./BSP/SYSTICK/systick.o
                0x08001f84                BSP_SYSTICK_TimerStart
 .text.BSP_SYSTICK_TimerInit
                0x08001fa0       0x24 ./BSP/SYSTICK/systick.o
                0x08001fa0                BSP_SYSTICK_TimerInit
 .text.LL_USART_EnableIT_RXNE
                0x08001fc4       0x44 ./BSP/UART/uart.o
 .text.LL_USART_EnableIT_TXE
                0x08002008       0x44 ./BSP/UART/uart.o
 .text.LL_USART_EnableIT_ERROR
                0x0800204c       0x44 ./BSP/UART/uart.o
 .text.LL_USART_DisableIT_RXNE
                0x08002090       0x44 ./BSP/UART/uart.o
 .text.BSP_UART_Config
                0x080020d4       0x44 ./BSP/UART/uart.o
                0x080020d4                BSP_UART_Config
 .text.BSP_UART_IsAvailableDataReceive
                0x08002118       0x24 ./BSP/UART/uart.o
                0x08002118                BSP_UART_IsAvailableDataReceive
 .text.BSP_UART_SendChar
                0x0800213c       0x6c ./BSP/UART/uart.o
                0x0800213c                BSP_UART_SendChar
 .text.BSP_UART_SendString
                0x080021a8       0x2e ./BSP/UART/uart.o
                0x080021a8                BSP_UART_SendString
 .text.BSP_UART_ReadChar
                0x080021d6       0x50 ./BSP/UART/uart.o
                0x080021d6                BSP_UART_ReadChar
 *fill*         0x08002226        0x2 
 .text.BSP_UART_TimeOut
                0x08002228       0x24 ./BSP/UART/uart.o
                0x08002228                BSP_UART_TimeOut
 .text.__NVIC_SetPriorityGrouping
                0x0800224c       0x48 ./Core/Src/main.o
 .text.__NVIC_GetPriorityGrouping
                0x08002294       0x1c ./Core/Src/main.o
 .text.__NVIC_EnableIRQ
                0x080022b0       0x38 ./Core/Src/main.o
 .text.__NVIC_SetPriority
                0x080022e8       0x54 ./Core/Src/main.o
 .text.NVIC_EncodePriority
                0x0800233c       0x64 ./Core/Src/main.o
 .text.LL_ADC_REG_SetSequencerRanks
                0x080023a0       0x6a ./Core/Src/main.o
 .text.LL_ADC_SetChannelSamplingTime
                0x0800240a       0x96 ./Core/Src/main.o
 .text.LL_DMA_SetDataTransferDirection
                0x080024a0       0x48 ./Core/Src/main.o
 .text.LL_DMA_SetMode
                0x080024e8       0x44 ./Core/Src/main.o
 .text.LL_DMA_SetPeriphIncMode
                0x0800252c       0x44 ./Core/Src/main.o
 .text.LL_DMA_SetMemoryIncMode
                0x08002570       0x44 ./Core/Src/main.o
 .text.LL_DMA_SetPeriphSize
                0x080025b4       0x44 ./Core/Src/main.o
 .text.LL_DMA_SetMemorySize
                0x080025f8       0x44 ./Core/Src/main.o
 .text.LL_DMA_SetChannelPriorityLevel
                0x0800263c       0x44 ./Core/Src/main.o
 .text.LL_RCC_HSE_Enable
                0x08002680       0x1c ./Core/Src/main.o
 .text.LL_RCC_HSE_IsReady
                0x0800269c       0x24 ./Core/Src/main.o
 .text.LL_RCC_SetSysClkSource
                0x080026c0       0x28 ./Core/Src/main.o
 .text.LL_RCC_GetSysClkSource
                0x080026e8       0x18 ./Core/Src/main.o
 .text.LL_RCC_SetAHBPrescaler
                0x08002700       0x28 ./Core/Src/main.o
 .text.LL_RCC_SetAPB1Prescaler
                0x08002728       0x28 ./Core/Src/main.o
 .text.LL_RCC_SetAPB2Prescaler
                0x08002750       0x28 ./Core/Src/main.o
 .text.LL_RCC_SetADCClockSource
                0x08002778       0x28 ./Core/Src/main.o
 .text.LL_RCC_PLL_Enable
                0x080027a0       0x1c ./Core/Src/main.o
 .text.LL_RCC_PLL_IsReady
                0x080027bc       0x24 ./Core/Src/main.o
 .text.LL_RCC_PLL_ConfigDomain_SYS
                0x080027e0       0x30 ./Core/Src/main.o
 .text.LL_AHB1_GRP1_EnableClock
                0x08002810       0x30 ./Core/Src/main.o
 .text.LL_APB1_GRP1_EnableClock
                0x08002840       0x30 ./Core/Src/main.o
 .text.LL_APB2_GRP1_EnableClock
                0x08002870       0x30 ./Core/Src/main.o
 .text.LL_FLASH_SetLatency
                0x080028a0       0x28 ./Core/Src/main.o
 .text.LL_FLASH_GetLatency
                0x080028c8       0x18 ./Core/Src/main.o
 .text.LL_TIM_DisableARRPreload
                0x080028e0       0x1e ./Core/Src/main.o
 .text.LL_TIM_SetClockSource
                0x080028fe       0x28 ./Core/Src/main.o
 .text.LL_TIM_SetTriggerOutput
                0x08002926       0x24 ./Core/Src/main.o
 .text.LL_TIM_DisableMasterSlaveMode
                0x0800294a       0x1e ./Core/Src/main.o
 .text.LL_USART_Enable
                0x08002968       0x1e ./Core/Src/main.o
 .text.LL_USART_ConfigAsyncMode
                0x08002986       0x2a ./Core/Src/main.o
 .text.LL_GPIO_SetPinMode
                0x080029b0       0x64 ./Core/Src/main.o
 .text.LL_GPIO_SetPinPull
                0x08002a14       0x44 ./Core/Src/main.o
 .text.LL_GPIO_ResetOutputPin
                0x08002a58       0x1e ./Core/Src/main.o
 *fill*         0x08002a76        0x2 
 .text.LL_GPIO_AF_Remap_SWJ_NOJTAG
                0x08002a78       0x20 ./Core/Src/main.o
 .text.LL_GPIO_AF_SetEXTISource
                0x08002a98       0x5c ./Core/Src/main.o
 .text.main     0x08002af4       0xb0 ./Core/Src/main.o
                0x08002af4                main
 .text.SystemClock_Config
                0x08002ba4       0x84 ./Core/Src/main.o
                0x08002ba4                SystemClock_Config
 .text.MX_ADC1_Init
                0x08002c28      0x134 ./Core/Src/main.o
 .text.MX_TIM2_Init
                0x08002d5c       0x64 ./Core/Src/main.o
 .text.MX_TIM3_Init
                0x08002dc0       0x60 ./Core/Src/main.o
 .text.MX_USART1_UART_Init
                0x08002e20       0xd0 ./Core/Src/main.o
 .text.MX_USART3_UART_Init
                0x08002ef0       0xb0 ./Core/Src/main.o
 .text.MX_DMA_Init
                0x08002fa0       0x2e ./Core/Src/main.o
 *fill*         0x08002fce        0x2 
 .text.MX_GPIO_Init
                0x08002fd0      0x130 ./Core/Src/main.o
 .text.NMI_Handler
                0x08003100        0x8 ./Core/Src/stm32f1xx_it.o
                0x08003100                NMI_Handler
 .text.HardFault_Handler
                0x08003108        0x8 ./Core/Src/stm32f1xx_it.o
                0x08003108                HardFault_Handler
 .text.MemManage_Handler
                0x08003110        0x8 ./Core/Src/stm32f1xx_it.o
                0x08003110                MemManage_Handler
 .text.BusFault_Handler
                0x08003118        0x8 ./Core/Src/stm32f1xx_it.o
                0x08003118                BusFault_Handler
 .text.UsageFault_Handler
                0x08003120        0x8 ./Core/Src/stm32f1xx_it.o
                0x08003120                UsageFault_Handler
 .text.SVC_Handler
                0x08003128        0xc ./Core/Src/stm32f1xx_it.o
                0x08003128                SVC_Handler
 .text.DebugMon_Handler
                0x08003134        0xc ./Core/Src/stm32f1xx_it.o
                0x08003134                DebugMon_Handler
 .text.PendSV_Handler
                0x08003140        0xc ./Core/Src/stm32f1xx_it.o
                0x08003140                PendSV_Handler
 .text.SysTick_Handler
                0x0800314c       0x10 ./Core/Src/stm32f1xx_it.o
                0x0800314c                SysTick_Handler
 .text.DMA1_Channel1_IRQHandler
                0x0800315c       0x28 ./Core/Src/stm32f1xx_it.o
                0x0800315c                DMA1_Channel1_IRQHandler
 .text.EXTI9_5_IRQHandler
                0x08003184        0xc ./Core/Src/stm32f1xx_it.o
                0x08003184                EXTI9_5_IRQHandler
 .text.USART1_IRQHandler
                0x08003190        0xc ./Core/Src/stm32f1xx_it.o
                0x08003190                USART1_IRQHandler
 .text._getpid  0x0800319c        0xe ./Core/Src/syscalls.o
                0x0800319c                _getpid
 .text._kill    0x080031aa       0x20 ./Core/Src/syscalls.o
                0x080031aa                _kill
 .text._exit    0x080031ca       0x16 ./Core/Src/syscalls.o
                0x080031ca                _exit
 .text._read    0x080031e0       0x3a ./Core/Src/syscalls.o
                0x080031e0                _read
 .text._write   0x0800321a       0x38 ./Core/Src/syscalls.o
                0x0800321a                _write
 .text._close   0x08003252       0x16 ./Core/Src/syscalls.o
                0x08003252                _close
 .text._fstat   0x08003268       0x1e ./Core/Src/syscalls.o
                0x08003268                _fstat
 .text._isatty  0x08003286       0x14 ./Core/Src/syscalls.o
                0x08003286                _isatty
 .text._lseek   0x0800329a       0x18 ./Core/Src/syscalls.o
                0x0800329a                _lseek
 *fill*         0x080032b2        0x2 
 .text._sbrk    0x080032b4       0x6c ./Core/Src/sysmem.o
                0x080032b4                _sbrk
 .text.SystemInit
                0x08003320        0xc ./Core/Src/system_stm32f1xx.o
                0x08003320                SystemInit
 .text.Reset_Handler
                0x0800332c       0x48 ./Core/Startup/startup_stm32f103c8tx.o
                0x0800332c                Reset_Handler
 .text.Default_Handler
                0x08003374        0x2 ./Core/Startup/startup_stm32f103c8tx.o
                0x08003374                RTC_Alarm_IRQHandler
                0x08003374                EXTI2_IRQHandler
                0x08003374                TIM1_CC_IRQHandler
                0x08003374                PVD_IRQHandler
                0x08003374                EXTI3_IRQHandler
                0x08003374                EXTI0_IRQHandler
                0x08003374                I2C2_EV_IRQHandler
                0x08003374                ADC1_2_IRQHandler
                0x08003374                SPI1_IRQHandler
                0x08003374                TAMPER_IRQHandler
                0x08003374                DMA1_Channel4_IRQHandler
                0x08003374                USART3_IRQHandler
                0x08003374                RTC_IRQHandler
                0x08003374                DMA1_Channel7_IRQHandler
                0x08003374                CAN1_RX1_IRQHandler
                0x08003374                TIM4_IRQHandler
                0x08003374                I2C1_EV_IRQHandler
                0x08003374                DMA1_Channel6_IRQHandler
                0x08003374                TIM3_IRQHandler
                0x08003374                RCC_IRQHandler
                0x08003374                TIM1_TRG_COM_IRQHandler
                0x08003374                Default_Handler
                0x08003374                EXTI15_10_IRQHandler
                0x08003374                SPI2_IRQHandler
                0x08003374                DMA1_Channel5_IRQHandler
                0x08003374                EXTI4_IRQHandler
                0x08003374                USB_LP_CAN1_RX0_IRQHandler
                0x08003374                USB_HP_CAN1_TX_IRQHandler
                0x08003374                DMA1_Channel3_IRQHandler
                0x08003374                TIM1_UP_IRQHandler
                0x08003374                WWDG_IRQHandler
                0x08003374                TIM2_IRQHandler
                0x08003374                TIM1_BRK_IRQHandler
                0x08003374                EXTI1_IRQHandler
                0x08003374                USART2_IRQHandler
                0x08003374                I2C2_ER_IRQHandler
                0x08003374                DMA1_Channel2_IRQHandler
                0x08003374                CAN1_SCE_IRQHandler
                0x08003374                FLASH_IRQHandler
                0x08003374                I2C1_ER_IRQHandler
                0x08003374                USBWakeUp_IRQHandler
 .text.LL_ADC_REG_SetSequencerLength
                0x08003376       0x24 ./Drivers/STM32F1xx_HAL_Driver/Src/stm32f1xx_ll_adc.o
 .text.LL_ADC_IsEnabled
                0x0800339a       0x24 ./Drivers/STM32F1xx_HAL_Driver/Src/stm32f1xx_ll_adc.o
 *fill*         0x080033be        0x2 
 .text.LL_ADC_CommonInit
                0x080033c0       0x64 ./Drivers/STM32F1xx_HAL_Driver/Src/stm32f1xx_ll_adc.o
                0x080033c0                LL_ADC_CommonInit
 .text.LL_ADC_Init
                0x08003424       0x4e ./Drivers/STM32F1xx_HAL_Driver/Src/stm32f1xx_ll_adc.o
                0x08003424                LL_ADC_Init
 .text.LL_ADC_REG_Init
                0x08003472       0x8c ./Drivers/STM32F1xx_HAL_Driver/Src/stm32f1xx_ll_adc.o
                0x08003472                LL_ADC_REG_Init
 *fill*         0x080034fe        0x2 
 .text.LL_EXTI_EnableIT_0_31
                0x08003500       0x24 ./Drivers/STM32F1xx_HAL_Driver/Src/stm32f1xx_ll_exti.o
 .text.LL_EXTI_DisableIT_0_31
                0x08003524       0x24 ./Drivers/STM32F1xx_HAL_Driver/Src/stm32f1xx_ll_exti.o
 .text.LL_EXTI_EnableEvent_0_31
                0x08003548       0x24 ./Drivers/STM32F1xx_HAL_Driver/Src/stm32f1xx_ll_exti.o
 .text.LL_EXTI_DisableEvent_0_31
                0x0800356c       0x24 ./Drivers/STM32F1xx_HAL_Driver/Src/stm32f1xx_ll_exti.o
 .text.LL_EXTI_EnableRisingTrig_0_31
                0x08003590       0x24 ./Drivers/STM32F1xx_HAL_Driver/Src/stm32f1xx_ll_exti.o
 .text.LL_EXTI_DisableRisingTrig_0_31
                0x080035b4       0x24 ./Drivers/STM32F1xx_HAL_Driver/Src/stm32f1xx_ll_exti.o
 .text.LL_EXTI_EnableFallingTrig_0_31
                0x080035d8       0x24 ./Drivers/STM32F1xx_HAL_Driver/Src/stm32f1xx_ll_exti.o
 .text.LL_EXTI_DisableFallingTrig_0_31
                0x080035fc       0x24 ./Drivers/STM32F1xx_HAL_Driver/Src/stm32f1xx_ll_exti.o
 .text.LL_EXTI_Init
                0x08003620       0xfe ./Drivers/STM32F1xx_HAL_Driver/Src/stm32f1xx_ll_exti.o
                0x08003620                LL_EXTI_Init
 .text.LL_GPIO_SetPinMode
                0x0800371e       0x64 ./Drivers/STM32F1xx_HAL_Driver/Src/stm32f1xx_ll_gpio.o
 .text.LL_GPIO_SetPinSpeed
                0x08003782       0x64 ./Drivers/STM32F1xx_HAL_Driver/Src/stm32f1xx_ll_gpio.o
 .text.LL_GPIO_SetPinOutputType
                0x080037e6       0x64 ./Drivers/STM32F1xx_HAL_Driver/Src/stm32f1xx_ll_gpio.o
 .text.LL_GPIO_SetPinPull
                0x0800384a       0x44 ./Drivers/STM32F1xx_HAL_Driver/Src/stm32f1xx_ll_gpio.o
 .text.LL_GPIO_Init
                0x0800388e       0xcc ./Drivers/STM32F1xx_HAL_Driver/Src/stm32f1xx_ll_gpio.o
                0x0800388e                LL_GPIO_Init
 *fill*         0x0800395a        0x2 
 .text.LL_RCC_GetSysClkSource
                0x0800395c       0x18 ./Drivers/STM32F1xx_HAL_Driver/Src/stm32f1xx_ll_rcc.o
 .text.LL_RCC_GetAHBPrescaler
                0x08003974       0x18 ./Drivers/STM32F1xx_HAL_Driver/Src/stm32f1xx_ll_rcc.o
 .text.LL_RCC_GetAPB1Prescaler
                0x0800398c       0x18 ./Drivers/STM32F1xx_HAL_Driver/Src/stm32f1xx_ll_rcc.o
 .text.LL_RCC_GetAPB2Prescaler
                0x080039a4       0x18 ./Drivers/STM32F1xx_HAL_Driver/Src/stm32f1xx_ll_rcc.o
 .text.LL_RCC_PLL_GetMainSource
                0x080039bc       0x18 ./Drivers/STM32F1xx_HAL_Driver/Src/stm32f1xx_ll_rcc.o
 .text.LL_RCC_PLL_GetMultiplicator
                0x080039d4       0x18 ./Drivers/STM32F1xx_HAL_Driver/Src/stm32f1xx_ll_rcc.o
 .text.LL_RCC_PLL_GetPrediv
                0x080039ec       0x1c ./Drivers/STM32F1xx_HAL_Driver/Src/stm32f1xx_ll_rcc.o
 .text.LL_RCC_GetSystemClocksFreq
                0x08003a08       0x4a ./Drivers/STM32F1xx_HAL_Driver/Src/stm32f1xx_ll_rcc.o
                0x08003a08                LL_RCC_GetSystemClocksFreq
 *fill*         0x08003a52        0x2 
 .text.RCC_GetSystemClockFreq
                0x08003a54       0x4c ./Drivers/STM32F1xx_HAL_Driver/Src/stm32f1xx_ll_rcc.o
                0x08003a54                RCC_GetSystemClockFreq
 .text.RCC_GetHCLKClockFreq
                0x08003aa0       0x2c ./Drivers/STM32F1xx_HAL_Driver/Src/stm32f1xx_ll_rcc.o
                0x08003aa0                RCC_GetHCLKClockFreq
 .text.RCC_GetPCLK1ClockFreq
                0x08003acc       0x28 ./Drivers/STM32F1xx_HAL_Driver/Src/stm32f1xx_ll_rcc.o
                0x08003acc                RCC_GetPCLK1ClockFreq
 .text.RCC_GetPCLK2ClockFreq
                0x08003af4       0x28 ./Drivers/STM32F1xx_HAL_Driver/Src/stm32f1xx_ll_rcc.o
                0x08003af4                RCC_GetPCLK2ClockFreq
 .text.RCC_PLL_GetFreqDomain_SYS
                0x08003b1c       0x64 ./Drivers/STM32F1xx_HAL_Driver/Src/stm32f1xx_ll_rcc.o
                0x08003b1c                RCC_PLL_GetFreqDomain_SYS
 .text.LL_TIM_SetPrescaler
                0x08003b80       0x1a ./Drivers/STM32F1xx_HAL_Driver/Src/stm32f1xx_ll_tim.o
 .text.LL_TIM_SetAutoReload
                0x08003b9a       0x1a ./Drivers/STM32F1xx_HAL_Driver/Src/stm32f1xx_ll_tim.o
 .text.LL_TIM_SetRepetitionCounter
                0x08003bb4       0x1a ./Drivers/STM32F1xx_HAL_Driver/Src/stm32f1xx_ll_tim.o
 .text.LL_TIM_GenerateEvent_UPDATE
                0x08003bce       0x1e ./Drivers/STM32F1xx_HAL_Driver/Src/stm32f1xx_ll_tim.o
 .text.LL_TIM_Init
                0x08003bec       0xbc ./Drivers/STM32F1xx_HAL_Driver/Src/stm32f1xx_ll_tim.o
                0x08003bec                LL_TIM_Init
 .text.LL_USART_IsEnabled
                0x08003ca8       0x26 ./Drivers/STM32F1xx_HAL_Driver/Src/stm32f1xx_ll_usart.o
 .text.LL_USART_SetStopBitsLength
                0x08003cce       0x24 ./Drivers/STM32F1xx_HAL_Driver/Src/stm32f1xx_ll_usart.o
 .text.LL_USART_SetHWFlowCtrl
                0x08003cf2       0x24 ./Drivers/STM32F1xx_HAL_Driver/Src/stm32f1xx_ll_usart.o
 *fill*         0x08003d16        0x2 
 .text.LL_USART_SetBaudRate
                0x08003d18       0xbc ./Drivers/STM32F1xx_HAL_Driver/Src/stm32f1xx_ll_usart.o
 .text.LL_USART_Init
                0x08003dd4       0xc0 ./Drivers/STM32F1xx_HAL_Driver/Src/stm32f1xx_ll_usart.o
                0x08003dd4                LL_USART_Init
 .text.LL_InitTick
                0x08003e94       0x34 ./Drivers/STM32F1xx_HAL_Driver/Src/stm32f1xx_ll_utils.o
 .text.LL_Init1msTick
                0x08003ec8       0x1a ./Drivers/STM32F1xx_HAL_Driver/Src/stm32f1xx_ll_utils.o
                0x08003ec8                LL_Init1msTick
 *fill*         0x08003ee2        0x2 
 .text.LL_mDelay
                0x08003ee4       0x48 ./Drivers/STM32F1xx_HAL_Driver/Src/stm32f1xx_ll_utils.o
                0x08003ee4                LL_mDelay
 .text.LL_SetSystemCoreClock
                0x08003f2c       0x1c ./Drivers/STM32F1xx_HAL_Driver/Src/stm32f1xx_ll_utils.o
                0x08003f2c                LL_SetSystemCoreClock
 .text.RING_BUFFER_Init
                0x08003f48       0x24 ./Middleware/Ring_Buffer/ring_buffer.o
                0x08003f48                RING_BUFFER_Init
 .text.RING_BUFFER_Reset
                0x08003f6c       0x24 ./Middleware/Ring_Buffer/ring_buffer.o
                0x08003f6c                RING_BUFFER_Reset
 .text.RING_BUFFER_Is_Empty
                0x08003f90       0x20 ./Middleware/Ring_Buffer/ring_buffer.o
                0x08003f90                RING_BUFFER_Is_Empty
 .text.RING_BUFFER_Is_Full
                0x08003fb0       0x20 ./Middleware/Ring_Buffer/ring_buffer.o
                0x08003fb0                RING_BUFFER_Is_Full
 .text.RING_BUFFER_Push_Data
                0x08003fd0       0x4a ./Middleware/Ring_Buffer/ring_buffer.o
                0x08003fd0                RING_BUFFER_Push_Data
 .text.RING_BUFFER_Pull_Data
                0x0800401a       0x46 ./Middleware/Ring_Buffer/ring_buffer.o
                0x0800401a                RING_BUFFER_Pull_Data
 .text.SCH_Initialize
                0x08004060       0x38 ./Scheduler/scheduler.o
                0x08004060                SCH_Initialize
 .text.SCH_TASK_CreateTask
                0x08004098       0x1a ./Scheduler/scheduler.o
                0x08004098                SCH_TASK_CreateTask
 .text.SCH_StartScheduler
                0x080040b2        0xc ./Scheduler/scheduler.o
                0x080040b2                SCH_StartScheduler
 *fill*         0x080040be        0x2 
 .text.SCH_HandleScheduledTask
                0x080040c0       0xb4 ./Scheduler/scheduler.o
                0x080040c0                SCH_HandleScheduledTask
 .text.__cvt    0x08004174       0xc8 C:/ST/STM32CubeIDE_1.16.1/STM32CubeIDE/plugins/com.st.stm32cube.ide.mcu.externaltools.gnu-tools-for-stm32.12.3.rel1.win32_1.0.200.202406191623/tools/bin/../lib/gcc/arm-none-eabi/12.3.1/../../../../arm-none-eabi/lib/thumb/v7-m/nofp\libc_nano.a(libc_a-nano-vfprintf_float.o)
                0x08004174                __cvt
 .text.__exponent
                0x0800423c       0x74 C:/ST/STM32CubeIDE_1.16.1/STM32CubeIDE/plugins/com.st.stm32cube.ide.mcu.externaltools.gnu-tools-for-stm32.12.3.rel1.win32_1.0.200.202406191623/tools/bin/../lib/gcc/arm-none-eabi/12.3.1/../../../../arm-none-eabi/lib/thumb/v7-m/nofp\libc_nano.a(libc_a-nano-vfprintf_float.o)
                0x0800423c                __exponent
 .text._printf_float
                0x080042b0      0x458 C:/ST/STM32CubeIDE_1.16.1/STM32CubeIDE/plugins/com.st.stm32cube.ide.mcu.externaltools.gnu-tools-for-stm32.12.3.rel1.win32_1.0.200.202406191623/tools/bin/../lib/gcc/arm-none-eabi/12.3.1/../../../../arm-none-eabi/lib/thumb/v7-m/nofp\libc_nano.a(libc_a-nano-vfprintf_float.o)
                0x080042b0                _printf_float
 .text._printf_common
                0x08004708       0xe4 C:/ST/STM32CubeIDE_1.16.1/STM32CubeIDE/plugins/com.st.stm32cube.ide.mcu.externaltools.gnu-tools-for-stm32.12.3.rel1.win32_1.0.200.202406191623/tools/bin/../lib/gcc/arm-none-eabi/12.3.1/../../../../arm-none-eabi/lib/thumb/v7-m/nofp\libc_nano.a(libc_a-nano-vfprintf_i.o)
                0x08004708                _printf_common
 .text._printf_i
                0x080047ec      0x240 C:/ST/STM32CubeIDE_1.16.1/STM32CubeIDE/plugins/com.st.stm32cube.ide.mcu.externaltools.gnu-tools-for-stm32.12.3.rel1.win32_1.0.200.202406191623/tools/bin/../lib/gcc/arm-none-eabi/12.3.1/../../../../arm-none-eabi/lib/thumb/v7-m/nofp\libc_nano.a(libc_a-nano-vfprintf_i.o)
                0x080047ec                _printf_i
 .text.std      0x08004a2c       0x6c C:/ST/STM32CubeIDE_1.16.1/STM32CubeIDE/plugins/com.st.stm32cube.ide.mcu.externaltools.gnu-tools-for-stm32.12.3.rel1.win32_1.0.200.202406191623/tools/bin/../lib/gcc/arm-none-eabi/12.3.1/../../../../arm-none-eabi/lib/thumb/v7-m/nofp\libc_nano.a(libc_a-findfp.o)
 .text.stdio_exit_handler
                0x08004a98       0x18 C:/ST/STM32CubeIDE_1.16.1/STM32CubeIDE/plugins/com.st.stm32cube.ide.mcu.externaltools.gnu-tools-for-stm32.12.3.rel1.win32_1.0.200.202406191623/tools/bin/../lib/gcc/arm-none-eabi/12.3.1/../../../../arm-none-eabi/lib/thumb/v7-m/nofp\libc_nano.a(libc_a-findfp.o)
 .text.cleanup_stdio
                0x08004ab0       0x40 C:/ST/STM32CubeIDE_1.16.1/STM32CubeIDE/plugins/com.st.stm32cube.ide.mcu.externaltools.gnu-tools-for-stm32.12.3.rel1.win32_1.0.200.202406191623/tools/bin/../lib/gcc/arm-none-eabi/12.3.1/../../../../arm-none-eabi/lib/thumb/v7-m/nofp\libc_nano.a(libc_a-findfp.o)
 .text.global_stdio_init.part.0
                0x08004af0       0x3c C:/ST/STM32CubeIDE_1.16.1/STM32CubeIDE/plugins/com.st.stm32cube.ide.mcu.externaltools.gnu-tools-for-stm32.12.3.rel1.win32_1.0.200.202406191623/tools/bin/../lib/gcc/arm-none-eabi/12.3.1/../../../../arm-none-eabi/lib/thumb/v7-m/nofp\libc_nano.a(libc_a-findfp.o)
 .text.__sfp_lock_acquire
                0x08004b2c        0xc C:/ST/STM32CubeIDE_1.16.1/STM32CubeIDE/plugins/com.st.stm32cube.ide.mcu.externaltools.gnu-tools-for-stm32.12.3.rel1.win32_1.0.200.202406191623/tools/bin/../lib/gcc/arm-none-eabi/12.3.1/../../../../arm-none-eabi/lib/thumb/v7-m/nofp\libc_nano.a(libc_a-findfp.o)
                0x08004b2c                __sfp_lock_acquire
 .text.__sfp_lock_release
                0x08004b38        0xc C:/ST/STM32CubeIDE_1.16.1/STM32CubeIDE/plugins/com.st.stm32cube.ide.mcu.externaltools.gnu-tools-for-stm32.12.3.rel1.win32_1.0.200.202406191623/tools/bin/../lib/gcc/arm-none-eabi/12.3.1/../../../../arm-none-eabi/lib/thumb/v7-m/nofp\libc_nano.a(libc_a-findfp.o)
                0x08004b38                __sfp_lock_release
 .text.__sinit  0x08004b44       0x30 C:/ST/STM32CubeIDE_1.16.1/STM32CubeIDE/plugins/com.st.stm32cube.ide.mcu.externaltools.gnu-tools-for-stm32.12.3.rel1.win32_1.0.200.202406191623/tools/bin/../lib/gcc/arm-none-eabi/12.3.1/../../../../arm-none-eabi/lib/thumb/v7-m/nofp\libc_nano.a(libc_a-findfp.o)
                0x08004b44                __sinit
 .text._fwalk_sglue
                0x08004b74       0x3c C:/ST/STM32CubeIDE_1.16.1/STM32CubeIDE/plugins/com.st.stm32cube.ide.mcu.externaltools.gnu-tools-for-stm32.12.3.rel1.win32_1.0.200.202406191623/tools/bin/../lib/gcc/arm-none-eabi/12.3.1/../../../../arm-none-eabi/lib/thumb/v7-m/nofp\libc_nano.a(libc_a-fwalk.o)
                0x08004b74                _fwalk_sglue
 .text.__sread  0x08004bb0       0x22 C:/ST/STM32CubeIDE_1.16.1/STM32CubeIDE/plugins/com.st.stm32cube.ide.mcu.externaltools.gnu-tools-for-stm32.12.3.rel1.win32_1.0.200.202406191623/tools/bin/../lib/gcc/arm-none-eabi/12.3.1/../../../../arm-none-eabi/lib/thumb/v7-m/nofp\libc_nano.a(libc_a-stdio.o)
                0x08004bb0                __sread
 .text.__swrite
                0x08004bd2       0x38 C:/ST/STM32CubeIDE_1.16.1/STM32CubeIDE/plugins/com.st.stm32cube.ide.mcu.externaltools.gnu-tools-for-stm32.12.3.rel1.win32_1.0.200.202406191623/tools/bin/../lib/gcc/arm-none-eabi/12.3.1/../../../../arm-none-eabi/lib/thumb/v7-m/nofp\libc_nano.a(libc_a-stdio.o)
                0x08004bd2                __swrite
 .text.__sseek  0x08004c0a       0x24 C:/ST/STM32CubeIDE_1.16.1/STM32CubeIDE/plugins/com.st.stm32cube.ide.mcu.externaltools.gnu-tools-for-stm32.12.3.rel1.win32_1.0.200.202406191623/tools/bin/../lib/gcc/arm-none-eabi/12.3.1/../../../../arm-none-eabi/lib/thumb/v7-m/nofp\libc_nano.a(libc_a-stdio.o)
                0x08004c0a                __sseek
 .text.__sclose
                0x08004c2e        0x8 C:/ST/STM32CubeIDE_1.16.1/STM32CubeIDE/plugins/com.st.stm32cube.ide.mcu.externaltools.gnu-tools-for-stm32.12.3.rel1.win32_1.0.200.202406191623/tools/bin/../lib/gcc/arm-none-eabi/12.3.1/../../../../arm-none-eabi/lib/thumb/v7-m/nofp\libc_nano.a(libc_a-stdio.o)
                0x08004c2e                __sclose
 .text.memset   0x08004c36       0x10 C:/ST/STM32CubeIDE_1.16.1/STM32CubeIDE/plugins/com.st.stm32cube.ide.mcu.externaltools.gnu-tools-for-stm32.12.3.rel1.win32_1.0.200.202406191623/tools/bin/../lib/gcc/arm-none-eabi/12.3.1/../../../../arm-none-eabi/lib/thumb/v7-m/nofp\libc_nano.a(libc_a-memset.o)
                0x08004c36                memset
 *fill*         0x08004c46        0x2 
 .text._localeconv_r
                0x08004c48        0x8 C:/ST/STM32CubeIDE_1.16.1/STM32CubeIDE/plugins/com.st.stm32cube.ide.mcu.externaltools.gnu-tools-for-stm32.12.3.rel1.win32_1.0.200.202406191623/tools/bin/../lib/gcc/arm-none-eabi/12.3.1/../../../../arm-none-eabi/lib/thumb/v7-m/nofp\libc_nano.a(libc_a-localeconv.o)
                0x08004c48                _localeconv_r
 .text._close_r
                0x08004c50       0x20 C:/ST/STM32CubeIDE_1.16.1/STM32CubeIDE/plugins/com.st.stm32cube.ide.mcu.externaltools.gnu-tools-for-stm32.12.3.rel1.win32_1.0.200.202406191623/tools/bin/../lib/gcc/arm-none-eabi/12.3.1/../../../../arm-none-eabi/lib/thumb/v7-m/nofp\libc_nano.a(libc_a-closer.o)
                0x08004c50                _close_r
 .text._lseek_r
                0x08004c70       0x24 C:/ST/STM32CubeIDE_1.16.1/STM32CubeIDE/plugins/com.st.stm32cube.ide.mcu.externaltools.gnu-tools-for-stm32.12.3.rel1.win32_1.0.200.202406191623/tools/bin/../lib/gcc/arm-none-eabi/12.3.1/../../../../arm-none-eabi/lib/thumb/v7-m/nofp\libc_nano.a(libc_a-lseekr.o)
                0x08004c70                _lseek_r
 .text._read_r  0x08004c94       0x24 C:/ST/STM32CubeIDE_1.16.1/STM32CubeIDE/plugins/com.st.stm32cube.ide.mcu.externaltools.gnu-tools-for-stm32.12.3.rel1.win32_1.0.200.202406191623/tools/bin/../lib/gcc/arm-none-eabi/12.3.1/../../../../arm-none-eabi/lib/thumb/v7-m/nofp\libc_nano.a(libc_a-readr.o)
                0x08004c94                _read_r
 .text._write_r
                0x08004cb8       0x24 C:/ST/STM32CubeIDE_1.16.1/STM32CubeIDE/plugins/com.st.stm32cube.ide.mcu.externaltools.gnu-tools-for-stm32.12.3.rel1.win32_1.0.200.202406191623/tools/bin/../lib/gcc/arm-none-eabi/12.3.1/../../../../arm-none-eabi/lib/thumb/v7-m/nofp\libc_nano.a(libc_a-writer.o)
                0x08004cb8                _write_r
 .text.__errno  0x08004cdc        0xc C:/ST/STM32CubeIDE_1.16.1/STM32CubeIDE/plugins/com.st.stm32cube.ide.mcu.externaltools.gnu-tools-for-stm32.12.3.rel1.win32_1.0.200.202406191623/tools/bin/../lib/gcc/arm-none-eabi/12.3.1/../../../../arm-none-eabi/lib/thumb/v7-m/nofp\libc_nano.a(libc_a-errno.o)
                0x08004cdc                __errno
 .text.__libc_init_array
                0x08004ce8       0x48 C:/ST/STM32CubeIDE_1.16.1/STM32CubeIDE/plugins/com.st.stm32cube.ide.mcu.externaltools.gnu-tools-for-stm32.12.3.rel1.win32_1.0.200.202406191623/tools/bin/../lib/gcc/arm-none-eabi/12.3.1/../../../../arm-none-eabi/lib/thumb/v7-m/nofp\libc_nano.a(libc_a-init.o)
                0x08004ce8                __libc_init_array
 .text.__retarget_lock_init_recursive
                0x08004d30        0x2 C:/ST/STM32CubeIDE_1.16.1/STM32CubeIDE/plugins/com.st.stm32cube.ide.mcu.externaltools.gnu-tools-for-stm32.12.3.rel1.win32_1.0.200.202406191623/tools/bin/../lib/gcc/arm-none-eabi/12.3.1/../../../../arm-none-eabi/lib/thumb/v7-m/nofp\libc_nano.a(libc_a-lock.o)
                0x08004d30                __retarget_lock_init_recursive
 .text.__retarget_lock_acquire_recursive
                0x08004d32        0x2 C:/ST/STM32CubeIDE_1.16.1/STM32CubeIDE/plugins/com.st.stm32cube.ide.mcu.externaltools.gnu-tools-for-stm32.12.3.rel1.win32_1.0.200.202406191623/tools/bin/../lib/gcc/arm-none-eabi/12.3.1/../../../../arm-none-eabi/lib/thumb/v7-m/nofp\libc_nano.a(libc_a-lock.o)
                0x08004d32                __retarget_lock_acquire_recursive
 .text.__retarget_lock_release_recursive
                0x08004d34        0x2 C:/ST/STM32CubeIDE_1.16.1/STM32CubeIDE/plugins/com.st.stm32cube.ide.mcu.externaltools.gnu-tools-for-stm32.12.3.rel1.win32_1.0.200.202406191623/tools/bin/../lib/gcc/arm-none-eabi/12.3.1/../../../../arm-none-eabi/lib/thumb/v7-m/nofp\libc_nano.a(libc_a-lock.o)
                0x08004d34                __retarget_lock_release_recursive
 .text.memchr   0x08004d36       0x1c C:/ST/STM32CubeIDE_1.16.1/STM32CubeIDE/plugins/com.st.stm32cube.ide.mcu.externaltools.gnu-tools-for-stm32.12.3.rel1.win32_1.0.200.202406191623/tools/bin/../lib/gcc/arm-none-eabi/12.3.1/../../../../arm-none-eabi/lib/thumb/v7-m/nofp\libc_nano.a(libc_a-memchr-stub.o)
                0x08004d36                memchr
 .text.quorem   0x08004d52      0x110 C:/ST/STM32CubeIDE_1.16.1/STM32CubeIDE/plugins/com.st.stm32cube.ide.mcu.externaltools.gnu-tools-for-stm32.12.3.rel1.win32_1.0.200.202406191623/tools/bin/../lib/gcc/arm-none-eabi/12.3.1/../../../../arm-none-eabi/lib/thumb/v7-m/nofp\libc_nano.a(libc_a-dtoa.o)
 *fill*         0x08004e62        0x6 
 .text._dtoa_r  0x08004e68      0xb90 C:/ST/STM32CubeIDE_1.16.1/STM32CubeIDE/plugins/com.st.stm32cube.ide.mcu.externaltools.gnu-tools-for-stm32.12.3.rel1.win32_1.0.200.202406191623/tools/bin/../lib/gcc/arm-none-eabi/12.3.1/../../../../arm-none-eabi/lib/thumb/v7-m/nofp\libc_nano.a(libc_a-dtoa.o)
                0x08004e68                _dtoa_r
 .text._free_r  0x080059f8       0x90 C:/ST/STM32CubeIDE_1.16.1/STM32CubeIDE/plugins/com.st.stm32cube.ide.mcu.externaltools.gnu-tools-for-stm32.12.3.rel1.win32_1.0.200.202406191623/tools/bin/../lib/gcc/arm-none-eabi/12.3.1/../../../../arm-none-eabi/lib/thumb/v7-m/nofp\libc_nano.a(libc_a-freer.o)
                0x080059f8                _free_r
 .text.malloc   0x08005a88       0x10 C:/ST/STM32CubeIDE_1.16.1/STM32CubeIDE/plugins/com.st.stm32cube.ide.mcu.externaltools.gnu-tools-for-stm32.12.3.rel1.win32_1.0.200.202406191623/tools/bin/../lib/gcc/arm-none-eabi/12.3.1/../../../../arm-none-eabi/lib/thumb/v7-m/nofp\libc_nano.a(libc_a-malloc.o)
                0x08005a88                malloc
 .text.sbrk_aligned
                0x08005a98       0x44 C:/ST/STM32CubeIDE_1.16.1/STM32CubeIDE/plugins/com.st.stm32cube.ide.mcu.externaltools.gnu-tools-for-stm32.12.3.rel1.win32_1.0.200.202406191623/tools/bin/../lib/gcc/arm-none-eabi/12.3.1/../../../../arm-none-eabi/lib/thumb/v7-m/nofp\libc_nano.a(libc_a-mallocr.o)
 .text._malloc_r
                0x08005adc      0x100 C:/ST/STM32CubeIDE_1.16.1/STM32CubeIDE/plugins/com.st.stm32cube.ide.mcu.externaltools.gnu-tools-for-stm32.12.3.rel1.win32_1.0.200.202406191623/tools/bin/../lib/gcc/arm-none-eabi/12.3.1/../../../../arm-none-eabi/lib/thumb/v7-m/nofp\libc_nano.a(libc_a-mallocr.o)
                0x08005adc                _malloc_r
 .text.__malloc_lock
                0x08005bdc        0xc C:/ST/STM32CubeIDE_1.16.1/STM32CubeIDE/plugins/com.st.stm32cube.ide.mcu.externaltools.gnu-tools-for-stm32.12.3.rel1.win32_1.0.200.202406191623/tools/bin/../lib/gcc/arm-none-eabi/12.3.1/../../../../arm-none-eabi/lib/thumb/v7-m/nofp\libc_nano.a(libc_a-mlock.o)
                0x08005bdc                __malloc_lock
 .text.__malloc_unlock
                0x08005be8        0xc C:/ST/STM32CubeIDE_1.16.1/STM32CubeIDE/plugins/com.st.stm32cube.ide.mcu.externaltools.gnu-tools-for-stm32.12.3.rel1.win32_1.0.200.202406191623/tools/bin/../lib/gcc/arm-none-eabi/12.3.1/../../../../arm-none-eabi/lib/thumb/v7-m/nofp\libc_nano.a(libc_a-mlock.o)
                0x08005be8                __malloc_unlock
 .text._Balloc  0x08005bf4       0x80 C:/ST/STM32CubeIDE_1.16.1/STM32CubeIDE/plugins/com.st.stm32cube.ide.mcu.externaltools.gnu-tools-for-stm32.12.3.rel1.win32_1.0.200.202406191623/tools/bin/../lib/gcc/arm-none-eabi/12.3.1/../../../../arm-none-eabi/lib/thumb/v7-m/nofp\libc_nano.a(libc_a-mprec.o)
                0x08005bf4                _Balloc
 .text._Bfree   0x08005c74       0x44 C:/ST/STM32CubeIDE_1.16.1/STM32CubeIDE/plugins/com.st.stm32cube.ide.mcu.externaltools.gnu-tools-for-stm32.12.3.rel1.win32_1.0.200.202406191623/tools/bin/../lib/gcc/arm-none-eabi/12.3.1/../../../../arm-none-eabi/lib/thumb/v7-m/nofp\libc_nano.a(libc_a-mprec.o)
                0x08005c74                _Bfree
 .text.__multadd
                0x08005cb8       0x8c C:/ST/STM32CubeIDE_1.16.1/STM32CubeIDE/plugins/com.st.stm32cube.ide.mcu.externaltools.gnu-tools-for-stm32.12.3.rel1.win32_1.0.200.202406191623/tools/bin/../lib/gcc/arm-none-eabi/12.3.1/../../../../arm-none-eabi/lib/thumb/v7-m/nofp\libc_nano.a(libc_a-mprec.o)
                0x08005cb8                __multadd
 .text.__hi0bits
                0x08005d44       0x3e C:/ST/STM32CubeIDE_1.16.1/STM32CubeIDE/plugins/com.st.stm32cube.ide.mcu.externaltools.gnu-tools-for-stm32.12.3.rel1.win32_1.0.200.202406191623/tools/bin/../lib/gcc/arm-none-eabi/12.3.1/../../../../arm-none-eabi/lib/thumb/v7-m/nofp\libc_nano.a(libc_a-mprec.o)
                0x08005d44                __hi0bits
 .text.__lo0bits
                0x08005d82       0x5a C:/ST/STM32CubeIDE_1.16.1/STM32CubeIDE/plugins/com.st.stm32cube.ide.mcu.externaltools.gnu-tools-for-stm32.12.3.rel1.win32_1.0.200.202406191623/tools/bin/../lib/gcc/arm-none-eabi/12.3.1/../../../../arm-none-eabi/lib/thumb/v7-m/nofp\libc_nano.a(libc_a-mprec.o)
                0x08005d82                __lo0bits
 .text.__i2b    0x08005ddc       0x2c C:/ST/STM32CubeIDE_1.16.1/STM32CubeIDE/plugins/com.st.stm32cube.ide.mcu.externaltools.gnu-tools-for-stm32.12.3.rel1.win32_1.0.200.202406191623/tools/bin/../lib/gcc/arm-none-eabi/12.3.1/../../../../arm-none-eabi/lib/thumb/v7-m/nofp\libc_nano.a(libc_a-mprec.o)
                0x08005ddc                __i2b
 .text.__multiply
                0x08005e08      0x150 C:/ST/STM32CubeIDE_1.16.1/STM32CubeIDE/plugins/com.st.stm32cube.ide.mcu.externaltools.gnu-tools-for-stm32.12.3.rel1.win32_1.0.200.202406191623/tools/bin/../lib/gcc/arm-none-eabi/12.3.1/../../../../arm-none-eabi/lib/thumb/v7-m/nofp\libc_nano.a(libc_a-mprec.o)
                0x08005e08                __multiply
 .text.__pow5mult
                0x08005f58       0xb4 C:/ST/STM32CubeIDE_1.16.1/STM32CubeIDE/plugins/com.st.stm32cube.ide.mcu.externaltools.gnu-tools-for-stm32.12.3.rel1.win32_1.0.200.202406191623/tools/bin/../lib/gcc/arm-none-eabi/12.3.1/../../../../arm-none-eabi/lib/thumb/v7-m/nofp\libc_nano.a(libc_a-mprec.o)
                0x08005f58                __pow5mult
 .text.__lshift
                0x0800600c       0xd8 C:/ST/STM32CubeIDE_1.16.1/STM32CubeIDE/plugins/com.st.stm32cube.ide.mcu.externaltools.gnu-tools-for-stm32.12.3.rel1.win32_1.0.200.202406191623/tools/bin/../lib/gcc/arm-none-eabi/12.3.1/../../../../arm-none-eabi/lib/thumb/v7-m/nofp\libc_nano.a(libc_a-mprec.o)
                0x0800600c                __lshift
 .text.__mcmp   0x080060e4       0x36 C:/ST/STM32CubeIDE_1.16.1/STM32CubeIDE/plugins/com.st.stm32cube.ide.mcu.externaltools.gnu-tools-for-stm32.12.3.rel1.win32_1.0.200.202406191623/tools/bin/../lib/gcc/arm-none-eabi/12.3.1/../../../../arm-none-eabi/lib/thumb/v7-m/nofp\libc_nano.a(libc_a-mprec.o)
                0x080060e4                __mcmp
 *fill*         0x0800611a        0x2 
 .text.__mdiff  0x0800611c      0x128 C:/ST/STM32CubeIDE_1.16.1/STM32CubeIDE/plugins/com.st.stm32cube.ide.mcu.externaltools.gnu-tools-for-stm32.12.3.rel1.win32_1.0.200.202406191623/tools/bin/../lib/gcc/arm-none-eabi/12.3.1/../../../../arm-none-eabi/lib/thumb/v7-m/nofp\libc_nano.a(libc_a-mprec.o)
                0x0800611c                __mdiff
 .text.__d2b    0x08006244       0xb0 C:/ST/STM32CubeIDE_1.16.1/STM32CubeIDE/plugins/com.st.stm32cube.ide.mcu.externaltools.gnu-tools-for-stm32.12.3.rel1.win32_1.0.200.202406191623/tools/bin/../lib/gcc/arm-none-eabi/12.3.1/../../../../arm-none-eabi/lib/thumb/v7-m/nofp\libc_nano.a(libc_a-mprec.o)
                0x08006244                __d2b
 .text.__sflush_r
                0x080062f4      0x100 C:/ST/STM32CubeIDE_1.16.1/STM32CubeIDE/plugins/com.st.stm32cube.ide.mcu.externaltools.gnu-tools-for-stm32.12.3.rel1.win32_1.0.200.202406191623/tools/bin/../lib/gcc/arm-none-eabi/12.3.1/../../../../arm-none-eabi/lib/thumb/v7-m/nofp\libc_nano.a(libc_a-fflush.o)
                0x080062f4                __sflush_r
 .text._fflush_r
                0x080063f4       0x50 C:/ST/STM32CubeIDE_1.16.1/STM32CubeIDE/plugins/com.st.stm32cube.ide.mcu.externaltools.gnu-tools-for-stm32.12.3.rel1.win32_1.0.200.202406191623/tools/bin/../lib/gcc/arm-none-eabi/12.3.1/../../../../arm-none-eabi/lib/thumb/v7-m/nofp\libc_nano.a(libc_a-fflush.o)
                0x080063f4                _fflush_r
 .text._sbrk_r  0x08006444       0x20 C:/ST/STM32CubeIDE_1.16.1/STM32CubeIDE/plugins/com.st.stm32cube.ide.mcu.externaltools.gnu-tools-for-stm32.12.3.rel1.win32_1.0.200.202406191623/tools/bin/../lib/gcc/arm-none-eabi/12.3.1/../../../../arm-none-eabi/lib/thumb/v7-m/nofp\libc_nano.a(libc_a-sbrkr.o)
                0x08006444                _sbrk_r
 .text.memcpy   0x08006464       0x1c C:/ST/STM32CubeIDE_1.16.1/STM32CubeIDE/plugins/com.st.stm32cube.ide.mcu.externaltools.gnu-tools-for-stm32.12.3.rel1.win32_1.0.200.202406191623/tools/bin/../lib/gcc/arm-none-eabi/12.3.1/../../../../arm-none-eabi/lib/thumb/v7-m/nofp\libc_nano.a(libc_a-memcpy-stub.o)
                0x08006464                memcpy
 .text.__assert_func
                0x08006480       0x3c C:/ST/STM32CubeIDE_1.16.1/STM32CubeIDE/plugins/com.st.stm32cube.ide.mcu.externaltools.gnu-tools-for-stm32.12.3.rel1.win32_1.0.200.202406191623/tools/bin/../lib/gcc/arm-none-eabi/12.3.1/../../../../arm-none-eabi/lib/thumb/v7-m/nofp\libc_nano.a(libc_a-assert.o)
                0x08006480                __assert_func
 .text._calloc_r
                0x080064bc       0x28 C:/ST/STM32CubeIDE_1.16.1/STM32CubeIDE/plugins/com.st.stm32cube.ide.mcu.externaltools.gnu-tools-for-stm32.12.3.rel1.win32_1.0.200.202406191623/tools/bin/../lib/gcc/arm-none-eabi/12.3.1/../../../../arm-none-eabi/lib/thumb/v7-m/nofp\libc_nano.a(libc_a-callocr.o)
                0x080064bc                _calloc_r
 .text.__ascii_mbtowc
                0x080064e4       0x24 C:/ST/STM32CubeIDE_1.16.1/STM32CubeIDE/plugins/com.st.stm32cube.ide.mcu.externaltools.gnu-tools-for-stm32.12.3.rel1.win32_1.0.200.202406191623/tools/bin/../lib/gcc/arm-none-eabi/12.3.1/../../../../arm-none-eabi/lib/thumb/v7-m/nofp\libc_nano.a(libc_a-mbtowc_r.o)
                0x080064e4                __ascii_mbtowc
 .text.__ascii_wctomb
                0x08006508       0x1a C:/ST/STM32CubeIDE_1.16.1/STM32CubeIDE/plugins/com.st.stm32cube.ide.mcu.externaltools.gnu-tools-for-stm32.12.3.rel1.win32_1.0.200.202406191623/tools/bin/../lib/gcc/arm-none-eabi/12.3.1/../../../../arm-none-eabi/lib/thumb/v7-m/nofp\libc_nano.a(libc_a-wctomb_r.o)
                0x08006508                __ascii_wctomb
 *fill*         0x08006522        0x2 
 .text.fprintf  0x08006524       0x24 C:/ST/STM32CubeIDE_1.16.1/STM32CubeIDE/plugins/com.st.stm32cube.ide.mcu.externaltools.gnu-tools-for-stm32.12.3.rel1.win32_1.0.200.202406191623/tools/bin/../lib/gcc/arm-none-eabi/12.3.1/../../../../arm-none-eabi/lib/thumb/v7-m/nofp\libc_nano.a(libc_a-fprintf.o)
                0x08006524                fiprintf
                0x08006524                fprintf
 .text.abort    0x08006548        0xe C:/ST/STM32CubeIDE_1.16.1/STM32CubeIDE/plugins/com.st.stm32cube.ide.mcu.externaltools.gnu-tools-for-stm32.12.3.rel1.win32_1.0.200.202406191623/tools/bin/../lib/gcc/arm-none-eabi/12.3.1/../../../../arm-none-eabi/lib/thumb/v7-m/nofp\libc_nano.a(libc_a-abort.o)
                0x08006548                abort
 .text.__sfputc_r
                0x08006556       0x2a C:/ST/STM32CubeIDE_1.16.1/STM32CubeIDE/plugins/com.st.stm32cube.ide.mcu.externaltools.gnu-tools-for-stm32.12.3.rel1.win32_1.0.200.202406191623/tools/bin/../lib/gcc/arm-none-eabi/12.3.1/../../../../arm-none-eabi/lib/thumb/v7-m/nofp\libc_nano.a(libc_a-nano-vfprintf.o)
 .text.__sfputs_r
                0x08006580       0x24 C:/ST/STM32CubeIDE_1.16.1/STM32CubeIDE/plugins/com.st.stm32cube.ide.mcu.externaltools.gnu-tools-for-stm32.12.3.rel1.win32_1.0.200.202406191623/tools/bin/../lib/gcc/arm-none-eabi/12.3.1/../../../../arm-none-eabi/lib/thumb/v7-m/nofp\libc_nano.a(libc_a-nano-vfprintf.o)
                0x08006580                __sfputs_r
 .text._vfprintf_r
                0x080065a4      0x230 C:/ST/STM32CubeIDE_1.16.1/STM32CubeIDE/plugins/com.st.stm32cube.ide.mcu.externaltools.gnu-tools-for-stm32.12.3.rel1.win32_1.0.200.202406191623/tools/bin/../lib/gcc/arm-none-eabi/12.3.1/../../../../arm-none-eabi/lib/thumb/v7-m/nofp\libc_nano.a(libc_a-nano-vfprintf.o)
                0x080065a4                _vfprintf_r
                0x080065a4                _vfiprintf_r
 .text.__swbuf_r
                0x080067d4       0x7c C:/ST/STM32CubeIDE_1.16.1/STM32CubeIDE/plugins/com.st.stm32cube.ide.mcu.externaltools.gnu-tools-for-stm32.12.3.rel1.win32_1.0.200.202406191623/tools/bin/../lib/gcc/arm-none-eabi/12.3.1/../../../../arm-none-eabi/lib/thumb/v7-m/nofp\libc_nano.a(libc_a-wbuf.o)
                0x080067d4                __swbuf_r
 .text.__swsetup_r
                0x08006850       0xac C:/ST/STM32CubeIDE_1.16.1/STM32CubeIDE/plugins/com.st.stm32cube.ide.mcu.externaltools.gnu-tools-for-stm32.12.3.rel1.win32_1.0.200.202406191623/tools/bin/../lib/gcc/arm-none-eabi/12.3.1/../../../../arm-none-eabi/lib/thumb/v7-m/nofp\libc_nano.a(libc_a-wsetup.o)
                0x08006850                __swsetup_r
 .text._raise_r
                0x080068fc       0x50 C:/ST/STM32CubeIDE_1.16.1/STM32CubeIDE/plugins/com.st.stm32cube.ide.mcu.externaltools.gnu-tools-for-stm32.12.3.rel1.win32_1.0.200.202406191623/tools/bin/../lib/gcc/arm-none-eabi/12.3.1/../../../../arm-none-eabi/lib/thumb/v7-m/nofp\libc_nano.a(libc_a-signal.o)
                0x080068fc                _raise_r
 .text.raise    0x0800694c       0x10 C:/ST/STM32CubeIDE_1.16.1/STM32CubeIDE/plugins/com.st.stm32cube.ide.mcu.externaltools.gnu-tools-for-stm32.12.3.rel1.win32_1.0.200.202406191623/tools/bin/../lib/gcc/arm-none-eabi/12.3.1/../../../../arm-none-eabi/lib/thumb/v7-m/nofp\libc_nano.a(libc_a-signal.o)
                0x0800694c                raise
 .text._kill_r  0x0800695c       0x24 C:/ST/STM32CubeIDE_1.16.1/STM32CubeIDE/plugins/com.st.stm32cube.ide.mcu.externaltools.gnu-tools-for-stm32.12.3.rel1.win32_1.0.200.202406191623/tools/bin/../lib/gcc/arm-none-eabi/12.3.1/../../../../arm-none-eabi/lib/thumb/v7-m/nofp\libc_nano.a(libc_a-signalr.o)
                0x0800695c                _kill_r
 .text._getpid_r
                0x08006980        0x4 C:/ST/STM32CubeIDE_1.16.1/STM32CubeIDE/plugins/com.st.stm32cube.ide.mcu.externaltools.gnu-tools-for-stm32.12.3.rel1.win32_1.0.200.202406191623/tools/bin/../lib/gcc/arm-none-eabi/12.3.1/../../../../arm-none-eabi/lib/thumb/v7-m/nofp\libc_nano.a(libc_a-signalr.o)
                0x08006980                _getpid_r
 .text.__swhatbuf_r
                0x08006984       0x4a C:/ST/STM32CubeIDE_1.16.1/STM32CubeIDE/plugins/com.st.stm32cube.ide.mcu.externaltools.gnu-tools-for-stm32.12.3.rel1.win32_1.0.200.202406191623/tools/bin/../lib/gcc/arm-none-eabi/12.3.1/../../../../arm-none-eabi/lib/thumb/v7-m/nofp\libc_nano.a(libc_a-makebuf.o)
                0x08006984                __swhatbuf_r
 .text.__smakebuf_r
                0x080069ce       0x78 C:/ST/STM32CubeIDE_1.16.1/STM32CubeIDE/plugins/com.st.stm32cube.ide.mcu.externaltools.gnu-tools-for-stm32.12.3.rel1.win32_1.0.200.202406191623/tools/bin/../lib/gcc/arm-none-eabi/12.3.1/../../../../arm-none-eabi/lib/thumb/v7-m/nofp\libc_nano.a(libc_a-makebuf.o)
                0x080069ce                __smakebuf_r
 *fill*         0x08006a46        0x2 
 .text._fstat_r
                0x08006a48       0x24 C:/ST/STM32CubeIDE_1.16.1/STM32CubeIDE/plugins/com.st.stm32cube.ide.mcu.externaltools.gnu-tools-for-stm32.12.3.rel1.win32_1.0.200.202406191623/tools/bin/../lib/gcc/arm-none-eabi/12.3.1/../../../../arm-none-eabi/lib/thumb/v7-m/nofp\libc_nano.a(libc_a-fstatr.o)
                0x08006a48                _fstat_r
 .text._isatty_r
                0x08006a6c       0x20 C:/ST/STM32CubeIDE_1.16.1/STM32CubeIDE/plugins/com.st.stm32cube.ide.mcu.externaltools.gnu-tools-for-stm32.12.3.rel1.win32_1.0.200.202406191623/tools/bin/../lib/gcc/arm-none-eabi/12.3.1/../../../../arm-none-eabi/lib/thumb/v7-m/nofp\libc_nano.a(libc_a-isattyr.o)
                0x08006a6c                _isatty_r
 *(.glue_7)
 .glue_7        0x08006a8c        0x0 linker stubs
 *(.glue_7t)
 .glue_7t       0x08006a8c        0x0 linker stubs
 *(.eh_frame)
 .eh_frame      0x08006a8c        0x0 C:/ST/STM32CubeIDE_1.16.1/STM32CubeIDE/plugins/com.st.stm32cube.ide.mcu.externaltools.gnu-tools-for-stm32.12.3.rel1.win32_1.0.200.202406191623/tools/bin/../lib/gcc/arm-none-eabi/12.3.1/thumb/v7-m/nofp/crtbegin.o
 *(.init)
 .init          0x08006a8c        0x4 C:/ST/STM32CubeIDE_1.16.1/STM32CubeIDE/plugins/com.st.stm32cube.ide.mcu.externaltools.gnu-tools-for-stm32.12.3.rel1.win32_1.0.200.202406191623/tools/bin/../lib/gcc/arm-none-eabi/12.3.1/thumb/v7-m/nofp/crti.o
                0x08006a8c                _init
 .init          0x08006a90        0x8 C:/ST/STM32CubeIDE_1.16.1/STM32CubeIDE/plugins/com.st.stm32cube.ide.mcu.externaltools.gnu-tools-for-stm32.12.3.rel1.win32_1.0.200.202406191623/tools/bin/../lib/gcc/arm-none-eabi/12.3.1/thumb/v7-m/nofp/crtn.o
 *(.fini)
 .fini          0x08006a98        0x4 C:/ST/STM32CubeIDE_1.16.1/STM32CubeIDE/plugins/com.st.stm32cube.ide.mcu.externaltools.gnu-tools-for-stm32.12.3.rel1.win32_1.0.200.202406191623/tools/bin/../lib/gcc/arm-none-eabi/12.3.1/thumb/v7-m/nofp/crti.o
                0x08006a98                _fini
 .fini          0x08006a9c        0x8 C:/ST/STM32CubeIDE_1.16.1/STM32CubeIDE/plugins/com.st.stm32cube.ide.mcu.externaltools.gnu-tools-for-stm32.12.3.rel1.win32_1.0.200.202406191623/tools/bin/../lib/gcc/arm-none-eabi/12.3.1/thumb/v7-m/nofp/crtn.o
                0x08006aa4                        . = ALIGN (0x4)
                0x08006aa4                        _etext = .

.vfp11_veneer   0x08006aa4        0x0
 .vfp11_veneer  0x08006aa4        0x0 linker stubs

.v4_bx          0x08006aa4        0x0
 .v4_bx         0x08006aa4        0x0 linker stubs

.iplt           0x08006aa4        0x0
 .iplt          0x08006aa4        0x0 C:/ST/STM32CubeIDE_1.16.1/STM32CubeIDE/plugins/com.st.stm32cube.ide.mcu.externaltools.gnu-tools-for-stm32.12.3.rel1.win32_1.0.200.202406191623/tools/bin/../lib/gcc/arm-none-eabi/12.3.1/thumb/v7-m/nofp/crtbegin.o

.rodata         0x08006aa8      0x4a8
                0x08006aa8                        . = ALIGN (0x4)
 *(.rodata)
 .rodata        0x08006aa8      0x10b ./APP/CMDLine/app_command.o
 *(.rodata*)
 *fill*         0x08006bb3        0x1 
 .rodata.CHANNEL_OFFSET_TAB
                0x08006bb4        0x7 ./BSP/DMA/dma.o
 *fill*         0x08006bbb        0x1 
 .rodata.CHANNEL_OFFSET_TAB
                0x08006bbc        0x7 ./Core/Src/main.o
 *fill*         0x08006bc3        0x1 
 .rodata.AHBPrescTable
                0x08006bc4       0x10 ./Core/Src/system_stm32f1xx.o
                0x08006bc4                AHBPrescTable
 .rodata.APBPrescTable
                0x08006bd4        0x8 ./Core/Src/system_stm32f1xx.o
                0x08006bd4                APBPrescTable
 .rodata._printf_float.str1.1
                0x08006bdc       0x12 C:/ST/STM32CubeIDE_1.16.1/STM32CubeIDE/plugins/com.st.stm32cube.ide.mcu.externaltools.gnu-tools-for-stm32.12.3.rel1.win32_1.0.200.202406191623/tools/bin/../lib/gcc/arm-none-eabi/12.3.1/../../../../arm-none-eabi/lib/thumb/v7-m/nofp\libc_nano.a(libc_a-nano-vfprintf_float.o)
 .rodata._printf_i.str1.1
                0x08006bee       0x22 C:/ST/STM32CubeIDE_1.16.1/STM32CubeIDE/plugins/com.st.stm32cube.ide.mcu.externaltools.gnu-tools-for-stm32.12.3.rel1.win32_1.0.200.202406191623/tools/bin/../lib/gcc/arm-none-eabi/12.3.1/../../../../arm-none-eabi/lib/thumb/v7-m/nofp\libc_nano.a(libc_a-nano-vfprintf_i.o)
 .rodata._dtoa_r.str1.1
                0x08006c10       0x8d C:/ST/STM32CubeIDE_1.16.1/STM32CubeIDE/plugins/com.st.stm32cube.ide.mcu.externaltools.gnu-tools-for-stm32.12.3.rel1.win32_1.0.200.202406191623/tools/bin/../lib/gcc/arm-none-eabi/12.3.1/../../../../arm-none-eabi/lib/thumb/v7-m/nofp\libc_nano.a(libc_a-dtoa.o)
                                 0x8f (size before relaxing)
 .rodata._Balloc.str1.1
                0x08006c9d       0x59 C:/ST/STM32CubeIDE_1.16.1/STM32CubeIDE/plugins/com.st.stm32cube.ide.mcu.externaltools.gnu-tools-for-stm32.12.3.rel1.win32_1.0.200.202406191623/tools/bin/../lib/gcc/arm-none-eabi/12.3.1/../../../../arm-none-eabi/lib/thumb/v7-m/nofp\libc_nano.a(libc_a-mprec.o)
                                 0x70 (size before relaxing)
 .rodata.__multadd.str1.1
                0x08006cf6       0x11 C:/ST/STM32CubeIDE_1.16.1/STM32CubeIDE/plugins/com.st.stm32cube.ide.mcu.externaltools.gnu-tools-for-stm32.12.3.rel1.win32_1.0.200.202406191623/tools/bin/../lib/gcc/arm-none-eabi/12.3.1/../../../../arm-none-eabi/lib/thumb/v7-m/nofp\libc_nano.a(libc_a-mprec.o)
 *fill*         0x08006cf6        0x2 
 .rodata.p05.0  0x08006cf8        0xc C:/ST/STM32CubeIDE_1.16.1/STM32CubeIDE/plugins/com.st.stm32cube.ide.mcu.externaltools.gnu-tools-for-stm32.12.3.rel1.win32_1.0.200.202406191623/tools/bin/../lib/gcc/arm-none-eabi/12.3.1/../../../../arm-none-eabi/lib/thumb/v7-m/nofp\libc_nano.a(libc_a-mprec.o)
 *fill*         0x08006d04        0x4 
 .rodata.__mprec_bigtens
                0x08006d08       0x28 C:/ST/STM32CubeIDE_1.16.1/STM32CubeIDE/plugins/com.st.stm32cube.ide.mcu.externaltools.gnu-tools-for-stm32.12.3.rel1.win32_1.0.200.202406191623/tools/bin/../lib/gcc/arm-none-eabi/12.3.1/../../../../arm-none-eabi/lib/thumb/v7-m/nofp\libc_nano.a(libc_a-mprec.o)
                0x08006d08                __mprec_bigtens
 .rodata.__mprec_tens
                0x08006d30       0xc8 C:/ST/STM32CubeIDE_1.16.1/STM32CubeIDE/plugins/com.st.stm32cube.ide.mcu.externaltools.gnu-tools-for-stm32.12.3.rel1.win32_1.0.200.202406191623/tools/bin/../lib/gcc/arm-none-eabi/12.3.1/../../../../arm-none-eabi/lib/thumb/v7-m/nofp\libc_nano.a(libc_a-mprec.o)
                0x08006d30                __mprec_tens
 .rodata._setlocale_r.str1.1
                0x08006df8        0x8 C:/ST/STM32CubeIDE_1.16.1/STM32CubeIDE/plugins/com.st.stm32cube.ide.mcu.externaltools.gnu-tools-for-stm32.12.3.rel1.win32_1.0.200.202406191623/tools/bin/../lib/gcc/arm-none-eabi/12.3.1/../../../../arm-none-eabi/lib/thumb/v7-m/nofp\libc_nano.a(libc_a-locale.o)
                                  0x9 (size before relaxing)
 .rodata.str1.1
                0x08006e00        0x2 C:/ST/STM32CubeIDE_1.16.1/STM32CubeIDE/plugins/com.st.stm32cube.ide.mcu.externaltools.gnu-tools-for-stm32.12.3.rel1.win32_1.0.200.202406191623/tools/bin/../lib/gcc/arm-none-eabi/12.3.1/../../../../arm-none-eabi/lib/thumb/v7-m/nofp\libc_nano.a(libc_a-locale.o)
 .rodata.__assert_func.str1.1
                0x08006e02       0x3c C:/ST/STM32CubeIDE_1.16.1/STM32CubeIDE/plugins/com.st.stm32cube.ide.mcu.externaltools.gnu-tools-for-stm32.12.3.rel1.win32_1.0.200.202406191623/tools/bin/../lib/gcc/arm-none-eabi/12.3.1/../../../../arm-none-eabi/lib/thumb/v7-m/nofp\libc_nano.a(libc_a-assert.o)
                                 0x3d (size before relaxing)
 .rodata._ctype_
                0x08006e3e      0x101 C:/ST/STM32CubeIDE_1.16.1/STM32CubeIDE/plugins/com.st.stm32cube.ide.mcu.externaltools.gnu-tools-for-stm32.12.3.rel1.win32_1.0.200.202406191623/tools/bin/../lib/gcc/arm-none-eabi/12.3.1/../../../../arm-none-eabi/lib/thumb/v7-m/nofp\libc_nano.a(libc_a-ctype_.o)
                0x08006e3e                _ctype_
 .rodata._vfprintf_r.str1.1
                0x08006f3f       0x11 C:/ST/STM32CubeIDE_1.16.1/STM32CubeIDE/plugins/com.st.stm32cube.ide.mcu.externaltools.gnu-tools-for-stm32.12.3.rel1.win32_1.0.200.202406191623/tools/bin/../lib/gcc/arm-none-eabi/12.3.1/../../../../arm-none-eabi/lib/thumb/v7-m/nofp\libc_nano.a(libc_a-nano-vfprintf.o)
                0x08006f50                        . = ALIGN (0x4)

.ARM.extab      0x08006f50        0x0
                0x08006f50                        . = ALIGN (0x4)
 *(.ARM.extab* .gnu.linkonce.armextab.*)
                0x08006f50                        . = ALIGN (0x4)

.ARM            0x08006f50        0x8
                0x08006f50                        . = ALIGN (0x4)
                0x08006f50                        __exidx_start = .
 *(.ARM.exidx*)
 .ARM.exidx     0x08006f50        0x8 C:/ST/STM32CubeIDE_1.16.1/STM32CubeIDE/plugins/com.st.stm32cube.ide.mcu.externaltools.gnu-tools-for-stm32.12.3.rel1.win32_1.0.200.202406191623/tools/bin/../lib/gcc/arm-none-eabi/12.3.1/../../../../arm-none-eabi/lib/thumb/v7-m/nofp\libc_nano.a(libc_a-strcmp.o)
 .ARM.exidx     0x08006f58        0x0 C:/ST/STM32CubeIDE_1.16.1/STM32CubeIDE/plugins/com.st.stm32cube.ide.mcu.externaltools.gnu-tools-for-stm32.12.3.rel1.win32_1.0.200.202406191623/tools/bin/../lib/gcc/arm-none-eabi/12.3.1/../../../../arm-none-eabi/lib/thumb/v7-m/nofp\libc_nano.a(libc_a-strlen.o)
                                  0x8 (size before relaxing)
                0x08006f58                        __exidx_end = .
                0x08006f58                        . = ALIGN (0x4)

.preinit_array  0x08006f58        0x0
                0x08006f58                        . = ALIGN (0x4)
                0x08006f58                        PROVIDE (__preinit_array_start = .)
 *(.preinit_array*)
                0x08006f58                        PROVIDE (__preinit_array_end = .)
                0x08006f58                        . = ALIGN (0x4)

.init_array     0x08006f58        0x4
                0x08006f58                        . = ALIGN (0x4)
                0x08006f58                        PROVIDE (__init_array_start = .)
 *(SORT_BY_NAME(.init_array.*))
 *(.init_array*)
 .init_array    0x08006f58        0x4 C:/ST/STM32CubeIDE_1.16.1/STM32CubeIDE/plugins/com.st.stm32cube.ide.mcu.externaltools.gnu-tools-for-stm32.12.3.rel1.win32_1.0.200.202406191623/tools/bin/../lib/gcc/arm-none-eabi/12.3.1/thumb/v7-m/nofp/crtbegin.o
                0x08006f5c                        PROVIDE (__init_array_end = .)
                0x08006f5c                        . = ALIGN (0x4)

.fini_array     0x08006f5c        0x4
                0x08006f5c                        . = ALIGN (0x4)
                [!provide]                        PROVIDE (__fini_array_start = .)
 *(SORT_BY_NAME(.fini_array.*))
 *(.fini_array*)
 .fini_array    0x08006f5c        0x4 C:/ST/STM32CubeIDE_1.16.1/STM32CubeIDE/plugins/com.st.stm32cube.ide.mcu.externaltools.gnu-tools-for-stm32.12.3.rel1.win32_1.0.200.202406191623/tools/bin/../lib/gcc/arm-none-eabi/12.3.1/thumb/v7-m/nofp/crtbegin.o
                [!provide]                        PROVIDE (__fini_array_end = .)
                0x08006f60                        . = ALIGN (0x4)
                0x08006f60                        _sidata = LOADADDR (.data)

.rel.dyn        0x08006f60        0x0
 .rel.iplt      0x08006f60        0x0 C:/ST/STM32CubeIDE_1.16.1/STM32CubeIDE/plugins/com.st.stm32cube.ide.mcu.externaltools.gnu-tools-for-stm32.12.3.rel1.win32_1.0.200.202406191623/tools/bin/../lib/gcc/arm-none-eabi/12.3.1/thumb/v7-m/nofp/crtbegin.o

.data           0x20000000      0x230 load address 0x08006f60
                0x20000000                        . = ALIGN (0x4)
                0x20000000                        _sdata = .
 *(.data)
 *(.data*)
 .data.ErrorCode
                0x20000000       0x18 ./APP/CMDLine/app_command.o
 .data.s_CommandTaskContext
                0x20000018       0x10 ./APP/CMDLine/app_command.o
 .data.g_psCmdTable
                0x20000028        0xc ./APP/CMDLine/app_command.o
                0x20000028                g_psCmdTable
 .data.s_ControlTaskContext
                0x20000034       0x10 ./APP/Calculator_PF/app_calculator_PF.o
 .data.s_ControlTaskContext
                0x20000044       0x10 ./APP/Data_Transmission/app_data_transmission.o
 .data.s_ControlTaskContext
                0x20000054       0x10 ./APP/Read_Peek_Voltage_Current/app_read_data.o
 .data.SystemCoreClock
                0x20000064        0x4 ./Core/Src/system_stm32f1xx.o
                0x20000064                SystemCoreClock
 .data.__sglue  0x20000068        0xc C:/ST/STM32CubeIDE_1.16.1/STM32CubeIDE/plugins/com.st.stm32cube.ide.mcu.externaltools.gnu-tools-for-stm32.12.3.rel1.win32_1.0.200.202406191623/tools/bin/../lib/gcc/arm-none-eabi/12.3.1/../../../../arm-none-eabi/lib/thumb/v7-m/nofp\libc_nano.a(libc_a-findfp.o)
                0x20000068                __sglue
 .data._impure_ptr
                0x20000074        0x4 C:/ST/STM32CubeIDE_1.16.1/STM32CubeIDE/plugins/com.st.stm32cube.ide.mcu.externaltools.gnu-tools-for-stm32.12.3.rel1.win32_1.0.200.202406191623/tools/bin/../lib/gcc/arm-none-eabi/12.3.1/../../../../arm-none-eabi/lib/thumb/v7-m/nofp\libc_nano.a(libc_a-impure.o)
                0x20000074                _impure_ptr
 .data._impure_data
                0x20000078       0x4c C:/ST/STM32CubeIDE_1.16.1/STM32CubeIDE/plugins/com.st.stm32cube.ide.mcu.externaltools.gnu-tools-for-stm32.12.3.rel1.win32_1.0.200.202406191623/tools/bin/../lib/gcc/arm-none-eabi/12.3.1/../../../../arm-none-eabi/lib/thumb/v7-m/nofp\libc_nano.a(libc_a-impure.o)
                0x20000078                _impure_data
 .data.__global_locale
                0x200000c4      0x16c C:/ST/STM32CubeIDE_1.16.1/STM32CubeIDE/plugins/com.st.stm32cube.ide.mcu.externaltools.gnu-tools-for-stm32.12.3.rel1.win32_1.0.200.202406191623/tools/bin/../lib/gcc/arm-none-eabi/12.3.1/../../../../arm-none-eabi/lib/thumb/v7-m/nofp\libc_nano.a(libc_a-locale.o)
                0x200000c4                __global_locale
 *(.RamFunc)
 *(.RamFunc*)
                0x20000230                        . = ALIGN (0x4)
                0x20000230                        _edata = .

.igot.plt       0x20000230        0x0 load address 0x08007190
 .igot.plt      0x20000230        0x0 C:/ST/STM32CubeIDE_1.16.1/STM32CubeIDE/plugins/com.st.stm32cube.ide.mcu.externaltools.gnu-tools-for-stm32.12.3.rel1.win32_1.0.200.202406191623/tools/bin/../lib/gcc/arm-none-eabi/12.3.1/thumb/v7-m/nofp/crtbegin.o
                0x20000230                        . = ALIGN (0x4)

.bss            0x20000230      0x57c load address 0x08007190
                0x20000230                        _sbss = .
                0x20000230                        __bss_start__ = _sbss
 *(.bss)
 .bss           0x20000230       0x1c C:/ST/STM32CubeIDE_1.16.1/STM32CubeIDE/plugins/com.st.stm32cube.ide.mcu.externaltools.gnu-tools-for-stm32.12.3.rel1.win32_1.0.200.202406191623/tools/bin/../lib/gcc/arm-none-eabi/12.3.1/thumb/v7-m/nofp/crtbegin.o
 *(.bss*)
 .bss.g_ppcArgv
                0x2000024c       0x24 ./APP/CMDLine/app_cmdline.o
 .bss.s_commandBuffer
                0x20000270       0xff ./APP/CMDLine/app_command.o
 .bss.s_commandBufferIndex
                0x2000036f        0x1 ./APP/CMDLine/app_command.o
 .bss.uart_cfg_cml
                0x20000370        0x4 ./APP/CMDLine/app_command.o
 .bss.s_calculator_pf
                0x20000374        0xc ./APP/Calculator_PF/app_calculator_PF.o
 .bss.s_data_system
                0x20000380      0x280 ./APP/Data/app_data.o
                0x20000380                s_data_system
 .bss.s_data_trans
                0x20000600       0x24 ./APP/Data_Transmission/app_data_transmission.o
 .bss.s_read_data
                0x20000624       0x18 ./APP/Read_Peek_Voltage_Current/app_read_data.o
 .bss.u32_adc_timeout
                0x2000063c        0x4 ./BSP/ADC/adc.o
 .bss.u32_uart_timeout
                0x20000640        0x4 ./BSP/UART/uart.o
 .bss.status    0x20000644        0x1 ./Core/Src/stm32f1xx_it.o
 *fill*         0x20000645        0x3 
 .bss.__sbrk_heap_end
                0x20000648        0x4 ./Core/Src/sysmem.o
 .bss.s_TaskContext
                0x2000064c        0x0 ./Scheduler/scheduler.o
 .bss.s_NumOfTaskScheduled
                0x2000064c        0x1 ./Scheduler/scheduler.o
 *fill*         0x2000064d        0x3 
 .bss.s_TimerContext
                0x20000650        0x0 ./Scheduler/scheduler.o
 .bss.s_NumOfTimers
                0x20000650        0x1 ./Scheduler/scheduler.o
 *fill*         0x20000651        0x3 
 .bss.s_SystemTick
                0x20000654        0x4 ./Scheduler/scheduler.o
                0x20000654                s_SystemTick
 .bss.s_SoftTimers
                0x20000658        0x8 ./Scheduler/scheduler.o
                0x20000658                s_SoftTimers
 .bss.__sf      0x20000660      0x138 C:/ST/STM32CubeIDE_1.16.1/STM32CubeIDE/plugins/com.st.stm32cube.ide.mcu.externaltools.gnu-tools-for-stm32.12.3.rel1.win32_1.0.200.202406191623/tools/bin/../lib/gcc/arm-none-eabi/12.3.1/../../../../arm-none-eabi/lib/thumb/v7-m/nofp\libc_nano.a(libc_a-findfp.o)
                0x20000660                __sf
 .bss.__stdio_exit_handler
                0x20000798        0x4 C:/ST/STM32CubeIDE_1.16.1/STM32CubeIDE/plugins/com.st.stm32cube.ide.mcu.externaltools.gnu-tools-for-stm32.12.3.rel1.win32_1.0.200.202406191623/tools/bin/../lib/gcc/arm-none-eabi/12.3.1/../../../../arm-none-eabi/lib/thumb/v7-m/nofp\libc_nano.a(libc_a-findfp.o)
                0x20000798                __stdio_exit_handler
 .bss.errno     0x2000079c        0x4 C:/ST/STM32CubeIDE_1.16.1/STM32CubeIDE/plugins/com.st.stm32cube.ide.mcu.externaltools.gnu-tools-for-stm32.12.3.rel1.win32_1.0.200.202406191623/tools/bin/../lib/gcc/arm-none-eabi/12.3.1/../../../../arm-none-eabi/lib/thumb/v7-m/nofp\libc_nano.a(libc_a-reent.o)
                0x2000079c                errno
 .bss.__lock___malloc_recursive_mutex
                0x200007a0        0x1 C:/ST/STM32CubeIDE_1.16.1/STM32CubeIDE/plugins/com.st.stm32cube.ide.mcu.externaltools.gnu-tools-for-stm32.12.3.rel1.win32_1.0.200.202406191623/tools/bin/../lib/gcc/arm-none-eabi/12.3.1/../../../../arm-none-eabi/lib/thumb/v7-m/nofp\libc_nano.a(libc_a-lock.o)
                0x200007a0                __lock___malloc_recursive_mutex
 .bss.__lock___sfp_recursive_mutex
                0x200007a1        0x1 C:/ST/STM32CubeIDE_1.16.1/STM32CubeIDE/plugins/com.st.stm32cube.ide.mcu.externaltools.gnu-tools-for-stm32.12.3.rel1.win32_1.0.200.202406191623/tools/bin/../lib/gcc/arm-none-eabi/12.3.1/../../../../arm-none-eabi/lib/thumb/v7-m/nofp\libc_nano.a(libc_a-lock.o)
                0x200007a1                __lock___sfp_recursive_mutex
 *fill*         0x200007a2        0x2 
 .bss.__malloc_sbrk_start
                0x200007a4        0x4 C:/ST/STM32CubeIDE_1.16.1/STM32CubeIDE/plugins/com.st.stm32cube.ide.mcu.externaltools.gnu-tools-for-stm32.12.3.rel1.win32_1.0.200.202406191623/tools/bin/../lib/gcc/arm-none-eabi/12.3.1/../../../../arm-none-eabi/lib/thumb/v7-m/nofp\libc_nano.a(libc_a-mallocr.o)
                0x200007a4                __malloc_sbrk_start
 .bss.__malloc_free_list
                0x200007a8        0x4 C:/ST/STM32CubeIDE_1.16.1/STM32CubeIDE/plugins/com.st.stm32cube.ide.mcu.externaltools.gnu-tools-for-stm32.12.3.rel1.win32_1.0.200.202406191623/tools/bin/../lib/gcc/arm-none-eabi/12.3.1/../../../../arm-none-eabi/lib/thumb/v7-m/nofp\libc_nano.a(libc_a-mallocr.o)
                0x200007a8                __malloc_free_list
 *(COMMON)
                0x200007ac                        . = ALIGN (0x4)
                0x200007ac                        _ebss = .
                0x200007ac                        __bss_end__ = _ebss

._user_heap_stack
                0x200007ac      0x604 load address 0x08007190
                0x200007b0                        . = ALIGN (0x8)
 *fill*         0x200007ac        0x4 
                [!provide]                        PROVIDE (end = .)
                0x200007b0                        PROVIDE (_end = .)
                0x200009b0                        . = (. + _Min_Heap_Size)
 *fill*         0x200007b0      0x200 
                0x20000db0                        . = (. + _Min_Stack_Size)
 *fill*         0x200009b0      0x400 
                0x20000db0                        . = ALIGN (0x8)

/DISCARD/
 libc.a(*)
 libm.a(*)
 libgcc.a(*)

.ARM.attributes
                0x00000000       0x29
 *(.ARM.attributes)
 .ARM.attributes
                0x00000000       0x1d C:/ST/STM32CubeIDE_1.16.1/STM32CubeIDE/plugins/com.st.stm32cube.ide.mcu.externaltools.gnu-tools-for-stm32.12.3.rel1.win32_1.0.200.202406191623/tools/bin/../lib/gcc/arm-none-eabi/12.3.1/thumb/v7-m/nofp/crti.o
 .ARM.attributes
                0x0000001d       0x2d C:/ST/STM32CubeIDE_1.16.1/STM32CubeIDE/plugins/com.st.stm32cube.ide.mcu.externaltools.gnu-tools-for-stm32.12.3.rel1.win32_1.0.200.202406191623/tools/bin/../lib/gcc/arm-none-eabi/12.3.1/thumb/v7-m/nofp/crtbegin.o
 .ARM.attributes
                0x0000004a       0x2d ./APP/CMDLine/app_cmdline.o
 .ARM.attributes
                0x00000077       0x2d ./APP/CMDLine/app_command.o
 .ARM.attributes
                0x000000a4       0x2d ./APP/Calculator_PF/app_calculator_PF.o
 .ARM.attributes
                0x000000d1       0x2d ./APP/Data/app_data.o
 .ARM.attributes
                0x000000fe       0x2d ./APP/Data_Transmission/app_data_transmission.o
 .ARM.attributes
                0x0000012b       0x2d ./APP/Read_Peek_Voltage_Current/app_read_data.o
 .ARM.attributes
                0x00000158       0x2d ./BSP/ADC/adc.o
 .ARM.attributes
                0x00000185       0x2d ./BSP/DMA/dma.o
 .ARM.attributes
                0x000001b2       0x2d ./BSP/SYSTICK/systick.o
 .ARM.attributes
                0x000001df       0x2d ./BSP/UART/uart.o
 .ARM.attributes
                0x0000020c       0x2d ./Core/Src/main.o
 .ARM.attributes
                0x00000239       0x2d ./Core/Src/stm32f1xx_it.o
 .ARM.attributes
                0x00000266       0x2d ./Core/Src/syscalls.o
 .ARM.attributes
                0x00000293       0x2d ./Core/Src/sysmem.o
 .ARM.attributes
                0x000002c0       0x2d ./Core/Src/system_stm32f1xx.o
 .ARM.attributes
                0x000002ed       0x21 ./Core/Startup/startup_stm32f103c8tx.o
 .ARM.attributes
                0x0000030e       0x2d ./Drivers/STM32F1xx_HAL_Driver/Src/stm32f1xx_ll_adc.o
 .ARM.attributes
                0x0000033b       0x2d ./Drivers/STM32F1xx_HAL_Driver/Src/stm32f1xx_ll_exti.o
 .ARM.attributes
                0x00000368       0x2d ./Drivers/STM32F1xx_HAL_Driver/Src/stm32f1xx_ll_gpio.o
 .ARM.attributes
                0x00000395       0x2d ./Drivers/STM32F1xx_HAL_Driver/Src/stm32f1xx_ll_rcc.o
 .ARM.attributes
                0x000003c2       0x2d ./Drivers/STM32F1xx_HAL_Driver/Src/stm32f1xx_ll_tim.o
 .ARM.attributes
                0x000003ef       0x2d ./Drivers/STM32F1xx_HAL_Driver/Src/stm32f1xx_ll_usart.o
 .ARM.attributes
                0x0000041c       0x2d ./Drivers/STM32F1xx_HAL_Driver/Src/stm32f1xx_ll_utils.o
 .ARM.attributes
                0x00000449       0x2d ./Middleware/Ring_Buffer/ring_buffer.o
 .ARM.attributes
                0x00000476       0x2d ./Scheduler/scheduler.o
 .ARM.attributes
                0x000004a3       0x2d C:/ST/STM32CubeIDE_1.16.1/STM32CubeIDE/plugins/com.st.stm32cube.ide.mcu.externaltools.gnu-tools-for-stm32.12.3.rel1.win32_1.0.200.202406191623/tools/bin/../lib/gcc/arm-none-eabi/12.3.1/../../../../arm-none-eabi/lib/thumb/v7-m/nofp\libc_nano.a(libc_a-nano-vfprintf_float.o)
 .ARM.attributes
                0x000004d0       0x2d C:/ST/STM32CubeIDE_1.16.1/STM32CubeIDE/plugins/com.st.stm32cube.ide.mcu.externaltools.gnu-tools-for-stm32.12.3.rel1.win32_1.0.200.202406191623/tools/bin/../lib/gcc/arm-none-eabi/12.3.1/../../../../arm-none-eabi/lib/thumb/v7-m/nofp\libc_nano.a(libc_a-nano-vfprintf_i.o)
 .ARM.attributes
                0x000004fd       0x2d C:/ST/STM32CubeIDE_1.16.1/STM32CubeIDE/plugins/com.st.stm32cube.ide.mcu.externaltools.gnu-tools-for-stm32.12.3.rel1.win32_1.0.200.202406191623/tools/bin/../lib/gcc/arm-none-eabi/12.3.1/../../../../arm-none-eabi/lib/thumb/v7-m/nofp\libc_nano.a(libc_a-findfp.o)
 .ARM.attributes
                0x0000052a       0x2d C:/ST/STM32CubeIDE_1.16.1/STM32CubeIDE/plugins/com.st.stm32cube.ide.mcu.externaltools.gnu-tools-for-stm32.12.3.rel1.win32_1.0.200.202406191623/tools/bin/../lib/gcc/arm-none-eabi/12.3.1/../../../../arm-none-eabi/lib/thumb/v7-m/nofp\libc_nano.a(libc_a-fwalk.o)
 .ARM.attributes
                0x00000557       0x2d C:/ST/STM32CubeIDE_1.16.1/STM32CubeIDE/plugins/com.st.stm32cube.ide.mcu.externaltools.gnu-tools-for-stm32.12.3.rel1.win32_1.0.200.202406191623/tools/bin/../lib/gcc/arm-none-eabi/12.3.1/../../../../arm-none-eabi/lib/thumb/v7-m/nofp\libc_nano.a(libc_a-stdio.o)
 .ARM.attributes
                0x00000584       0x2d C:/ST/STM32CubeIDE_1.16.1/STM32CubeIDE/plugins/com.st.stm32cube.ide.mcu.externaltools.gnu-tools-for-stm32.12.3.rel1.win32_1.0.200.202406191623/tools/bin/../lib/gcc/arm-none-eabi/12.3.1/../../../../arm-none-eabi/lib/thumb/v7-m/nofp\libc_nano.a(libc_a-memset.o)
 .ARM.attributes
                0x000005b1       0x2d C:/ST/STM32CubeIDE_1.16.1/STM32CubeIDE/plugins/com.st.stm32cube.ide.mcu.externaltools.gnu-tools-for-stm32.12.3.rel1.win32_1.0.200.202406191623/tools/bin/../lib/gcc/arm-none-eabi/12.3.1/../../../../arm-none-eabi/lib/thumb/v7-m/nofp\libc_nano.a(libc_a-localeconv.o)
 .ARM.attributes
                0x000005de       0x2d C:/ST/STM32CubeIDE_1.16.1/STM32CubeIDE/plugins/com.st.stm32cube.ide.mcu.externaltools.gnu-tools-for-stm32.12.3.rel1.win32_1.0.200.202406191623/tools/bin/../lib/gcc/arm-none-eabi/12.3.1/../../../../arm-none-eabi/lib/thumb/v7-m/nofp\libc_nano.a(libc_a-closer.o)
 .ARM.attributes
                0x0000060b       0x2d C:/ST/STM32CubeIDE_1.16.1/STM32CubeIDE/plugins/com.st.stm32cube.ide.mcu.externaltools.gnu-tools-for-stm32.12.3.rel1.win32_1.0.200.202406191623/tools/bin/../lib/gcc/arm-none-eabi/12.3.1/../../../../arm-none-eabi/lib/thumb/v7-m/nofp\libc_nano.a(libc_a-reent.o)
 .ARM.attributes
                0x00000638       0x2d C:/ST/STM32CubeIDE_1.16.1/STM32CubeIDE/plugins/com.st.stm32cube.ide.mcu.externaltools.gnu-tools-for-stm32.12.3.rel1.win32_1.0.200.202406191623/tools/bin/../lib/gcc/arm-none-eabi/12.3.1/../../../../arm-none-eabi/lib/thumb/v7-m/nofp\libc_nano.a(libc_a-impure.o)
 .ARM.attributes
                0x00000665       0x2d C:/ST/STM32CubeIDE_1.16.1/STM32CubeIDE/plugins/com.st.stm32cube.ide.mcu.externaltools.gnu-tools-for-stm32.12.3.rel1.win32_1.0.200.202406191623/tools/bin/../lib/gcc/arm-none-eabi/12.3.1/../../../../arm-none-eabi/lib/thumb/v7-m/nofp\libc_nano.a(libc_a-lseekr.o)
 .ARM.attributes
                0x00000692       0x2d C:/ST/STM32CubeIDE_1.16.1/STM32CubeIDE/plugins/com.st.stm32cube.ide.mcu.externaltools.gnu-tools-for-stm32.12.3.rel1.win32_1.0.200.202406191623/tools/bin/../lib/gcc/arm-none-eabi/12.3.1/../../../../arm-none-eabi/lib/thumb/v7-m/nofp\libc_nano.a(libc_a-readr.o)
 .ARM.attributes
                0x000006bf       0x2d C:/ST/STM32CubeIDE_1.16.1/STM32CubeIDE/plugins/com.st.stm32cube.ide.mcu.externaltools.gnu-tools-for-stm32.12.3.rel1.win32_1.0.200.202406191623/tools/bin/../lib/gcc/arm-none-eabi/12.3.1/../../../../arm-none-eabi/lib/thumb/v7-m/nofp\libc_nano.a(libc_a-writer.o)
 .ARM.attributes
                0x000006ec       0x2d C:/ST/STM32CubeIDE_1.16.1/STM32CubeIDE/plugins/com.st.stm32cube.ide.mcu.externaltools.gnu-tools-for-stm32.12.3.rel1.win32_1.0.200.202406191623/tools/bin/../lib/gcc/arm-none-eabi/12.3.1/../../../../arm-none-eabi/lib/thumb/v7-m/nofp\libc_nano.a(libc_a-errno.o)
 .ARM.attributes
                0x00000719       0x2d C:/ST/STM32CubeIDE_1.16.1/STM32CubeIDE/plugins/com.st.stm32cube.ide.mcu.externaltools.gnu-tools-for-stm32.12.3.rel1.win32_1.0.200.202406191623/tools/bin/../lib/gcc/arm-none-eabi/12.3.1/../../../../arm-none-eabi/lib/thumb/v7-m/nofp\libc_nano.a(libc_a-init.o)
 .ARM.attributes
                0x00000746       0x2d C:/ST/STM32CubeIDE_1.16.1/STM32CubeIDE/plugins/com.st.stm32cube.ide.mcu.externaltools.gnu-tools-for-stm32.12.3.rel1.win32_1.0.200.202406191623/tools/bin/../lib/gcc/arm-none-eabi/12.3.1/../../../../arm-none-eabi/lib/thumb/v7-m/nofp\libc_nano.a(libc_a-lock.o)
 .ARM.attributes
                0x00000773       0x1b C:/ST/STM32CubeIDE_1.16.1/STM32CubeIDE/plugins/com.st.stm32cube.ide.mcu.externaltools.gnu-tools-for-stm32.12.3.rel1.win32_1.0.200.202406191623/tools/bin/../lib/gcc/arm-none-eabi/12.3.1/../../../../arm-none-eabi/lib/thumb/v7-m/nofp\libc_nano.a(libc_a-strcmp.o)
 .ARM.attributes
                0x0000078e       0x2d C:/ST/STM32CubeIDE_1.16.1/STM32CubeIDE/plugins/com.st.stm32cube.ide.mcu.externaltools.gnu-tools-for-stm32.12.3.rel1.win32_1.0.200.202406191623/tools/bin/../lib/gcc/arm-none-eabi/12.3.1/../../../../arm-none-eabi/lib/thumb/v7-m/nofp\libc_nano.a(libc_a-memchr-stub.o)
 .ARM.attributes
                0x000007bb       0x17 C:/ST/STM32CubeIDE_1.16.1/STM32CubeIDE/plugins/com.st.stm32cube.ide.mcu.externaltools.gnu-tools-for-stm32.12.3.rel1.win32_1.0.200.202406191623/tools/bin/../lib/gcc/arm-none-eabi/12.3.1/../../../../arm-none-eabi/lib/thumb/v7-m/nofp\libc_nano.a(libc_a-strlen.o)
 .ARM.attributes
                0x000007d2       0x2d C:/ST/STM32CubeIDE_1.16.1/STM32CubeIDE/plugins/com.st.stm32cube.ide.mcu.externaltools.gnu-tools-for-stm32.12.3.rel1.win32_1.0.200.202406191623/tools/bin/../lib/gcc/arm-none-eabi/12.3.1/../../../../arm-none-eabi/lib/thumb/v7-m/nofp\libc_nano.a(libc_a-dtoa.o)
 .ARM.attributes
                0x000007ff       0x2d C:/ST/STM32CubeIDE_1.16.1/STM32CubeIDE/plugins/com.st.stm32cube.ide.mcu.externaltools.gnu-tools-for-stm32.12.3.rel1.win32_1.0.200.202406191623/tools/bin/../lib/gcc/arm-none-eabi/12.3.1/../../../../arm-none-eabi/lib/thumb/v7-m/nofp\libc_nano.a(libc_a-freer.o)
 .ARM.attributes