../BSP/GPIO/gpio.h:48:22:BSP_GPIO_SetState	24	static
../APP/Read_Peek_Voltage_Current/app_read_data.c:82:1:APP_READ_DATA_CreateTask	8	static
../APP/Read_Peek_Voltage_Current/app_read_data.c:92:1:APP_READ_DATA_Init	8	static
../APP/Read_Peek_Voltage_Current/app_read_data.c:110:1:APP_READ_DATA_HandleDMA_IRQ	16	static
../APP/Read_Peek_Voltage_Current/app_read_data.c:142:1:APP_READ_DATA_TaskUpdate	16	static
../APP/Read_Peek_Voltage_Current/app_read_data.c:201:1:APP_READ_DATA_ConvertVoltage	32	static
../APP/Read_Peek_Voltage_Current/app_read_data.c:211:1:APP_READ_DATA_ConvertCurrent	32	static
