../Drivers/STM32F1xx_HAL_Driver/Inc/stm32f1xx_ll_gpio.h:832:22:LL_GPIO_ResetOutputPin	16	static
../BSP/GPIO/gpio.h:62:22:BSP_GPIO_Toggle	24	static
../APP/Status_Led/app_status_led.c:93:1:APP_STATUS_LED_Init	8	static
../APP/Status_Led/app_status_led.c:108:1:APP_STATUS_LED_CreateTimer	8	static
../APP/Status_Led/app_status_led.c:120:1:APP_STATUS_LED_CreateTask	8	static
../APP/Status_Led/app_status_led.c:131:1:APP_STATUS_LED_TaskUpdate	8	static
../APP/Status_Led/app_status_led.c:146:1:APP_STATUS_LED_100MS_TimerUpdate	8	static
../APP/Status_Led/app_status_led.c:152:1:APP_STATUS_LED_500MS_TimerUpdate	8	static
