../Drivers/STM32F1xx_HAL_Driver/Inc/stm32f1xx_ll_gpio.h:803:22:LL_GPIO_SetOutputPin	16	static
../BSP/GPIO/gpio.h:48:22:BSP_GPIO_SetState	24	static
../APP/Led_7_Seg/app_led_7seg.c:111:1:APP_LED_7_SEG_Init	8	static
../APP/Led_7_Seg/app_led_7seg.c:165:1:APP_LED_7_SEG_CreateTask	8	static
../APP/Led_7_Seg/app_led_7seg.c:176:1:APP_LED_7SEG_TaskUpdate	40	static
../APP/Led_7_Seg/app_led_7seg.c:305:1:APP_LED_7SEG_DisplayLed	24	static
../APP/Led_7_Seg/app_led_7seg.c:316:1:APP_LED_7SEG_ScanLed	16	static
../APP/Led_7_Seg/app_led_7seg.c:334:1:APP_LED_7_SEG_Pow	24	static
