12:27:55 **** Incremental Build of configuration Debug for project Test_Multi_Channel_ADC ****
make -j16 all 
arm-none-eabi-gcc "../Core/Src/main.c" -mcpu=cortex-m3 -std=gnu11 -g3 -DDEBUG -DUSE_HAL_DRIVER -DSTM32F103xB -c -I../Core/Inc -I../Drivers/STM32F1xx_HAL_Driver/Inc/Legacy -I../Drivers/STM32F1xx_HAL_Driver/Inc -I../Drivers/CMSIS/Device/ST/STM32F1xx/Include -I../Drivers/CMSIS/Include -O0 -ffunction-sections -fdata-sections -Wall -fstack-usage -fcyclomatic-complexity -MMD -MP -MF"Core/Src/main.d" -MT"Core/Src/main.o" --specs=nano.specs -mfloat-abi=soft -mthumb -o "Core/Src/main.o"
arm-none-eabi-gcc -o "Test_Multi_Channel_ADC.elf" @"objects.list"   -mcpu=cortex-m3 -T"D:\Github\MEASURE-POWER-AC\Test\Test_MultiChannel_ADC\STM32F103C8TX_FLASH.ld" --specs=nosys.specs -Wl,-Map="Test_Multi_Channel_ADC.map" -Wl,--gc-sections -static --specs=nano.specs -mfloat-abi=soft -mthumb -Wl,--start-group -lc -lm -Wl,--end-group
Finished building target: Test_Multi_Channel_ADC.elf
 
arm-none-eabi-size  Test_Multi_Channel_ADC.elf 
arm-none-eabi-objdump -h -S Test_Multi_Channel_ADC.elf  > "Test_Multi_Channel_ADC.list"
   text	   data	    bss	    dec	    hex	filename
  11304	     12	   1836	  13152	   3360	Test_Multi_Channel_ADC.elf
Finished building: default.size.stdout
 
Finished building: Test_Multi_Channel_ADC.list
 
12:28:56 **** Incremental Build of configuration Debug for project Test_Multi_Channel_ADC ****
make -j16 all 
arm-none-eabi-size  Test_Multi_Channel_ADC.elf 
   text	   data	    bss	    dec	    hex	filename
  11304	     12	   1836	  13152	   3360	Test_Multi_Channel_ADC.elf
Finished building: default.size.stdout
 
12:29:36 **** Incremental Build of configuration Debug for project Test_Multi_Channel_ADC ****
make -j16 all 
arm-none-eabi-size  Test_Multi_Channel_ADC.elf 
   text	   data	    bss	    dec	    hex	filename
  11304	     12	   1836	  13152	   3360	Test_Multi_Channel_ADC.elf
Finished building: default.size.stdout
 
12:43:15 **** Incremental Build of configuration Debug for project Test_Multi_Channel_ADC ****
make -j16 all 
arm-none-eabi-size  Test_Multi_Channel_ADC.elf 
   text	   data	    bss	    dec	    hex	filename
  11304	     12	   1836	  13152	   3360	Test_Multi_Channel_ADC.elf
Finished building: default.size.stdout
 
