../Drivers/STM32F1xx_HAL_Driver/Inc/stm32f1xx_ll_exti.h:774:26:LL_EXTI_IsActiveFlag_0_31	16	static
../Drivers/STM32F1xx_HAL_Driver/Inc/stm32f1xx_ll_exti.h:842:22:LL_EXTI_ClearFlag_0_31	16	static
../Drivers/STM32F1xx_HAL_Driver/Inc/stm32f1xx_ll_tim.h:1054:22:LL_TIM_EnableCounter	16	static
../Drivers/STM32F1xx_HAL_Driver/Inc/stm32f1xx_ll_tim.h:1065:22:LL_TIM_DisableCounter	16	static
../Drivers/STM32F1xx_HAL_Driver/Inc/stm32f1xx_ll_tim.h:1076:26:LL_TIM_IsEnabledCounter	16	static
../Drivers/STM32F1xx_HAL_Driver/Inc/stm32f1xx_ll_tim.h:1305:22:LL_TIM_SetCounter	16	static
../Drivers/STM32F1xx_HAL_Driver/Inc/stm32f1xx_ll_tim.h:1316:26:LL_TIM_GetCounter	16	static
../APP/Calculator_PF/app_calculator_PF.c:72:1:APP_CALCULATOR_PF_CreateTask	8	static
../APP/Calculator_PF/app_calculator_PF.c:82:1:APP_CALCULATOR_PF_Init	8	static
../APP/Calculator_PF/app_calculator_PF.c:98:1:APP_CALCULATOR_PF_EXTI_IRQHandler	8	static
../APP/Calculator_PF/app_calculator_PF.c:152:1:APP_CALCULATOR_PF_TaskUpdate	8	static
